Archive member included because of file (symbol)

/cygdrive/g/MyGitRepository/V2_2018/files/code/mulan2_platform/lib/lib81315-sae-loader.a(sys_srv.o)
                              (mlx_pltf_version)
/cygdrive/g/MyGitRepository/V2_2018/files/code/mulan2_platform/lib/lib81315-sae-loader.a(prestart.o)
                              obj/vectors.o (__prestart)
/cygdrive/g/MyGitRepository/V2_2018/files/code/mulan2_platform/lib/lib81315-sae-loader.a(lib_mlx813xx_bist.o)
                              /cygdrive/g/MyGitRepository/V2_2018/files/code/mulan2_platform/lib/lib81315-sae-loader.a(prestart.o) (_bistHeader)
/cygdrive/g/MyGitRepository/V2_2018/files/code/mulan2_platform/lib/lib81315-sae-loader.a(nvram.o)
                              /cygdrive/g/MyGitRepository/V2_2018/files/code/mulan2_platform/lib/lib81315-sae-loader.a(prestart.o) (_NVRAM_LoadAll)
/cygdrive/g/MyGitRepository/V2_2018/files/code/mulan2_platform/lib/lib81315-sae-loader.a(mlx4_prog.o)
                              (mlx4_prog)
/cygdrive/g/MyGitRepository/V2_2018/files/code/mulan2_platform/lib/lib81315-sae-loader.a(api.o)
                              obj/mlu30.o (_ml_DiscardFrame)
/cygdrive/g/MyGitRepository/V2_2018/files/code/mulan2_platform/lib/lib81315-sae-loader.a(lin.o)
                              /cygdrive/g/MyGitRepository/V2_2018/files/code/mulan2_platform/lib/lib81315-sae-loader.a(api.o) (_LinFrameDataBuffer)
/cygdrive/g/MyGitRepository/V2_2018/files/code/mulan2_platform/lib/lib81315-sae-loader.a(flashupload.o)
                              /cygdrive/g/MyGitRepository/V2_2018/files/code/mulan2_platform/lib/lib81315-sae-loader.a(lin.o) (_ldr_isReadByIdMessage)
/cygdrive/g/MyGitRepository/V2_2018/files/code/mulan2_platform/lib/lib81315-sae-loader.a(loader_get_state.o)
                              /cygdrive/g/MyGitRepository/V2_2018/files/code/mulan2_platform/lib/lib81315-sae-loader.a(prestart.o) (_LDR_GetState)
/cygdrive/g/MyGitRepository/V2_2018/files/code/mulan2_platform/lib/lib81315-sae-loader.a(flashfunctions_c_cmp.o)
                              /cygdrive/g/MyGitRepository/V2_2018/files/code/mulan2_platform/lib/lib81315-sae-loader.a(flashupload.o) (_Flash_InitDriver)
/cygdrive/g/MyGitRepository/V2_2018/files/code/mulan2_platform/lib/lib81315-sae-loader.a(ml_SetFastBaudRate.o)
                              /cygdrive/g/MyGitRepository/V2_2018/files/code/mulan2_platform/lib/lib81315-sae-loader.a(flashupload.o) (_ml_SetFastBaudRate)
/cygdrive/g/MyGitRepository/V2_2018/files/code/mulan2_platform/lib/lib81315-sae-loader.a(startup.o)
                              /cygdrive/g/MyGitRepository/V2_2018/files/code/mulan2_platform/lib/lib81315-sae-loader.a(prestart.o) (_start)
/cygdrive/g/MyGitRepository/V2_2018/files/code/mulan2_platform/lib/lib81315-sae-loader.a(ram_section_init.o)
                              /cygdrive/g/MyGitRepository/V2_2018/files/code/mulan2_platform/lib/lib81315-sae-loader.a(startup.o) (__ram_section_init)
/cygdrive/g/MyGitRepository/V2_2018/files/code/mulan2_platform/lib/lib81315-sae-loader.a(ram_test.o)
                              /cygdrive/g/MyGitRepository/V2_2018/files/code/mulan2_platform/lib/lib81315-sae-loader.a(prestart.o) (_RAM_Test)
/cygdrive/g/MyGitRepository/V2_2018/files/code/mulan2_platform/lib/lib81315-sae-loader.a(fatal.o)
                              /cygdrive/g/MyGitRepository/V2_2018/files/code/mulan2_platform/lib/lib81315-sae-loader.a(prestart.o) (__fatal)
/cygdrive/g/MyGitRepository/V2_2018/files/code/mulan2_platform/lib/lib81315-sae-loader.a(low_level_init.o)
                              /cygdrive/g/MyGitRepository/V2_2018/files/code/mulan2_platform/lib/lib81315-sae-loader.a(startup.o) (__low_level_init)
/cygdrive/g/MyGitRepository/V2_2018/files/code/mulan2_platform/lib/lib81315-sae-loader.a(premain.o)
                              /cygdrive/g/MyGitRepository/V2_2018/files/code/mulan2_platform/lib/lib81315-sae-loader.a(startup.o) (__premain)
/cygdrive/g/MyGitRepository/V2_2018/files/code/mulan2_platform/lib/lib81315-sae-loader.a(sys_mlx16.o)
                              /cygdrive/g/MyGitRepository/V2_2018/files/code/mulan2_platform/lib/lib81315-sae-loader.a(flashupload.o) (_MLX16_RESET)
/cygdrive/g/MyGitRepository/V2_2018/files/code/mulan2_platform/lib/lib81315-sae-loader.a(mlx_ispowerok.o)
                              /cygdrive/g/MyGitRepository/V2_2018/files/code/mulan2_platform/lib/lib81315-sae-loader.a(flashfunctions_c_cmp.o) (_mlx_isPowerOk)
/cygdrive/g/MyGitRepository/V2_2018/files/code/mulan2_platform/lib/lib81315-sae-loader.a(ml_LinInit.o)
                              /cygdrive/g/MyGitRepository/V2_2018/files/code/mulan2_platform/lib/lib81315-sae-loader.a(premain.o) (_ml_LinInit)
/cygdrive/g/MyGitRepository/V2_2018/files/code/mulan2_platform/lib/lib81315-sae-loader.a(ml_InitLinModule.o)
                              /cygdrive/g/MyGitRepository/V2_2018/files/code/mulan2_platform/lib/lib81315-sae-loader.a(ml_LinInit.o) (_ml_InitLinModule)

Memory Configuration

Name             Origin             Length             Attributes
shared_ram       0x00000000         0x00000010         rw !x
ram_lin_fixed    0x00000010         0x00000008         rw
ram              0x00000018         0x00000728         xrw
dynram           0x00000740         0x00000080         xrw
mlx4_ram         0x000007c0         0x00000040         rw !x
eeprom           0x00001000         0x00000100         xrw
eeprom2          0x00001100         0x00000100         xrw
system_io        0x00002000         0x00000100         rw !x
user_io          0x00002800         0x00000100         rw !x
mlx4_flash       0x00008000         0x00001540         xr
mlx4_table       0x00009540         0x00000088         r
rom              0x000095c8         0x00002238         xr
loader_flags     0x0000be80         0x00000080         r
protection_key   0x0000bf46         0x00000008         r
flash_crc        0x0000bf4e         0x00000002         r
product_no       0x0000bf50         0x00000008         r
app_version      0x0000bf58         0x00000004         r
pltf_version     0x0000bf5c         0x00000004         r
system_services  0x0000bf60         0x00000006         xr
loader_rst_state 0x0000bf66         0x00000002         r
vectors          0x0000bf68         0x00000098         xr
*default*        0x00000000         0xffffffff

Linker script and memory map

LOAD obj/vectors.o
LOAD obj/lin2b_romtbl.o
LOAD obj/loader.o
LOAD obj/mlu30.o
LOAD obj/loader_state.o
LOAD /cygdrive/g/MyGitRepository/V2_2018/files/code/mulan2_platform/lib/lib81315-sae-loader.a
LOAD /cygdrive/c/Program Files (x86)/Melexis/mlx16-gcc_1_12_3/bin/../lib/gcc/mlx16/3.4.3/mlx16-x8/libgcc.a
LOAD /cygdrive/c/Program Files (x86)/Melexis/mlx16-gcc_1_12_3/bin/../lib/gcc/mlx16/3.4.3/../../../../mlx16/lib/mlx16-x8/libc.a
LOAD /cygdrive/c/Program Files (x86)/Melexis/mlx16-gcc_1_12_3/bin/../lib/gcc/mlx16/3.4.3/mlx16-x8/libgcc.a
START GROUP
LOAD /cygdrive/c/Program Files (x86)/Melexis/mlx16-gcc_1_12_3/bin/../lib/gcc/mlx16/3.4.3/../../../../mlx16/lib/mlx16-x8/libc.a
LOAD /cygdrive/c/Program Files (x86)/Melexis/mlx16-gcc_1_12_3/bin/../lib/gcc/mlx16/3.4.3/mlx16-x8/libgcc.a
END GROUP
                0x00000000                __dp__ = 0x0
                0x00002800                __io__ = 0x2800
                0x00001000                __ep__ = 0x1000
                0x0000bf00                __fp0__ = 0xbf00
                0x0000be00                __fp1__ = 0xbe00
                0x0000bd00                __fp2__ = 0xbd00
                0x0000bc00                __fp3__ = 0xbc00
                0x0000bb00                __fp4__ = 0xbb00
                0x0000ba00                __fp5__ = 0xba00
                0x0000b900                __fp6__ = 0xb900
                0x00001000                __fp7__ = 0x1000

.mlx4_flash     0x00008000     0x14f0
                0x00008000                __mlx4_flash_start = .
 *(.mlx4_prog)
 .mlx4_prog     0x00008000     0x14f0 /cygdrive/g/MyGitRepository/V2_2018/files/code/mulan2_platform/lib/lib81315-sae-loader.a(mlx4_prog.o)
                0x00008000                mlx4_prog
                0x000094f0                __mlx4_flash_end = .

.mlx4_table     0x00009540       0x88
                0x00009540                __mlx4_table_start = .
 *(.mlx4_table)
 .mlx4_table    0x00009540       0x88 obj/lin2b_romtbl.o
                0x00009540                _INDXtbl
                0x00009580                _PARAMtbl
                0x000095c0                _AUTOADDtbl
                0x000095c8                __mlx4_table_end = .

.mlx16_vectors  0x0000bf68       0x16
 *(.vectors)
 .vectors       0x0000bf68       0x16 obj/vectors.o
                0x0000bf68                __vectors

.loader_flags   0x0000be80       0x80
 *(.loader_flags)
 .loader_flags  0x0000be80       0x80 obj/loader_state.o
                0x0000be80                _loader_flags

.loader_rst_state
                0x0000bf66        0x2
 *(.loader_rst_state)
 .loader_rst_state
                0x0000bf66        0x2 obj/loader_state.o
                0x0000bf66                _loader_rst_state

.system_services
                0x0000bf60        0x6
 *(.system_services)
 .system_services
                0x0000bf60        0x6 /cygdrive/g/MyGitRepository/V2_2018/files/code/mulan2_platform/lib/lib81315-sae-loader.a(sys_srv.o)
                0x0000bf60                mlx_enter_protected_mode

.protection_key
 *(.protection_key)

.flash_crc
 *(.flash_crc)

.product_no
 *(.product_no)

.app_version    0x0000bf58        0x4
 *(.app_version)
 .app_version   0x0000bf58        0x4 obj/loader.o
                0x0000bf58                _ml_ldr_version

.pltf_version   0x0000bf5c        0x4
 *(.pltf_version)
 .pltf_version  0x0000bf5c        0x4 /cygdrive/g/MyGitRepository/V2_2018/files/code/mulan2_platform/lib/lib81315-sae-loader.a(sys_srv.o)
                0x0000bf5c                mlx_pltf_version

.ramfunc        0x00000740       0x1e load address 0x000095c8
                0x00000740                . = ALIGN (0x2)
                0x00000740                __ramfunc_start = .
 *(.ramfunc)
 .ramfunc       0x00000740       0x1e /cygdrive/g/MyGitRepository/V2_2018/files/code/mulan2_platform/lib/lib81315-sae-loader.a(prestart.o)
                0x00000740                _WriteTMTR
                0x0000075e                . = ALIGN (0x2)
                0x0000075e                __ramfunc_end = .
                0x0000001e                __ramfunc_size = (__ramfunc_end - __ramfunc_start)
                0x000095c8                __ramfunc_load_start = LOADADDR (.ramfunc)

.text           0x000095e8     0x14f6
                0x000095e8                _stext = .
 *(.text)
 .text          0x000095e8       0x10 obj/vectors.o
 .text          0x000095f8        0x0 obj/lin2b_romtbl.o
 .text          0x000095f8        0x0 obj/loader.o
 .text          0x000095f8        0x0 obj/mlu30.o
 .text          0x000095f8        0x0 obj/loader_state.o
 .text          0x000095f8        0x0 /cygdrive/g/MyGitRepository/V2_2018/files/code/mulan2_platform/lib/lib81315-sae-loader.a(sys_srv.o)
 .text          0x000095f8        0x0 /cygdrive/g/MyGitRepository/V2_2018/files/code/mulan2_platform/lib/lib81315-sae-loader.a(prestart.o)
 .text          0x000095f8        0x0 /cygdrive/g/MyGitRepository/V2_2018/files/code/mulan2_platform/lib/lib81315-sae-loader.a(lib_mlx813xx_bist.o)
 .text          0x000095f8        0x0 /cygdrive/g/MyGitRepository/V2_2018/files/code/mulan2_platform/lib/lib81315-sae-loader.a(nvram.o)
 .text          0x000095f8        0x0 /cygdrive/g/MyGitRepository/V2_2018/files/code/mulan2_platform/lib/lib81315-sae-loader.a(mlx4_prog.o)
 .text          0x000095f8        0x0 /cygdrive/g/MyGitRepository/V2_2018/files/code/mulan2_platform/lib/lib81315-sae-loader.a(api.o)
 .text          0x000095f8        0x0 /cygdrive/g/MyGitRepository/V2_2018/files/code/mulan2_platform/lib/lib81315-sae-loader.a(lin.o)
 .text          0x000095f8        0x0 /cygdrive/g/MyGitRepository/V2_2018/files/code/mulan2_platform/lib/lib81315-sae-loader.a(flashupload.o)
 .text          0x000095f8        0x0 /cygdrive/g/MyGitRepository/V2_2018/files/code/mulan2_platform/lib/lib81315-sae-loader.a(loader_get_state.o)
 .text          0x000095f8        0x0 /cygdrive/g/MyGitRepository/V2_2018/files/code/mulan2_platform/lib/lib81315-sae-loader.a(flashfunctions_c_cmp.o)
 .text          0x000095f8        0x0 /cygdrive/g/MyGitRepository/V2_2018/files/code/mulan2_platform/lib/lib81315-sae-loader.a(ml_SetFastBaudRate.o)
 .text          0x000095f8        0x0 /cygdrive/g/MyGitRepository/V2_2018/files/code/mulan2_platform/lib/lib81315-sae-loader.a(startup.o)
 .text          0x000095f8        0x0 /cygdrive/g/MyGitRepository/V2_2018/files/code/mulan2_platform/lib/lib81315-sae-loader.a(ram_section_init.o)
 .text          0x000095f8        0x0 /cygdrive/g/MyGitRepository/V2_2018/files/code/mulan2_platform/lib/lib81315-sae-loader.a(ram_test.o)
 .text          0x000095f8        0x0 /cygdrive/g/MyGitRepository/V2_2018/files/code/mulan2_platform/lib/lib81315-sae-loader.a(fatal.o)
 .text          0x000095f8        0x0 /cygdrive/g/MyGitRepository/V2_2018/files/code/mulan2_platform/lib/lib81315-sae-loader.a(low_level_init.o)
 .text          0x000095f8        0x0 /cygdrive/g/MyGitRepository/V2_2018/files/code/mulan2_platform/lib/lib81315-sae-loader.a(premain.o)
 .text          0x000095f8        0x0 /cygdrive/g/MyGitRepository/V2_2018/files/code/mulan2_platform/lib/lib81315-sae-loader.a(sys_mlx16.o)
 .text          0x000095f8        0x0 /cygdrive/g/MyGitRepository/V2_2018/files/code/mulan2_platform/lib/lib81315-sae-loader.a(mlx_ispowerok.o)
 .text          0x000095f8        0x0 /cygdrive/g/MyGitRepository/V2_2018/files/code/mulan2_platform/lib/lib81315-sae-loader.a(ml_LinInit.o)
 .text          0x000095f8        0x0 /cygdrive/g/MyGitRepository/V2_2018/files/code/mulan2_platform/lib/lib81315-sae-loader.a(ml_InitLinModule.o)
 *(.text.*)
 .text.main     0x000095f8        0x4 obj/loader.o
                0x000095f8                _main
 .text.mlu_ApplicationStop
                0x000095fc        0x4 obj/mlu30.o
                0x000095fc                _mlu_ApplicationStop
 .text.mlu_AutoAddressingStep
                0x00009600        0x2 obj/mlu30.o
                0x00009600                _mlu_AutoAddressingStep
 .text.mlu_DataRequest
                0x00009602        0x4 obj/mlu30.o
                0x00009602                _mlu_DataRequest
 .text.mlu_DataTransmitted
                0x00009606        0x2 obj/mlu30.o
                0x00009606                _mlu_DataTransmitted
 .text.mlu_ErrorDetected
                0x00009608        0x2 obj/mlu30.o
                0x00009608                _mlu_ErrorDetected
 .text.mlu_LinSleepMode
                0x0000960a        0x2 obj/mlu30.o
                0x0000960a                _mlu_LinSleepMode
 .text.mlu_MessageReceived
                0x0000960c        0x2 obj/mlu30.o
                0x0000960c                _mlu_MessageReceived
 .text.start    0x0000960e       0x22 /cygdrive/g/MyGitRepository/V2_2018/files/code/mulan2_platform/lib/lib81315-sae-loader.a(startup.o)
                0x0000960e                _start
 .text._ram_section_init
                0x00009630       0x42 /cygdrive/g/MyGitRepository/V2_2018/files/code/mulan2_platform/lib/lib81315-sae-loader.a(ram_section_init.o)
                0x00009630                __ram_section_init
 *(.mlx_text)
 .mlx_text      0x00009672      0x1fc /cygdrive/g/MyGitRepository/V2_2018/files/code/mulan2_platform/lib/lib81315-sae-loader.a(prestart.o)
                0x00009672                __prestart
 .mlx_text      0x0000986e       0xfc /cygdrive/g/MyGitRepository/V2_2018/files/code/mulan2_platform/lib/lib81315-sae-loader.a(nvram.o)
                0x0000986e                _NVRAM_LoadAll
                0x000098d4                _NVRAM_SavePage
                0x00009932                _NVRAM_BufferFill
                0x0000995c                _NVRAM_SaveAll
 .mlx_text      0x0000996a      0x128 /cygdrive/g/MyGitRepository/V2_2018/files/code/mulan2_platform/lib/lib81315-sae-loader.a(api.o)
                0x0000996a                _ml_ReleaseBuffer
                0x0000996e                _ml_ReleaseBufferProg
                0x00009978                _ml_DataReady
                0x0000998e                _ml_AssignFrameToMessageID
                0x00009994                _ml_DisableMessage
                0x00009998                _ml_EnableMessage
                0x000099a4                _ml_AutoAddressingConfig
                0x000099ac                _ml_SetSlewRate
                0x000099b4                _ml_SetOptions
                0x000099ca                _ml_DiscardFrame
                0x000099ce                _ml_ContFrame
                0x00009a0e                _ml_LinModuleVersion
                0x00009a3c                _ml_GetState
                0x00009a62                _ml_SetBaudRate
                0x00009a6e                _ml_SetAutoBaudRateMode
                0x00009a76                _ml_Connect
                0x00009a7a                _ml_Disconnect
                0x00009a7e                _ml_SwitchToFast
                0x00009a82                _ml_WakeUp
                0x00009a86                _ml_GotoSleep
 .mlx_text      0x00009a92      0x1f6 /cygdrive/g/MyGitRepository/V2_2018/files/code/mulan2_platform/lib/lib81315-sae-loader.a(lin.o)
                0x00009a92                _ml_GetLinEventData
                0x00009ac2                _ml_ProccessLinEvent
                0x00009c68                _ml_SetLoaderNAD
                0x00009c82                _ml_GetLoaderNAD
 .mlx_text      0x00009c88      0x7ce /cygdrive/g/MyGitRepository/V2_2018/files/code/mulan2_platform/lib/lib81315-sae-loader.a(flashupload.o)
                0x00009c88                _ldr_isReadByIdMessage
                0x00009e40                _ml_ldr_ErrorDetected
                0x00009ede                _ml_ldr_SwitchToProgMode
                0x00009f70                _ml_ldr_ReadByIdMessage
                0x00009fa8                _ml_DiagRequest
                0x0000a00c                _ml_DiagReceived
 .mlx_text      0x0000a456       0x16 /cygdrive/g/MyGitRepository/V2_2018/files/code/mulan2_platform/lib/lib81315-sae-loader.a(loader_get_state.o)
                0x0000a456                _LDR_GetState
 .mlx_text      0x0000a46c      0x232 /cygdrive/g/MyGitRepository/V2_2018/files/code/mulan2_platform/lib/lib81315-sae-loader.a(flashfunctions_c_cmp.o)
                0x0000a46c                _Flash_InitDriver
                0x0000a49c                _Flash_GetWriteTime
                0x0000a4bc                _Flash_PageRead
                0x0000a4da                _Flash_PageBufferFill
                0x0000a4e8                _Flash_PageVerifyBuffer
                0x0000a50a                _Flash_PageWrite
                0x0000a632                _Flash_IREF_Offset
                0x0000a67a                _Flash_PageWriteFiltered
 .mlx_text      0x0000a69e       0x52 /cygdrive/g/MyGitRepository/V2_2018/files/code/mulan2_platform/lib/lib81315-sae-loader.a(ml_SetFastBaudRate.o)
                0x0000a69e                _ml_SetFastBaudRate
 .mlx_text      0x0000a6f0       0x58 /cygdrive/g/MyGitRepository/V2_2018/files/code/mulan2_platform/lib/lib81315-sae-loader.a(ram_test.o)
                0x0000a6fa                _RAM_Test
 .mlx_text      0x0000a748        0xc /cygdrive/g/MyGitRepository/V2_2018/files/code/mulan2_platform/lib/lib81315-sae-loader.a(fatal.o)
                0x0000a748                __fatal
 .mlx_text      0x0000a754      0x14a /cygdrive/g/MyGitRepository/V2_2018/files/code/mulan2_platform/lib/lib81315-sae-loader.a(low_level_init.o)
                0x0000a754                __low_level_init
 .mlx_text      0x0000a89e       0x98 /cygdrive/g/MyGitRepository/V2_2018/files/code/mulan2_platform/lib/lib81315-sae-loader.a(premain.o)
                0x0000a89e                __premain
 .mlx_text      0x0000a936       0x7a /cygdrive/g/MyGitRepository/V2_2018/files/code/mulan2_platform/lib/lib81315-sae-loader.a(sys_mlx16.o)
                0x0000a936                _MLX16_RESET
 .mlx_text      0x0000a9b0       0x9a /cygdrive/g/MyGitRepository/V2_2018/files/code/mulan2_platform/lib/lib81315-sae-loader.a(mlx_ispowerok.o)
                0x0000a9b0                _mlx_isPowerOk
 .mlx_text      0x0000aa4a       0x1e /cygdrive/g/MyGitRepository/V2_2018/files/code/mulan2_platform/lib/lib81315-sae-loader.a(ml_LinInit.o)
                0x0000aa4a                _ml_LinInit
 .mlx_text      0x0000aa68       0x60 /cygdrive/g/MyGitRepository/V2_2018/files/code/mulan2_platform/lib/lib81315-sae-loader.a(ml_InitLinModule.o)
                0x0000aa68                _ml_InitLinModule
 *(.rodata)
 *fill*         0x0000aac8        0x0 
 .rodata        0x0000aac8        0xc /cygdrive/g/MyGitRepository/V2_2018/files/code/mulan2_platform/lib/lib81315-sae-loader.a(lin.o)
 *(.rodata.*)
 .rodata._mlx_loader_info
                0x0000aad4        0x1 /cygdrive/g/MyGitRepository/V2_2018/files/code/mulan2_platform/lib/lib81315-sae-loader.a(flashupload.o)
 *fill*         0x0000aad5        0x1 
 .rodata.READ_BY_ID_BC
                0x0000aad6        0x8 /cygdrive/g/MyGitRepository/V2_2018/files/code/mulan2_platform/lib/lib81315-sae-loader.a(flashupload.o)
                0x0000aade                . = ALIGN (0x2)
                0x0000aade                _etext = .

.shared_ram     0x00000000       0x10
 *(.special)
 .special       0x00000000       0x10 /cygdrive/g/MyGitRepository/V2_2018/files/code/mulan2_platform/lib/lib81315-sae-loader.a(api.o)
                0x00000000                _LinResp
                0x00000002                _LinCmnd
                0x00000004                _LinMess
                0x00000006                _LinMess2
                0x00000007                _LinProtectedID
                0x00000008                _LinFrame

.ram_lin_fixed  0x00000010        0x6
 *(.ram_lin_fixed)
 .ram_lin_fixed
                0x00000010        0x6 /cygdrive/g/MyGitRepository/V2_2018/files/code/mulan2_platform/lib/lib81315-sae-loader.a(lin.o)
                0x00000010                _stFixedRamNAD

.dp.data        0x00000018        0x0 load address 0x0000aade
                0x00000018                . = ALIGN (0x2)
                0x00000018                __data_dp_start = .
 *(.dp.data)
                0x00000018                . = ALIGN (0x2)
                0x00000018                __data_dp_end = .
                0x00000000                __data_dp_size = (__data_dp_end - __data_dp_start)
                0x0000aade                __data_load_start = LOADADDR (.dp.data)

.dp             0x00000018       0x20 load address 0x0000aade
                0x00000018                . = ALIGN (0x2)
                0x00000018                __bss_dp_start = .
 *(.dp)
 .dp            0x00000018        0xc /cygdrive/g/MyGitRepository/V2_2018/files/code/mulan2_platform/lib/lib81315-sae-loader.a(lin.o)
                0x00000018                _LinFrameDataBuffer
                0x00000020                _LIN_nad
                0x00000022                _LinMessage
 .dp            0x00000024       0x14 /cygdrive/g/MyGitRepository/V2_2018/files/code/mulan2_platform/lib/lib81315-sae-loader.a(flashupload.o)
                0x00000024                _ml_driver_mode
                0x00000038                . = ALIGN (0x2)
                0x00000038                __bss_dp_end = .
                0x00000020                __bss_dp_size = (__bss_dp_end - __bss_dp_start)

.dp.noinit      0x00000038        0x0 load address 0x0000aade
                0x00000038                . = ALIGN (0x2)
                0x00000038                __dp_noinit_start = .
 *(.dp.noinit)
                0x00000038                . = ALIGN (0x2)
                0x00000038                __dp_noinit_end = .
                0x00000000                __dp_noinit_size = (__dp_noinit_end - __dp_noinit_start)

.data           0x00000038        0x4 load address 0x0000aade
                0x00000038                . = ALIGN (0x2)
                0x00000038                __data_start = .
 *(.data)
 .data          0x00000038        0x0 obj/vectors.o
 .data          0x00000038        0x0 obj/lin2b_romtbl.o
 .data          0x00000038        0x0 obj/loader.o
 .data          0x00000038        0x0 obj/mlu30.o
 .data          0x00000038        0x0 obj/loader_state.o
 .data          0x00000038        0x0 /cygdrive/g/MyGitRepository/V2_2018/files/code/mulan2_platform/lib/lib81315-sae-loader.a(sys_srv.o)
 .data          0x00000038        0x0 /cygdrive/g/MyGitRepository/V2_2018/files/code/mulan2_platform/lib/lib81315-sae-loader.a(prestart.o)
 .data          0x00000038        0x0 /cygdrive/g/MyGitRepository/V2_2018/files/code/mulan2_platform/lib/lib81315-sae-loader.a(lib_mlx813xx_bist.o)
 .data          0x00000038        0x0 /cygdrive/g/MyGitRepository/V2_2018/files/code/mulan2_platform/lib/lib81315-sae-loader.a(nvram.o)
 .data          0x00000038        0x0 /cygdrive/g/MyGitRepository/V2_2018/files/code/mulan2_platform/lib/lib81315-sae-loader.a(mlx4_prog.o)
 .data          0x00000038        0x0 /cygdrive/g/MyGitRepository/V2_2018/files/code/mulan2_platform/lib/lib81315-sae-loader.a(api.o)
 .data          0x00000038        0x0 /cygdrive/g/MyGitRepository/V2_2018/files/code/mulan2_platform/lib/lib81315-sae-loader.a(lin.o)
 .data          0x00000038        0x0 /cygdrive/g/MyGitRepository/V2_2018/files/code/mulan2_platform/lib/lib81315-sae-loader.a(flashupload.o)
 .data          0x00000038        0x0 /cygdrive/g/MyGitRepository/V2_2018/files/code/mulan2_platform/lib/lib81315-sae-loader.a(loader_get_state.o)
 .data          0x00000038        0x0 /cygdrive/g/MyGitRepository/V2_2018/files/code/mulan2_platform/lib/lib81315-sae-loader.a(flashfunctions_c_cmp.o)
 .data          0x00000038        0x0 /cygdrive/g/MyGitRepository/V2_2018/files/code/mulan2_platform/lib/lib81315-sae-loader.a(ml_SetFastBaudRate.o)
 .data          0x00000038        0x0 /cygdrive/g/MyGitRepository/V2_2018/files/code/mulan2_platform/lib/lib81315-sae-loader.a(startup.o)
 .data          0x00000038        0x0 /cygdrive/g/MyGitRepository/V2_2018/files/code/mulan2_platform/lib/lib81315-sae-loader.a(ram_section_init.o)
 .data          0x00000038        0x0 /cygdrive/g/MyGitRepository/V2_2018/files/code/mulan2_platform/lib/lib81315-sae-loader.a(ram_test.o)
 .data          0x00000038        0x0 /cygdrive/g/MyGitRepository/V2_2018/files/code/mulan2_platform/lib/lib81315-sae-loader.a(fatal.o)
 .data          0x00000038        0x0 /cygdrive/g/MyGitRepository/V2_2018/files/code/mulan2_platform/lib/lib81315-sae-loader.a(low_level_init.o)
 .data          0x00000038        0x0 /cygdrive/g/MyGitRepository/V2_2018/files/code/mulan2_platform/lib/lib81315-sae-loader.a(premain.o)
 .data          0x00000038        0x0 /cygdrive/g/MyGitRepository/V2_2018/files/code/mulan2_platform/lib/lib81315-sae-loader.a(sys_mlx16.o)
 .data          0x00000038        0x0 /cygdrive/g/MyGitRepository/V2_2018/files/code/mulan2_platform/lib/lib81315-sae-loader.a(mlx_ispowerok.o)
 .data          0x00000038        0x0 /cygdrive/g/MyGitRepository/V2_2018/files/code/mulan2_platform/lib/lib81315-sae-loader.a(ml_LinInit.o)
 .data          0x00000038        0x0 /cygdrive/g/MyGitRepository/V2_2018/files/code/mulan2_platform/lib/lib81315-sae-loader.a(ml_InitLinModule.o)
 *(.data.*)
 .data.LINPresc
                0x00000038        0x2 /cygdrive/g/MyGitRepository/V2_2018/files/code/mulan2_platform/lib/lib81315-sae-loader.a(lin.o)
                0x00000038                _LINPresc
 .data.LINBaud  0x0000003a        0x1 /cygdrive/g/MyGitRepository/V2_2018/files/code/mulan2_platform/lib/lib81315-sae-loader.a(lin.o)
                0x0000003a                _LINBaud
                0x0000003c                . = ALIGN (0x2)
 *fill*         0x0000003b        0x1 
                0x0000003c                __data_end = .
                0x00000004                __data_size = (__data_end - __data_start)

.bss            0x0000003c        0x6 load address 0x0000aae2
                0x0000003c                . = ALIGN (0x2)
                0x0000003c                __bss_start = .
 *(.bss)
 .bss           0x0000003c        0x0 obj/vectors.o
 .bss           0x0000003c        0x0 obj/lin2b_romtbl.o
 .bss           0x0000003c        0x0 obj/loader.o
 .bss           0x0000003c        0x0 obj/mlu30.o
 .bss           0x0000003c        0x0 obj/loader_state.o
 .bss           0x0000003c        0x0 /cygdrive/g/MyGitRepository/V2_2018/files/code/mulan2_platform/lib/lib81315-sae-loader.a(sys_srv.o)
 .bss           0x0000003c        0x0 /cygdrive/g/MyGitRepository/V2_2018/files/code/mulan2_platform/lib/lib81315-sae-loader.a(prestart.o)
 .bss           0x0000003c        0x0 /cygdrive/g/MyGitRepository/V2_2018/files/code/mulan2_platform/lib/lib81315-sae-loader.a(lib_mlx813xx_bist.o)
 .bss           0x0000003c        0x0 /cygdrive/g/MyGitRepository/V2_2018/files/code/mulan2_platform/lib/lib81315-sae-loader.a(nvram.o)
 .bss           0x0000003c        0x0 /cygdrive/g/MyGitRepository/V2_2018/files/code/mulan2_platform/lib/lib81315-sae-loader.a(mlx4_prog.o)
 .bss           0x0000003c        0x0 /cygdrive/g/MyGitRepository/V2_2018/files/code/mulan2_platform/lib/lib81315-sae-loader.a(api.o)
 .bss           0x0000003c        0x0 /cygdrive/g/MyGitRepository/V2_2018/files/code/mulan2_platform/lib/lib81315-sae-loader.a(lin.o)
 .bss           0x0000003c        0x0 /cygdrive/g/MyGitRepository/V2_2018/files/code/mulan2_platform/lib/lib81315-sae-loader.a(flashupload.o)
 .bss           0x0000003c        0x0 /cygdrive/g/MyGitRepository/V2_2018/files/code/mulan2_platform/lib/lib81315-sae-loader.a(loader_get_state.o)
 .bss           0x0000003c        0x0 /cygdrive/g/MyGitRepository/V2_2018/files/code/mulan2_platform/lib/lib81315-sae-loader.a(flashfunctions_c_cmp.o)
 .bss           0x0000003c        0x0 /cygdrive/g/MyGitRepository/V2_2018/files/code/mulan2_platform/lib/lib81315-sae-loader.a(ml_SetFastBaudRate.o)
 .bss           0x0000003c        0x0 /cygdrive/g/MyGitRepository/V2_2018/files/code/mulan2_platform/lib/lib81315-sae-loader.a(startup.o)
 .bss           0x0000003c        0x0 /cygdrive/g/MyGitRepository/V2_2018/files/code/mulan2_platform/lib/lib81315-sae-loader.a(ram_section_init.o)
 .bss           0x0000003c        0x0 /cygdrive/g/MyGitRepository/V2_2018/files/code/mulan2_platform/lib/lib81315-sae-loader.a(ram_test.o)
 .bss           0x0000003c        0x0 /cygdrive/g/MyGitRepository/V2_2018/files/code/mulan2_platform/lib/lib81315-sae-loader.a(fatal.o)
 .bss           0x0000003c        0x0 /cygdrive/g/MyGitRepository/V2_2018/files/code/mulan2_platform/lib/lib81315-sae-loader.a(low_level_init.o)
 .bss           0x0000003c        0x0 /cygdrive/g/MyGitRepository/V2_2018/files/code/mulan2_platform/lib/lib81315-sae-loader.a(premain.o)
 .bss           0x0000003c        0x0 /cygdrive/g/MyGitRepository/V2_2018/files/code/mulan2_platform/lib/lib81315-sae-loader.a(sys_mlx16.o)
 .bss           0x0000003c        0x0 /cygdrive/g/MyGitRepository/V2_2018/files/code/mulan2_platform/lib/lib81315-sae-loader.a(mlx_ispowerok.o)
 .bss           0x0000003c        0x0 /cygdrive/g/MyGitRepository/V2_2018/files/code/mulan2_platform/lib/lib81315-sae-loader.a(ml_LinInit.o)
 .bss           0x0000003c        0x0 /cygdrive/g/MyGitRepository/V2_2018/files/code/mulan2_platform/lib/lib81315-sae-loader.a(ml_InitLinModule.o)
 *(.bss.*)
 .bss.LinStatus
                0x0000003c        0x1 /cygdrive/g/MyGitRepository/V2_2018/files/code/mulan2_platform/lib/lib81315-sae-loader.a(lin.o)
                0x0000003c                _LinStatus
 *fill*         0x0000003d        0x1 
 .bss.page_buffer
                0x0000003e        0x2 /cygdrive/g/MyGitRepository/V2_2018/files/code/mulan2_platform/lib/lib81315-sae-loader.a(flashfunctions_c_cmp.o)
                0x0000003e                _page_buffer
 .bss.erase_sectors_bitmap
                0x00000040        0x2 /cygdrive/g/MyGitRepository/V2_2018/files/code/mulan2_platform/lib/lib81315-sae-loader.a(flashfunctions_c_cmp.o)
 *(COMMON)
                0x00000042                . = ALIGN (0x2)
                0x00000042                __bss_end = .
                0x00000006                __bss_size = (__bss_end - __bss_start)

.noinit         0x00000042        0x0 load address 0x0000aae2
                0x00000042                . = ALIGN (0x2)
                0x00000042                __noinit_start = .
 *(.noinit)
                0x00000042                . = ALIGN (0x2)
                0x00000042                __noinit_end = .
                0x00000000                __noinit_size = (__noinit_end - __noinit_start)

.bist_stat      0x00000042        0x8 load address 0x0000aae2
                0x00000042                . = ALIGN (0x2)
                0x00000042                __bist_stat_start = .
 *(.bist_stat)
 .bist_stat     0x00000042        0x8 /cygdrive/g/MyGitRepository/V2_2018/files/code/mulan2_platform/lib/lib81315-sae-loader.a(lib_mlx813xx_bist.o)
                0x00000042                _bistHeader
                0x00000044                _bistResetInfo
                0x00000046                _bistError
                0x00000048                _bistErrorInfo
                0x0000004a                . = ALIGN (0x2)
                0x0000004a                __bist_stat_end = .
                0x00000008                __bist_stat_size = (__bist_stat_end - __bist_stat_start)
                0x0000004a                PROVIDE (_stack, .)
                0x00000800                PROVIDE (__end, 0x800)

.ep             0x00001000        0x0
                0x00001000                . = ALIGN (0x2)
                0x00001000                __bss_ep_start = .
 *(.ep)
                0x00001000                . = ALIGN (0x2)
                0x00001000                __bss_ep_end = .

.ep.data        0x00001000        0x0
                0x00001000                . = ALIGN (0x2)
                0x00001000                __data_ep_start = .
 *(.ep.data)
                0x00001000                . = ALIGN (0x2)
                0x00001000                __data_ep_end = .
OUTPUT(loaderB-81315-sae-loader.elf elf32-mlx16-x8)

.debug_abbrev   0x00000000     0x12bb
 .debug_abbrev  0x00000000       0x62 obj/loader.o
 .debug_abbrev  0x00000062       0xb0 obj/mlu30.o
 .debug_abbrev  0x00000112       0x84 obj/loader_state.o
 .debug_abbrev  0x00000196      0x16c /cygdrive/g/MyGitRepository/V2_2018/files/code/mulan2_platform/lib/lib81315-sae-loader.a(prestart.o)
 .debug_abbrev  0x00000302       0x60 /cygdrive/g/MyGitRepository/V2_2018/files/code/mulan2_platform/lib/lib81315-sae-loader.a(lib_mlx813xx_bist.o)
 .debug_abbrev  0x00000362      0x115 /cygdrive/g/MyGitRepository/V2_2018/files/code/mulan2_platform/lib/lib81315-sae-loader.a(nvram.o)
 .debug_abbrev  0x00000477      0x170 /cygdrive/g/MyGitRepository/V2_2018/files/code/mulan2_platform/lib/lib81315-sae-loader.a(lin.o)
 .debug_abbrev  0x000005e7      0x258 /cygdrive/g/MyGitRepository/V2_2018/files/code/mulan2_platform/lib/lib81315-sae-loader.a(flashupload.o)
 .debug_abbrev  0x0000083f       0xa8 /cygdrive/g/MyGitRepository/V2_2018/files/code/mulan2_platform/lib/lib81315-sae-loader.a(loader_get_state.o)
 .debug_abbrev  0x000008e7      0x237 /cygdrive/g/MyGitRepository/V2_2018/files/code/mulan2_platform/lib/lib81315-sae-loader.a(flashfunctions_c_cmp.o)
 .debug_abbrev  0x00000b1e       0xde /cygdrive/g/MyGitRepository/V2_2018/files/code/mulan2_platform/lib/lib81315-sae-loader.a(ml_SetFastBaudRate.o)
 .debug_abbrev  0x00000bfc       0x7c /cygdrive/g/MyGitRepository/V2_2018/files/code/mulan2_platform/lib/lib81315-sae-loader.a(startup.o)
 .debug_abbrev  0x00000c78       0x73 /cygdrive/g/MyGitRepository/V2_2018/files/code/mulan2_platform/lib/lib81315-sae-loader.a(ram_section_init.o)
 .debug_abbrev  0x00000ceb       0x71 /cygdrive/g/MyGitRepository/V2_2018/files/code/mulan2_platform/lib/lib81315-sae-loader.a(fatal.o)
 .debug_abbrev  0x00000d5c       0xe1 /cygdrive/g/MyGitRepository/V2_2018/files/code/mulan2_platform/lib/lib81315-sae-loader.a(low_level_init.o)
 .debug_abbrev  0x00000e3d      0x126 /cygdrive/g/MyGitRepository/V2_2018/files/code/mulan2_platform/lib/lib81315-sae-loader.a(premain.o)
 .debug_abbrev  0x00000f63      0x10a /cygdrive/g/MyGitRepository/V2_2018/files/code/mulan2_platform/lib/lib81315-sae-loader.a(sys_mlx16.o)
 .debug_abbrev  0x0000106d      0x120 /cygdrive/g/MyGitRepository/V2_2018/files/code/mulan2_platform/lib/lib81315-sae-loader.a(mlx_ispowerok.o)
 .debug_abbrev  0x0000118d       0x3b /cygdrive/g/MyGitRepository/V2_2018/files/code/mulan2_platform/lib/lib81315-sae-loader.a(ml_LinInit.o)
 .debug_abbrev  0x000011c8       0xf3 /cygdrive/g/MyGitRepository/V2_2018/files/code/mulan2_platform/lib/lib81315-sae-loader.a(ml_InitLinModule.o)

.debug_info     0x00000000     0x2f2b
 .debug_info    0x00000000       0x89 obj/loader.o
 .debug_info    0x00000089      0x1e6 obj/mlu30.o
 .debug_info    0x0000026f      0x125 obj/loader_state.o
 .debug_info    0x00000394      0x423 /cygdrive/g/MyGitRepository/V2_2018/files/code/mulan2_platform/lib/lib81315-sae-loader.a(prestart.o)
 .debug_info    0x000007b7       0xd4 /cygdrive/g/MyGitRepository/V2_2018/files/code/mulan2_platform/lib/lib81315-sae-loader.a(lib_mlx813xx_bist.o)
 .debug_info    0x0000088b      0x2bf /cygdrive/g/MyGitRepository/V2_2018/files/code/mulan2_platform/lib/lib81315-sae-loader.a(nvram.o)
 .debug_info    0x00000b4a      0x421 /cygdrive/g/MyGitRepository/V2_2018/files/code/mulan2_platform/lib/lib81315-sae-loader.a(lin.o)
 .debug_info    0x00000f6b      0x878 /cygdrive/g/MyGitRepository/V2_2018/files/code/mulan2_platform/lib/lib81315-sae-loader.a(flashupload.o)
 .debug_info    0x000017e3      0x14b /cygdrive/g/MyGitRepository/V2_2018/files/code/mulan2_platform/lib/lib81315-sae-loader.a(loader_get_state.o)
 .debug_info    0x0000192e      0x5a1 /cygdrive/g/MyGitRepository/V2_2018/files/code/mulan2_platform/lib/lib81315-sae-loader.a(flashfunctions_c_cmp.o)
 .debug_info    0x00001ecf      0x191 /cygdrive/g/MyGitRepository/V2_2018/files/code/mulan2_platform/lib/lib81315-sae-loader.a(ml_SetFastBaudRate.o)
 .debug_info    0x00002060       0xa6 /cygdrive/g/MyGitRepository/V2_2018/files/code/mulan2_platform/lib/lib81315-sae-loader.a(startup.o)
 .debug_info    0x00002106      0x106 /cygdrive/g/MyGitRepository/V2_2018/files/code/mulan2_platform/lib/lib81315-sae-loader.a(ram_section_init.o)
 .debug_info    0x0000220c      0x131 /cygdrive/g/MyGitRepository/V2_2018/files/code/mulan2_platform/lib/lib81315-sae-loader.a(fatal.o)
 .debug_info    0x0000233d      0x2ab /cygdrive/g/MyGitRepository/V2_2018/files/code/mulan2_platform/lib/lib81315-sae-loader.a(low_level_init.o)
 .debug_info    0x000025e8      0x23f /cygdrive/g/MyGitRepository/V2_2018/files/code/mulan2_platform/lib/lib81315-sae-loader.a(premain.o)
 .debug_info    0x00002827      0x1f2 /cygdrive/g/MyGitRepository/V2_2018/files/code/mulan2_platform/lib/lib81315-sae-loader.a(sys_mlx16.o)
 .debug_info    0x00002a19      0x27f /cygdrive/g/MyGitRepository/V2_2018/files/code/mulan2_platform/lib/lib81315-sae-loader.a(mlx_ispowerok.o)
 .debug_info    0x00002c98       0x65 /cygdrive/g/MyGitRepository/V2_2018/files/code/mulan2_platform/lib/lib81315-sae-loader.a(ml_LinInit.o)
 .debug_info    0x00002cfd      0x22e /cygdrive/g/MyGitRepository/V2_2018/files/code/mulan2_platform/lib/lib81315-sae-loader.a(ml_InitLinModule.o)

.debug_line     0x00000000     0x2ca1
 .debug_line    0x00000000       0x98 obj/loader.o
 .debug_line    0x00000098      0x16e obj/mlu30.o
 .debug_line    0x00000206       0xed obj/loader_state.o
 .debug_line    0x000002f3      0x368 /cygdrive/g/MyGitRepository/V2_2018/files/code/mulan2_platform/lib/lib81315-sae-loader.a(prestart.o)
 .debug_line    0x0000065b      0x105 /cygdrive/g/MyGitRepository/V2_2018/files/code/mulan2_platform/lib/lib81315-sae-loader.a(lib_mlx813xx_bist.o)
 .debug_line    0x00000760      0x2fd /cygdrive/g/MyGitRepository/V2_2018/files/code/mulan2_platform/lib/lib81315-sae-loader.a(nvram.o)
 .debug_line    0x00000a5d      0x305 /cygdrive/g/MyGitRepository/V2_2018/files/code/mulan2_platform/lib/lib81315-sae-loader.a(lin.o)
 .debug_line    0x00000d62      0xa0a /cygdrive/g/MyGitRepository/V2_2018/files/code/mulan2_platform/lib/lib81315-sae-loader.a(flashupload.o)
 .debug_line    0x0000176c       0xc3 /cygdrive/g/MyGitRepository/V2_2018/files/code/mulan2_platform/lib/lib81315-sae-loader.a(loader_get_state.o)
 .debug_line    0x0000182f      0x4e0 /cygdrive/g/MyGitRepository/V2_2018/files/code/mulan2_platform/lib/lib81315-sae-loader.a(flashfunctions_c_cmp.o)
 .debug_line    0x00001d0f      0x11d /cygdrive/g/MyGitRepository/V2_2018/files/code/mulan2_platform/lib/lib81315-sae-loader.a(ml_SetFastBaudRate.o)
 .debug_line    0x00001e2c       0xeb /cygdrive/g/MyGitRepository/V2_2018/files/code/mulan2_platform/lib/lib81315-sae-loader.a(startup.o)
 .debug_line    0x00001f17       0xd2 /cygdrive/g/MyGitRepository/V2_2018/files/code/mulan2_platform/lib/lib81315-sae-loader.a(ram_section_init.o)
 .debug_line    0x00001fe9      0x162 /cygdrive/g/MyGitRepository/V2_2018/files/code/mulan2_platform/lib/lib81315-sae-loader.a(fatal.o)
 .debug_line    0x0000214b      0x245 /cygdrive/g/MyGitRepository/V2_2018/files/code/mulan2_platform/lib/lib81315-sae-loader.a(low_level_init.o)
 .debug_line    0x00002390      0x28f /cygdrive/g/MyGitRepository/V2_2018/files/code/mulan2_platform/lib/lib81315-sae-loader.a(premain.o)
 .debug_line    0x0000261f      0x17b /cygdrive/g/MyGitRepository/V2_2018/files/code/mulan2_platform/lib/lib81315-sae-loader.a(sys_mlx16.o)
 .debug_line    0x0000279a      0x240 /cygdrive/g/MyGitRepository/V2_2018/files/code/mulan2_platform/lib/lib81315-sae-loader.a(mlx_ispowerok.o)
 .debug_line    0x000029da       0xb1 /cygdrive/g/MyGitRepository/V2_2018/files/code/mulan2_platform/lib/lib81315-sae-loader.a(ml_LinInit.o)
 .debug_line    0x00002a8b      0x216 /cygdrive/g/MyGitRepository/V2_2018/files/code/mulan2_platform/lib/lib81315-sae-loader.a(ml_InitLinModule.o)

.debug_frame    0x00000000      0x72c
 .debug_frame   0x00000000       0x22 obj/loader.o
 .debug_frame   0x00000022       0x6a obj/mlu30.o
 .debug_frame   0x0000008c       0x3a /cygdrive/g/MyGitRepository/V2_2018/files/code/mulan2_platform/lib/lib81315-sae-loader.a(prestart.o)
 .debug_frame   0x000000c6       0x46 /cygdrive/g/MyGitRepository/V2_2018/files/code/mulan2_platform/lib/lib81315-sae-loader.a(nvram.o)
 .debug_frame   0x0000010c       0x86 /cygdrive/g/MyGitRepository/V2_2018/files/code/mulan2_platform/lib/lib81315-sae-loader.a(lin.o)
 .debug_frame   0x00000192      0x2e2 /cygdrive/g/MyGitRepository/V2_2018/files/code/mulan2_platform/lib/lib81315-sae-loader.a(flashupload.o)
 .debug_frame   0x00000474       0x22 /cygdrive/g/MyGitRepository/V2_2018/files/code/mulan2_platform/lib/lib81315-sae-loader.a(loader_get_state.o)
 .debug_frame   0x00000496       0xbe /cygdrive/g/MyGitRepository/V2_2018/files/code/mulan2_platform/lib/lib81315-sae-loader.a(flashfunctions_c_cmp.o)
 .debug_frame   0x00000554       0x48 /cygdrive/g/MyGitRepository/V2_2018/files/code/mulan2_platform/lib/lib81315-sae-loader.a(ml_SetFastBaudRate.o)
 .debug_frame   0x0000059c       0x22 /cygdrive/g/MyGitRepository/V2_2018/files/code/mulan2_platform/lib/lib81315-sae-loader.a(startup.o)
 .debug_frame   0x000005be       0x22 /cygdrive/g/MyGitRepository/V2_2018/files/code/mulan2_platform/lib/lib81315-sae-loader.a(ram_section_init.o)
 .debug_frame   0x000005e0       0x22 /cygdrive/g/MyGitRepository/V2_2018/files/code/mulan2_platform/lib/lib81315-sae-loader.a(fatal.o)
 .debug_frame   0x00000602       0x2e /cygdrive/g/MyGitRepository/V2_2018/files/code/mulan2_platform/lib/lib81315-sae-loader.a(low_level_init.o)
 .debug_frame   0x00000630       0x2e /cygdrive/g/MyGitRepository/V2_2018/files/code/mulan2_platform/lib/lib81315-sae-loader.a(premain.o)
 .debug_frame   0x0000065e       0x22 /cygdrive/g/MyGitRepository/V2_2018/files/code/mulan2_platform/lib/lib81315-sae-loader.a(sys_mlx16.o)
 .debug_frame   0x00000680       0x2e /cygdrive/g/MyGitRepository/V2_2018/files/code/mulan2_platform/lib/lib81315-sae-loader.a(mlx_ispowerok.o)
 .debug_frame   0x000006ae       0x5c /cygdrive/g/MyGitRepository/V2_2018/files/code/mulan2_platform/lib/lib81315-sae-loader.a(ml_LinInit.o)
 .debug_frame   0x0000070a       0x22 /cygdrive/g/MyGitRepository/V2_2018/files/code/mulan2_platform/lib/lib81315-sae-loader.a(ml_InitLinModule.o)

.debug_pubnames
                0x00000000      0x5de
 .debug_pubnames
                0x00000000       0x2e obj/loader.o
 .debug_pubnames
                0x0000002e       0xb4 obj/mlu30.o
 .debug_pubnames
                0x000000e2       0x38 obj/loader_state.o
 .debug_pubnames
                0x0000011a       0x2e /cygdrive/g/MyGitRepository/V2_2018/files/code/mulan2_platform/lib/lib81315-sae-loader.a(prestart.o)
 .debug_pubnames
                0x00000148       0x53 /cygdrive/g/MyGitRepository/V2_2018/files/code/mulan2_platform/lib/lib81315-sae-loader.a(lib_mlx813xx_bist.o)
 .debug_pubnames
                0x0000019b       0x5e /cygdrive/g/MyGitRepository/V2_2018/files/code/mulan2_platform/lib/lib81315-sae-loader.a(nvram.o)
 .debug_pubnames
                0x000001f9       0xd4 /cygdrive/g/MyGitRepository/V2_2018/files/code/mulan2_platform/lib/lib81315-sae-loader.a(lin.o)
 .debug_pubnames
                0x000002cd       0xb6 /cygdrive/g/MyGitRepository/V2_2018/files/code/mulan2_platform/lib/lib81315-sae-loader.a(flashupload.o)
 .debug_pubnames
                0x00000383       0x23 /cygdrive/g/MyGitRepository/V2_2018/files/code/mulan2_platform/lib/lib81315-sae-loader.a(loader_get_state.o)
 .debug_pubnames
                0x000003a6       0xdb /cygdrive/g/MyGitRepository/V2_2018/files/code/mulan2_platform/lib/lib81315-sae-loader.a(flashfunctions_c_cmp.o)
 .debug_pubnames
                0x00000481       0x29 /cygdrive/g/MyGitRepository/V2_2018/files/code/mulan2_platform/lib/lib81315-sae-loader.a(ml_SetFastBaudRate.o)
 .debug_pubnames
                0x000004aa       0x1c /cygdrive/g/MyGitRepository/V2_2018/files/code/mulan2_platform/lib/lib81315-sae-loader.a(startup.o)
 .debug_pubnames
                0x000004c6       0x28 /cygdrive/g/MyGitRepository/V2_2018/files/code/mulan2_platform/lib/lib81315-sae-loader.a(ram_section_init.o)
 .debug_pubnames
                0x000004ee       0x1d /cygdrive/g/MyGitRepository/V2_2018/files/code/mulan2_platform/lib/lib81315-sae-loader.a(fatal.o)
 .debug_pubnames
                0x0000050b       0x26 /cygdrive/g/MyGitRepository/V2_2018/files/code/mulan2_platform/lib/lib81315-sae-loader.a(low_level_init.o)
 .debug_pubnames
                0x00000531       0x1f /cygdrive/g/MyGitRepository/V2_2018/files/code/mulan2_platform/lib/lib81315-sae-loader.a(premain.o)
 .debug_pubnames
                0x00000550       0x22 /cygdrive/g/MyGitRepository/V2_2018/files/code/mulan2_platform/lib/lib81315-sae-loader.a(sys_mlx16.o)
 .debug_pubnames
                0x00000572       0x24 /cygdrive/g/MyGitRepository/V2_2018/files/code/mulan2_platform/lib/lib81315-sae-loader.a(mlx_ispowerok.o)
 .debug_pubnames
                0x00000596       0x21 /cygdrive/g/MyGitRepository/V2_2018/files/code/mulan2_platform/lib/lib81315-sae-loader.a(ml_LinInit.o)
 .debug_pubnames
                0x000005b7       0x27 /cygdrive/g/MyGitRepository/V2_2018/files/code/mulan2_platform/lib/lib81315-sae-loader.a(ml_InitLinModule.o)

.debug_aranges  0x00000000      0x234
 .debug_aranges
                0x00000000       0x18 obj/loader.o
 .debug_aranges
                0x00000018       0x30 obj/mlu30.o
 .debug_aranges
                0x00000048       0x1c /cygdrive/g/MyGitRepository/V2_2018/files/code/mulan2_platform/lib/lib81315-sae-loader.a(prestart.o)
 .debug_aranges
                0x00000064       0x24 /cygdrive/g/MyGitRepository/V2_2018/files/code/mulan2_platform/lib/lib81315-sae-loader.a(nvram.o)
 .debug_aranges
                0x00000088       0x24 /cygdrive/g/MyGitRepository/V2_2018/files/code/mulan2_platform/lib/lib81315-sae-loader.a(lin.o)
 .debug_aranges
                0x000000ac       0x44 /cygdrive/g/MyGitRepository/V2_2018/files/code/mulan2_platform/lib/lib81315-sae-loader.a(flashupload.o)
 .debug_aranges
                0x000000f0       0x18 /cygdrive/g/MyGitRepository/V2_2018/files/code/mulan2_platform/lib/lib81315-sae-loader.a(loader_get_state.o)
 .debug_aranges
                0x00000108       0x3c /cygdrive/g/MyGitRepository/V2_2018/files/code/mulan2_platform/lib/lib81315-sae-loader.a(flashfunctions_c_cmp.o)
 .debug_aranges
                0x00000144       0x18 /cygdrive/g/MyGitRepository/V2_2018/files/code/mulan2_platform/lib/lib81315-sae-loader.a(ml_SetFastBaudRate.o)
 .debug_aranges
                0x0000015c       0x18 /cygdrive/g/MyGitRepository/V2_2018/files/code/mulan2_platform/lib/lib81315-sae-loader.a(startup.o)
 .debug_aranges
                0x00000174       0x18 /cygdrive/g/MyGitRepository/V2_2018/files/code/mulan2_platform/lib/lib81315-sae-loader.a(ram_section_init.o)
 .debug_aranges
                0x0000018c       0x18 /cygdrive/g/MyGitRepository/V2_2018/files/code/mulan2_platform/lib/lib81315-sae-loader.a(fatal.o)
 .debug_aranges
                0x000001a4       0x18 /cygdrive/g/MyGitRepository/V2_2018/files/code/mulan2_platform/lib/lib81315-sae-loader.a(low_level_init.o)
 .debug_aranges
                0x000001bc       0x18 /cygdrive/g/MyGitRepository/V2_2018/files/code/mulan2_platform/lib/lib81315-sae-loader.a(premain.o)
 .debug_aranges
                0x000001d4       0x18 /cygdrive/g/MyGitRepository/V2_2018/files/code/mulan2_platform/lib/lib81315-sae-loader.a(sys_mlx16.o)
 .debug_aranges
                0x000001ec       0x18 /cygdrive/g/MyGitRepository/V2_2018/files/code/mulan2_platform/lib/lib81315-sae-loader.a(mlx_ispowerok.o)
 .debug_aranges
                0x00000204       0x18 /cygdrive/g/MyGitRepository/V2_2018/files/code/mulan2_platform/lib/lib81315-sae-loader.a(ml_LinInit.o)
 .debug_aranges
                0x0000021c       0x18 /cygdrive/g/MyGitRepository/V2_2018/files/code/mulan2_platform/lib/lib81315-sae-loader.a(ml_InitLinModule.o)

.debug_str      0x00000000     0x111a
 .debug_str     0x00000000       0xb0 obj/loader.o
                                 0xe9 (size before relaxing)
 .debug_str     0x000000b0      0x25a obj/mlu30.o
                                0x332 (size before relaxing)
 .debug_str     0x0000030a       0x9b obj/loader_state.o
                                0x160 (size before relaxing)
 .debug_str     0x000003a5      0x27d /cygdrive/g/MyGitRepository/V2_2018/files/code/mulan2_platform/lib/lib81315-sae-loader.a(prestart.o)
                                0x314 (size before relaxing)
 .debug_str     0x00000622       0x2c /cygdrive/g/MyGitRepository/V2_2018/files/code/mulan2_platform/lib/lib81315-sae-loader.a(lib_mlx813xx_bist.o)
                                0x128 (size before relaxing)
 .debug_str     0x0000064e       0xc8 /cygdrive/g/MyGitRepository/V2_2018/files/code/mulan2_platform/lib/lib81315-sae-loader.a(nvram.o)
                                0x1cd (size before relaxing)
 .debug_str     0x00000716      0x1af /cygdrive/g/MyGitRepository/V2_2018/files/code/mulan2_platform/lib/lib81315-sae-loader.a(lin.o)
                                0x408 (size before relaxing)
 .debug_str     0x000008c5      0x3ac /cygdrive/g/MyGitRepository/V2_2018/files/code/mulan2_platform/lib/lib81315-sae-loader.a(flashupload.o)
                                0x6eb (size before relaxing)
 .debug_str     0x00000c71       0x2d /cygdrive/g/MyGitRepository/V2_2018/files/code/mulan2_platform/lib/lib81315-sae-loader.a(loader_get_state.o)
                                0x17f (size before relaxing)
 .debug_str     0x00000c9e      0x16d /cygdrive/g/MyGitRepository/V2_2018/files/code/mulan2_platform/lib/lib81315-sae-loader.a(flashfunctions_c_cmp.o)
                                0x368 (size before relaxing)
 .debug_str     0x00000e0b       0x7d /cygdrive/g/MyGitRepository/V2_2018/files/code/mulan2_platform/lib/lib81315-sae-loader.a(ml_SetFastBaudRate.o)
                                0x16d (size before relaxing)
 .debug_str     0x00000e88       0x58 /cygdrive/g/MyGitRepository/V2_2018/files/code/mulan2_platform/lib/lib81315-sae-loader.a(startup.o)
                                 0xf6 (size before relaxing)
 .debug_str     0x00000ee0       0x96 /cygdrive/g/MyGitRepository/V2_2018/files/code/mulan2_platform/lib/lib81315-sae-loader.a(ram_section_init.o)
                                0x15e (size before relaxing)
 .debug_str     0x00000f76        0xf /cygdrive/g/MyGitRepository/V2_2018/files/code/mulan2_platform/lib/lib81315-sae-loader.a(fatal.o)
                                0x168 (size before relaxing)
 .debug_str     0x00000f85       0x3d /cygdrive/g/MyGitRepository/V2_2018/files/code/mulan2_platform/lib/lib81315-sae-loader.a(low_level_init.o)
                                0x1e0 (size before relaxing)
 .debug_str     0x00000fc2       0x2b /cygdrive/g/MyGitRepository/V2_2018/files/code/mulan2_platform/lib/lib81315-sae-loader.a(premain.o)
                                0x1f8 (size before relaxing)
 .debug_str     0x00000fed       0x7a /cygdrive/g/MyGitRepository/V2_2018/files/code/mulan2_platform/lib/lib81315-sae-loader.a(sys_mlx16.o)
                                0x1cb (size before relaxing)
 .debug_str     0x00001067       0x77 /cygdrive/g/MyGitRepository/V2_2018/files/code/mulan2_platform/lib/lib81315-sae-loader.a(mlx_ispowerok.o)
                                0x1e7 (size before relaxing)
 .debug_str     0x000010de       0x18 /cygdrive/g/MyGitRepository/V2_2018/files/code/mulan2_platform/lib/lib81315-sae-loader.a(ml_LinInit.o)
                                 0xd5 (size before relaxing)
 .debug_str     0x000010f6       0x24 /cygdrive/g/MyGitRepository/V2_2018/files/code/mulan2_platform/lib/lib81315-sae-loader.a(ml_InitLinModule.o)
                                0x203 (size before relaxing)

.comment        0x00000000       0x11
 .comment       0x00000000       0x11 obj/loader.o
                                 0x12 (size before relaxing)
 .comment       0x00000000       0x12 obj/mlu30.o
 .comment       0x00000000       0x12 obj/loader_state.o
 .comment       0x00000000       0x12 /cygdrive/g/MyGitRepository/V2_2018/files/code/mulan2_platform/lib/lib81315-sae-loader.a(prestart.o)
 .comment       0x00000000       0x12 /cygdrive/g/MyGitRepository/V2_2018/files/code/mulan2_platform/lib/lib81315-sae-loader.a(lib_mlx813xx_bist.o)
 .comment       0x00000000       0x12 /cygdrive/g/MyGitRepository/V2_2018/files/code/mulan2_platform/lib/lib81315-sae-loader.a(nvram.o)
 .comment       0x00000000       0x12 /cygdrive/g/MyGitRepository/V2_2018/files/code/mulan2_platform/lib/lib81315-sae-loader.a(lin.o)
 .comment       0x00000000       0x12 /cygdrive/g/MyGitRepository/V2_2018/files/code/mulan2_platform/lib/lib81315-sae-loader.a(flashupload.o)
 .comment       0x00000000       0x12 /cygdrive/g/MyGitRepository/V2_2018/files/code/mulan2_platform/lib/lib81315-sae-loader.a(loader_get_state.o)
 .comment       0x00000000       0x12 /cygdrive/g/MyGitRepository/V2_2018/files/code/mulan2_platform/lib/lib81315-sae-loader.a(flashfunctions_c_cmp.o)
 .comment       0x00000000       0x12 /cygdrive/g/MyGitRepository/V2_2018/files/code/mulan2_platform/lib/lib81315-sae-loader.a(ml_SetFastBaudRate.o)
 .comment       0x00000000       0x12 /cygdrive/g/MyGitRepository/V2_2018/files/code/mulan2_platform/lib/lib81315-sae-loader.a(startup.o)
 .comment       0x00000000       0x12 /cygdrive/g/MyGitRepository/V2_2018/files/code/mulan2_platform/lib/lib81315-sae-loader.a(ram_section_init.o)
 .comment       0x00000000       0x12 /cygdrive/g/MyGitRepository/V2_2018/files/code/mulan2_platform/lib/lib81315-sae-loader.a(fatal.o)
 .comment       0x00000000       0x12 /cygdrive/g/MyGitRepository/V2_2018/files/code/mulan2_platform/lib/lib81315-sae-loader.a(low_level_init.o)
 .comment       0x00000000       0x12 /cygdrive/g/MyGitRepository/V2_2018/files/code/mulan2_platform/lib/lib81315-sae-loader.a(premain.o)
 .comment       0x00000000       0x12 /cygdrive/g/MyGitRepository/V2_2018/files/code/mulan2_platform/lib/lib81315-sae-loader.a(sys_mlx16.o)
 .comment       0x00000000       0x12 /cygdrive/g/MyGitRepository/V2_2018/files/code/mulan2_platform/lib/lib81315-sae-loader.a(mlx_ispowerok.o)
 .comment       0x00000000       0x12 /cygdrive/g/MyGitRepository/V2_2018/files/code/mulan2_platform/lib/lib81315-sae-loader.a(ml_LinInit.o)
 .comment       0x00000000       0x12 /cygdrive/g/MyGitRepository/V2_2018/files/code/mulan2_platform/lib/lib81315-sae-loader.a(ml_InitLinModule.o)
