-  Map-Datei (Lin Description File)
-  
Environment:
-  Environment-structure at Pointeradress: 00000000
-  Environment-strings at Pointeradress: 000002C0
-  
Nodes:
-  Node-0-name = BusMaster at Pointeradress: 000002D2    DiagAdr :  0
-  Node-1-name = MLX at Pointeradress: 000002DC    DiagAdr :  0
-  
Signals:
-  Signal-0-structure at Pointeradress: 000002E0
-  Signal-1-structure at Pointeradress: 000002EC
-  Signal-2-structure at Pointeradress: 000002F8
-  Signal-3-structure at Pointeradress: 00000304
-  Signal-4-structure at Pointeradress: 00000310
-  Signal-5-structure at Pointeradress: 0000031C
-  Signal-6-structure at Pointeradress: 00000328
-  Signal-7-structure at Pointeradress: 00000334
-  Signal-8-structure at Pointeradress: 00000340
-  Signal-9-structure at Pointeradress: 0000034C
-  Signal-10-structure at Pointeradress: 00000358
-  Signal-11-structure at Pointeradress: 00000364
-  Signal-12-structure at Pointeradress: 00000370
-  Signal-13-structure at Pointeradress: 0000037C
-  Signal-14-structure at Pointeradress: 00000388
-  Signal-15-structure at Pointeradress: 00000394
-  Signal-16-structure at Pointeradress: 000003A0
-  Signal-17-structure at Pointeradress: 000003AC
-  Signal-18-structure at Pointeradress: 000003B8
-  Signal-19-structure at Pointeradress: 000003C4
-  Signal-20-structure at Pointeradress: 000003D0
-  Signal-21-structure at Pointeradress: 000003DC
-  Signal-22-structure at Pointeradress: 000003E8
-  Signal-23-structure at Pointeradress: 000003F4
-  Signal-24-structure at Pointeradress: 00000400
-  Signal-25-structure at Pointeradress: 0000040C
-  Signal-26-structure at Pointeradress: 00000418
-  Signal-27-structure at Pointeradress: 00000424
-  Signal-28-structure at Pointeradress: 00000430
-  Signal-29-structure at Pointeradress: 0000043C
-  Signal-30-structure at Pointeradress: 00000448
-  Signal-names: 
-  Signal-0-name = PUB1_B0 at Pointeradress: 00000454
-  Signal-1-name = PUB1_B1 at Pointeradress: 0000045C
-  Signal-2-name = SUB1_B0 at Pointeradress: 00000464
-  Signal-3-name = SUB1_B1 at Pointeradress: 0000046C
-  Signal-4-name = SUB1_B2 at Pointeradress: 00000474
-  Signal-5-name = SUB1_B3 at Pointeradress: 0000047C
-  Signal-6-name = SUB1_B4 at Pointeradress: 00000484
-  Signal-7-name = SUB1_B5 at Pointeradress: 0000048C
-  Signal-8-name = SUB1_B6 at Pointeradress: 00000494
-  Signal-9-name = SUB1_B7 at Pointeradress: 0000049C
-  Signal-10-name = RESP_ERR at Pointeradress: 000004A4
-  Signal-11-name = PUB2_B0 at Pointeradress: 000004AE
-  Signal-12-name = PUB2_B1 at Pointeradress: 000004B6
-  Signal-13-name = SUB2_B0 at Pointeradress: 000004BE
-  Signal-14-name = SUB2_B1 at Pointeradress: 000004C6
-  Signal-15-name = MasterReqB0 at Pointeradress: 000004CE
-  Signal-16-name = MasterReqB1 at Pointeradress: 000004DA
-  Signal-17-name = MasterReqB2 at Pointeradress: 000004E6
-  Signal-18-name = MasterReqB3 at Pointeradress: 000004F2
-  Signal-19-name = MasterReqB4 at Pointeradress: 000004FE
-  Signal-20-name = MasterReqB5 at Pointeradress: 0000050A
-  Signal-21-name = MasterReqB6 at Pointeradress: 00000516
-  Signal-22-name = MasterReqB7 at Pointeradress: 00000522
-  Signal-23-name = SlaveRespB0 at Pointeradress: 0000052E
-  Signal-24-name = SlaveRespB1 at Pointeradress: 0000053A
-  Signal-25-name = SlaveRespB2 at Pointeradress: 00000546
-  Signal-26-name = SlaveRespB3 at Pointeradress: 00000552
-  Signal-27-name = SlaveRespB4 at Pointeradress: 0000055E
-  Signal-28-name = SlaveRespB5 at Pointeradress: 0000056A
-  Signal-29-name = SlaveRespB6 at Pointeradress: 00000576
-  Signal-30-name = SlaveRespB7 at Pointeradress: 00000582
-  
Frames:
-  Frame-ID(0)-structure at Pointeradress: 0000058E
-  Frame-ID(0) contains 3 Signals
-  Frame-ID(1)-structure at Pointeradress: 0000059C
-  Frame-ID(1) contains 8 Signals
-  Frame-ID(2)-structure at Pointeradress: 000005B4
-  Frame-ID(2) contains 2 Signals
-  Frame-ID(3)-structure at Pointeradress: 000005C0
-  Frame-ID(3) contains 2 Signals
-  Frame-ID(60)-structure at Pointeradress: 000005CC
-  Frame-ID(60) contains 8 Signals
-  Frame-ID(61)-structure at Pointeradress: 000005E4
-  Frame-ID(61) contains 8 Signals
-  Frame-names: 
-  Frame-ID(0)-name = PUB1 at Pointeradress: 000005FC
-  Frame-ID(1)-name = SUB1 at Pointeradress: 00000602
-  Frame-ID(2)-name = PUB2 at Pointeradress: 00000608
-  Frame-ID(3)-name = SUB2 at Pointeradress: 0000060E
-  Frame-ID(60)-name = MasterReq at Pointeradress: 00000614
-  Frame-ID(61)-name = SlaveResp at Pointeradress: 0000061E
-  
ScheduleTables:
-  ScheduleTable-0-structure at Pointeradress: 00000628
-  ScheduleTable-0 contains 4 Frames
-  ScheduleTable-names: 
-  ScheduleTable-0-name = Normal at Pointeradress: 0000063C

