Archive member included because of file (symbol)

/cygdrive/g/MyGitRepository/V3_20200831/files/code/mulan2_platform/lib/lib81315-sae-loader.a(sys_srv.o)
                              (mlx_pltf_version)
/cygdrive/g/MyGitRepository/V3_20200831/files/code/mulan2_platform/lib/lib81315-sae-loader.a(prestart.o)
                              obj/vectors-lin.o (__prestart)
/cygdrive/g/MyGitRepository/V3_20200831/files/code/mulan2_platform/lib/lib81315-sae-loader.a(sys_mlx16.o)
                              obj/lib_mlx315_misc.o (_MLX16_RESET)
/cygdrive/g/MyGitRepository/V3_20200831/files/code/mulan2_platform/lib/lib81315-sae-loader.a(lib_mlx813xx_bist.o)
                              obj/fatal.o (_bistHeader)
/cygdrive/g/MyGitRepository/V3_20200831/files/code/mulan2_platform/lib/lib81315-sae-loader.a(nvram.o)
                              obj/NVRAM_UserPage.o (_NVRAM_LoadAll)
/cygdrive/g/MyGitRepository/V3_20200831/files/code/mulan2_platform/lib/lib81315-sae-loader.a(div32_32by16.o)
                              obj/MotorDriver.o (_divU32_U32byU16)
/cygdrive/g/MyGitRepository/V3_20200831/files/code/mulan2_platform/lib/lib81315-sae-loader.a(mul32_16by16_copr.o)
                              obj/ADC.o (_mulI32_I16byU16)
/cygdrive/g/MyGitRepository/V3_20200831/files/code/mulan2_platform/lib/lib81315-sae-loader.a(mlx4_prog.o)
                              (mlx4_prog)
/cygdrive/g/MyGitRepository/V3_20200831/files/code/mulan2_platform/lib/lib81315-sae-loader.a(api.o)
                              obj/LIN_Communication.o (_LinProtectedID)
/cygdrive/g/MyGitRepository/V3_20200831/files/code/mulan2_platform/lib/lib81315-sae-loader.a(lin.o)
                              obj/LIN_Communication.o (_LinFrameDataBuffer)
/cygdrive/g/MyGitRepository/V3_20200831/files/code/mulan2_platform/lib/lib81315-sae-loader.a(ml_LinInterruptHandler.o)
                              obj/vectors-lin.o (_ml_LinInterruptHandler)
/cygdrive/g/MyGitRepository/V3_20200831/files/code/mulan2_platform/lib/lib81315-sae-loader.a(ml_InitLinModule.o)
                              obj/LIN_Communication.o (_ml_InitLinModule)
/cygdrive/g/MyGitRepository/V3_20200831/files/code/mulan2_platform/lib/lib81315-sae-loader.a(flashupload.o)
                              /cygdrive/g/MyGitRepository/V3_20200831/files/code/mulan2_platform/lib/lib81315-sae-loader.a(lin.o) (_ldr_isReadByIdMessage)
/cygdrive/g/MyGitRepository/V3_20200831/files/code/mulan2_platform/lib/lib81315-sae-loader.a(loader_state.o)
                              /cygdrive/g/MyGitRepository/V3_20200831/files/code/mulan2_platform/lib/lib81315-sae-loader.a(flashupload.o) (_loader_flags)
/cygdrive/g/MyGitRepository/V3_20200831/files/code/mulan2_platform/lib/lib81315-sae-loader.a(loader_get_state.o)
                              /cygdrive/g/MyGitRepository/V3_20200831/files/code/mulan2_platform/lib/lib81315-sae-loader.a(prestart.o) (_LDR_GetState)
/cygdrive/g/MyGitRepository/V3_20200831/files/code/mulan2_platform/lib/lib81315-sae-loader.a(flashfunctions_c_cmp.o)
                              /cygdrive/g/MyGitRepository/V3_20200831/files/code/mulan2_platform/lib/lib81315-sae-loader.a(flashupload.o) (_Flash_InitDriver)
/cygdrive/g/MyGitRepository/V3_20200831/files/code/mulan2_platform/lib/lib81315-sae-loader.a(ml_SetFastBaudRate.o)
                              /cygdrive/g/MyGitRepository/V3_20200831/files/code/mulan2_platform/lib/lib81315-sae-loader.a(flashupload.o) (_ml_SetFastBaudRate)
/cygdrive/g/MyGitRepository/V3_20200831/files/code/mulan2_platform/lib/lib81315-sae-loader.a(startup.o)
                              /cygdrive/g/MyGitRepository/V3_20200831/files/code/mulan2_platform/lib/lib81315-sae-loader.a(prestart.o) (_start)
/cygdrive/g/MyGitRepository/V3_20200831/files/code/mulan2_platform/lib/lib81315-sae-loader.a(ram_section_init.o)
                              /cygdrive/g/MyGitRepository/V3_20200831/files/code/mulan2_platform/lib/lib81315-sae-loader.a(startup.o) (__ram_section_init)
/cygdrive/g/MyGitRepository/V3_20200831/files/code/mulan2_platform/lib/lib81315-sae-loader.a(ram_test.o)
                              /cygdrive/g/MyGitRepository/V3_20200831/files/code/mulan2_platform/lib/lib81315-sae-loader.a(prestart.o) (_RAM_Test)
/cygdrive/g/MyGitRepository/V3_20200831/files/code/mulan2_platform/lib/lib81315-sae-loader.a(low_level_init.o)
                              /cygdrive/g/MyGitRepository/V3_20200831/files/code/mulan2_platform/lib/lib81315-sae-loader.a(startup.o) (__low_level_init)
/cygdrive/g/MyGitRepository/V3_20200831/files/code/mulan2_platform/lib/lib81315-sae-loader.a(premain.o)
                              /cygdrive/g/MyGitRepository/V3_20200831/files/code/mulan2_platform/lib/lib81315-sae-loader.a(startup.o) (__premain)
/cygdrive/g/MyGitRepository/V3_20200831/files/code/mulan2_platform/lib/lib81315-sae-loader.a(mlx_ispowerok.o)
[...]
Memory Configuration

Name             Origin             Length             Attributes
shared_ram       0x00000000         0x00000010         rw !x
ram_lin_fixed    0x00000010         0x00000008         rw
ram              0x00000018         0x00000728         xrw
dynram           0x00000740         0x00000080         xrw
mlx4_ram         0x000007c0         0x00000040         rw !x
eeprom           0x00001000         0x00000100         xrw
eeprom2          0x00001100         0x00000100         xrw
system_io        0x00002000         0x00000100         rw !x
user_io          0x00002800         0x00000100         rw !x
mlx4_flash       0x00004000         0x00001540         xr
mlx4_table       0x00005540         0x00000088         r
rom              0x000055c8         0x000068b8         xr
loader_flags     0x0000be80         0x00000080         r
protection_key   0x0000bf46         0x00000008         r
flash_crc        0x0000bf4e         0x00000002         r
product_no       0x0000bf50         0x00000008         r
app_version      0x0000bf58         0x00000004         r
pltf_version     0x0000bf5c         0x00000004         r
system_services  0x0000bf60         0x00000006         xr
loader_rst_state 0x0000bf66         0x00000002         r
vectors          0x0000bf68         0x00000098         xr
*default*        0x00000000         0xffffffff

Linker script and memory map

LOAD obj/muldiv16_16by16by16.o
LOAD obj/lin2b_romtbl.o
LOAD obj/vectors-lin.o
LOAD obj/main.o
LOAD obj/app_coolantvalve.o
LOAD obj/app_version.o
LOAD obj/lib_mlx315_misc.o
LOAD obj/system_background.o
LOAD obj/LIN_Communication.o
LOAD obj/LIN_Diagnostics.o
LOAD obj/ADC.o
LOAD obj/Diagnostic.o
LOAD obj/ErrorCodes.o
LOAD obj/MotorDriver.o
LOAD obj/MotorDriverTables.o
LOAD obj/MotorStall.o
LOAD obj/NVRAM_UserPage.o
LOAD obj/PID_Control.o
LOAD obj/Timer.o
LOAD obj/SPI_Debug.o
LOAD obj/fatal.o
LOAD /cygdrive/g/MyGitRepository/V3_20200831/files/code/mulan2_platform/lib/lib81315-sae-loader.a
LOAD /cygdrive/c/Program Files (x86)/Melexis/mlx16-gcc_1_12_3/bin/../lib/gcc/mlx16/3.4.3/mlx16-x8/libgcc.a
LOAD /cygdrive/c/Program Files (x86)/Melexis/mlx16-gcc_1_12_3/bin/../lib/gcc/mlx16/3.4.3/../../../../mlx16/lib/mlx16-x8/libc.a
LOAD /cygdrive/c/Program Files (x86)/Melexis/mlx16-gcc_1_12_3/bin/../lib/gcc/mlx16/3.4.3/mlx16-x8/libgcc.a
START GROUP
LOAD /cygdrive/c/Program Files (x86)/Melexis/mlx16-gcc_1_12_3/bin/../lib/gcc/mlx16/3.4.3/../../../../mlx16/lib/mlx16-x8/libc.a
LOAD /cygdrive/c/Program Files (x86)/Melexis/mlx16-gcc_1_12_3/bin/../lib/gcc/mlx16/3.4.3/mlx16-x8/libgcc.a
END GROUP
                0x00000000                __dp__ = 0x0
                0x00002800                __io__ = 0x2800
                0x00001000                __ep__ = 0x1000
                0x0000bf00                __fp0__ = 0xbf00
                0x0000be00                __fp1__ = 0xbe00
                0x0000bd00                __fp2__ = 0xbd00
                0x0000bc00                __fp3__ = 0xbc00
                0x0000bb00                __fp4__ = 0xbb00
                0x0000ba00                __fp5__ = 0xba00
                0x0000b900                __fp6__ = 0xb900
                0x00001000                __fp7__ = 0x1000

.mlx4_flash     0x00004000     0x14f0
                0x00004000                __mlx4_flash_start = .
 *(.mlx4_prog)
 .mlx4_prog     0x00004000     0x14f0 /cygdrive/g/MyGitRepository/V3_20200831/files/code/mulan2_platform/lib/lib81315-sae-loader.a(mlx4_prog.o)
                0x00004000                mlx4_prog
                0x000054f0                __mlx4_flash_end = .

.mlx4_table     0x00005540       0x88
                0x00005540                __mlx4_table_start = .
 *(.mlx4_table)
 .mlx4_table    0x00005540       0x88 obj/lin2b_romtbl.o
                0x00005540                _INDXtbl
                0x000055c0                _AUTOADDtbl
                0x000055c8                __mlx4_table_end = .

.mlx16_vectors  0x0000bf68       0x98
 *(.vectors)
 .vectors       0x0000bf68       0x98 obj/vectors-lin.o
                0x0000bf68                __vectors

.loader_flags   0x0000be80       0x80
 *(.loader_flags)
 .loader_flags  0x0000be80       0x80 /cygdrive/g/MyGitRepository/V3_20200831/files/code/mulan2_platform/lib/lib81315-sae-loader.a(loader_state.o)
                0x0000be80                _loader_flags

.loader_rst_state
                0x0000bf66        0x2
 *(.loader_rst_state)
 .loader_rst_state
                0x0000bf66        0x2 /cygdrive/g/MyGitRepository/V3_20200831/files/code/mulan2_platform/lib/lib81315-sae-loader.a(loader_state.o)
                0x0000bf66                _loader_rst_state

.system_services
                0x0000bf60        0x6
 *(.system_services)
 .system_services
                0x0000bf60        0x6 /cygdrive/g/MyGitRepository/V3_20200831/files/code/mulan2_platform/lib/lib81315-sae-loader.a(sys_srv.o)
                0x0000bf60                mlx_enter_protected_mode

.protection_key
                0x0000bf46        0x8
 *(.protection_key)
 .protection_key
                0x0000bf46        0x8 obj/app_version.o
                0x0000bf46                _Flash_Key

.flash_crc      0x0000bf4e        0x2
 *(.flash_crc)
 .flash_crc     0x0000bf4e        0x2 obj/app_version.o
                0x0000bf4e                _Flash_CRC

.product_no     0x0000bf50        0x8
 *(.product_no)
 .product_no    0x0000bf50        0x8 obj/app_version.o
                0x0000bf50                _product_id

.app_version    0x0000bf58        0x4
 *(.app_version)
 .app_version   0x0000bf58        0x4 obj/app_version.o
                0x0000bf58                _application_version

.pltf_version   0x0000bf5c        0x4
 *(.pltf_version)
 .pltf_version  0x0000bf5c        0x4 /cygdrive/g/MyGitRepository/V3_20200831/files/code/mulan2_platform/lib/lib81315-sae-loader.a(sys_srv.o)
                0x0000bf5c                mlx_pltf_version

.ramfunc        0x00000740       0x1e load address 0x000055c8
                0x00000740                . = ALIGN (0x2)
                0x00000740                __ramfunc_start = .
 *(.ramfunc)
 .ramfunc       0x00000740       0x1e /cygdrive/g/MyGitRepository/V3_20200831/files/code/mulan2_platform/lib/lib81315-sae-loader.a(prestart.o)
                0x00000740                _WriteTMTR
                0x0000075e                . = ALIGN (0x2)
                0x0000075e                __ramfunc_end = .
                0x0000001e                __ramfunc_size = (__ramfunc_end - __ramfunc_start)
                0x000055c8                __ramfunc_load_start = LOADADDR (.ramfunc)

.text           0x000055e8     0x45b4
                0x000055e8                _stext = .
 *(.text.start)
 .text.start    0x000055e8       0x22 /cygdrive/g/MyGitRepository/V3_20200831/files/code/mulan2_platform/lib/lib81315-sae-loader.a(startup.o)
                0x000055e8                _start
 *(.text._low_level_init)
 *(.text._ram_section_init)
 .text._ram_section_init
                0x0000560a       0x42 /cygdrive/g/MyGitRepository/V3_20200831/files/code/mulan2_platform/lib/lib81315-sae-loader.a(ram_section_init.o)
                0x0000560a                __ram_section_init
 *(.text._premain)
 *(.text._fatal)
 *(.mlx_text)
 .mlx_text      0x0000564c       0xce obj/fatal.o
                0x0000564c                _STACK_IT
                0x0000568e                __fatal
 .mlx_text      0x0000571a      0x1fa /cygdrive/g/MyGitRepository/V3_20200831/files/code/mulan2_platform/lib/lib81315-sae-loader.a(prestart.o)
                0x0000571a                __prestart
 .mlx_text      0x00005914       0x7a /cygdrive/g/MyGitRepository/V3_20200831/files/code/mulan2_platform/lib/lib81315-sae-loader.a(sys_mlx16.o)
                0x00005914                _MLX16_RESET
 .mlx_text      0x0000598e       0xfc /cygdrive/g/MyGitRepository/V3_20200831/files/code/mulan2_platform/lib/lib81315-sae-loader.a(nvram.o)
                0x0000598e                _NVRAM_LoadAll
                0x000059f4                _NVRAM_SavePage
                0x00005a52                _NVRAM_BufferFill
                0x00005a7c                _NVRAM_SaveAll
 .mlx_text      0x00005a8a      0x128 /cygdrive/g/MyGitRepository/V3_20200831/files/code/mulan2_platform/lib/lib81315-sae-loader.a(api.o)
                0x00005a8a                _ml_ReleaseBuffer
                0x00005a8e                _ml_ReleaseBufferProg
                0x00005a98                _ml_DataReady
                0x00005aae                _ml_AssignFrameToMessageID
                0x00005ab4                _ml_DisableMessage
                0x00005ab8                _ml_EnableMessage
                0x00005ac4                _ml_AutoAddressingConfig
                0x00005acc                _ml_SetSlewRate
                0x00005ad4                _ml_SetOptions
                0x00005aea                _ml_DiscardFrame
                0x00005aee                _ml_ContFrame
                0x00005b2e                _ml_LinModuleVersion
                0x00005b5c                _ml_GetState
                0x00005b82                _ml_SetBaudRate
                0x00005b8e                _ml_SetAutoBaudRateMode
                0x00005b96                _ml_Connect
                0x00005b9a                _ml_Disconnect
                0x00005b9e                _ml_SwitchToFast
                0x00005ba2                _ml_WakeUp
                0x00005ba6                _ml_GotoSleep
 .mlx_text      0x00005bb2      0x202 /cygdrive/g/MyGitRepository/V3_20200831/files/code/mulan2_platform/lib/lib81315-sae-loader.a(lin.o)
                0x00005bb2                _ml_GetLinEventData
                0x00005be2                _ml_ProccessLinEvent
                0x00005d94                _ml_SetLoaderNAD
                0x00005dae                _ml_GetLoaderNAD
 .mlx_text      0x00005db4       0x1a /cygdrive/g/MyGitRepository/V3_20200831/files/code/mulan2_platform/lib/lib81315-sae-loader.a(ml_LinInterruptHandler.o)
                0x00005db4                _ml_LinInterruptHandler
                0x00005db4                _linit
 .mlx_text      0x00005dce       0x62 /cygdrive/g/MyGitRepository/V3_20200831/files/code/mulan2_platform/lib/lib81315-sae-loader.a(ml_InitLinModule.o)
                0x00005dce                _ml_InitLinModule
 .mlx_text      0x00005e30      0x7d6 /cygdrive/g/MyGitRepository/V3_20200831/files/code/mulan2_platform/lib/lib81315-sae-loader.a(flashupload.o)
                0x00005e30                _ldr_isReadByIdMessage
                0x00005fe8                _ml_ldr_ErrorDetected
                0x00006086                _ml_ldr_SwitchToProgMode
                0x00006116                _ml_ldr_ReadByIdMessage
                0x0000614e                _ml_DiagRequest
                0x000061b2                _ml_DiagReceived
 .mlx_text      0x00006606       0x16 /cygdrive/g/MyGitRepository/V3_20200831/files/code/mulan2_platform/lib/lib81315-sae-loader.a(loader_get_state.o)
                0x00006606                _LDR_GetState
 .mlx_text      0x0000661c      0x232 /cygdrive/g/MyGitRepository/V3_20200831/files/code/mulan2_platform/lib/lib81315-sae-loader.a(flashfunctions_c_cmp.o)
                0x0000661c                _Flash_InitDriver
                0x0000664c                _Flash_GetWriteTime
                0x0000666c                _Flash_PageRead
                0x0000668a                _Flash_PageBufferFill
                0x00006698                _Flash_PageVerifyBuffer
                0x000066ba                _Flash_PageWrite
                0x000067e2                _Flash_IREF_Offset
                0x0000682a                _Flash_PageWriteFiltered
 .mlx_text      0x0000684e       0x52 /cygdrive/g/MyGitRepository/V3_20200831/files/code/mulan2_platform/lib/lib81315-sae-loader.a(ml_SetFastBaudRate.o)
                0x0000684e                _ml_SetFastBaudRate
 .mlx_text      0x000068a0       0x5a /cygdrive/g/MyGitRepository/V3_20200831/files/code/mulan2_platform/lib/lib81315-sae-loader.a(ram_test.o)
                0x000068aa                _RAM_Test
 .mlx_text      0x000068fa      0x152 /cygdrive/g/MyGitRepository/V3_20200831/files/code/mulan2_platform/lib/lib81315-sae-loader.a(low_level_init.o)
                0x000068fa                __low_level_init
 .mlx_text      0x00006a4c       0x98 /cygdrive/g/MyGitRepository/V3_20200831/files/code/mulan2_platform/lib/lib81315-sae-loader.a(premain.o)
                0x00006a4c                __premain
 .mlx_text      0x00006ae4       0x9a /cygdrive/g/MyGitRepository/V3_20200831/files/code/mulan2_platform/lib/lib81315-sae-loader.a(mlx_ispowerok.o)
                0x00006ae4                _mlx_isPowerOk
 .mlx_text      0x00006b7e       0x20 /cygdrive/g/MyGitRepository/V3_20200831/files/code/mulan2_platform/lib/lib81315-sae-loader.a(ml_LinInit.o)
                0x00006b7e                _ml_LinInit
 *(.rodata)
 *fill*         0x00006b9e        0x2 
 .rodata        0x00006ba0        0xc /cygdrive/g/MyGitRepository/V3_20200831/files/code/mulan2_platform/lib/lib81315-sae-loader.a(lin.o)
 *(.rodata._mlx_*)
 .rodata._mlx_loader_info
                0x00006bac        0x1 /cygdrive/g/MyGitRepository/V3_20200831/files/code/mulan2_platform/lib/lib81315-sae-loader.a(flashupload.o)
                0x00006bae                . = ALIGN (0x2)
 *fill*         0x00006bad        0x1 
 *(.text)
 .text          0x00006bae       0x1a obj/muldiv16_16by16by16.o
                0x00006bae                _muldivI16_I16byI16byI16
                0x00006bbc                _muldivU16_U16byU16byU16
 .text          0x00006bc8        0x0 obj/lin2b_romtbl.o
 .text          0x00006bc8        0x0 obj/vectors-lin.o
 .text          0x00006bc8        0x0 obj/main.o
 .text          0x00006bc8        0x0 obj/app_coolantvalve.o
 .text          0x00006bc8        0x0 obj/app_version.o
 .text          0x00006bc8        0x0 obj/lib_mlx315_misc.o
 .text          0x00006bc8        0x0 obj/system_background.o
 .text          0x00006bc8        0x0 obj/LIN_Communication.o
 .text          0x00006bc8        0x0 obj/LIN_Diagnostics.o
 .text          0x00006bc8        0x0 obj/ADC.o
 .text          0x00006bc8        0x0 obj/Diagnostic.o
 .text          0x00006bc8        0x0 obj/ErrorCodes.o
 .text          0x00006bc8        0x0 obj/MotorDriver.o
 .text          0x00006bc8        0x0 obj/MotorDriverTables.o
 .text          0x00006bc8        0x0 obj/MotorStall.o
 .text          0x00006bc8        0x0 obj/NVRAM_UserPage.o
 .text          0x00006bc8        0x0 obj/PID_Control.o
 .text          0x00006bc8        0x0 obj/Timer.o
 .text          0x00006bc8        0x0 obj/SPI_Debug.o
 .text          0x00006bc8        0x0 obj/fatal.o
 .text          0x00006bc8        0x0 /cygdrive/g/MyGitRepository/V3_20200831/files/code/mulan2_platform/lib/lib81315-sae-loader.a(sys_srv.o)
 .text          0x00006bc8        0x0 /cygdrive/g/MyGitRepository/V3_20200831/files/code/mulan2_platform/lib/lib81315-sae-loader.a(prestart.o)
 .text          0x00006bc8        0x0 /cygdrive/g/MyGitRepository/V3_20200831/files/code/mulan2_platform/lib/lib81315-sae-loader.a(sys_mlx16.o)
 .text          0x00006bc8        0x0 /cygdrive/g/MyGitRepository/V3_20200831/files/code/mulan2_platform/lib/lib81315-sae-loader.a(lib_mlx813xx_bist.o)
 .text          0x00006bc8        0x0 /cygdrive/g/MyGitRepository/V3_20200831/files/code/mulan2_platform/lib/lib81315-sae-loader.a(nvram.o)
 .text          0x00006bc8       0x4a /cygdrive/g/MyGitRepository/V3_20200831/files/code/mulan2_platform/lib/lib81315-sae-loader.a(div32_32by16.o)
                0x00006bc8                _divI32_I32byI16
                0x00006bd8                _divI32_I32byU16
                0x00006bfa                _divU32_U32byU16
 .text          0x00006c12       0x14 /cygdrive/g/MyGitRepository/V3_20200831/files/code/mulan2_platform/lib/lib81315-sae-loader.a(mul32_16by16_copr.o)
                0x00006c12                _mulI32_I16byU16
                0x00006c20                _mulU32_U16byU16
 .text          0x00006c26        0x0 /cygdrive/g/MyGitRepository/V3_20200831/files/code/mulan2_platform/lib/lib81315-sae-loader.a(mlx4_prog.o)
 .text          0x00006c26        0x0 /cygdrive/g/MyGitRepository/V3_20200831/files/code/mulan2_platform/lib/lib81315-sae-loader.a(api.o)
 .text          0x00006c26        0x0 /cygdrive/g/MyGitRepository/V3_20200831/files/code/mulan2_platform/lib/lib81315-sae-loader.a(lin.o)
 .text          0x00006c26        0x0 /cygdrive/g/MyGitRepository/V3_20200831/files/code/mulan2_platform/lib/lib81315-sae-loader.a(ml_LinInterruptHandler.o)
 .text          0x00006c26        0x0 /cygdrive/g/MyGitRepository/V3_20200831/files/code/mulan2_platform/lib/lib81315-sae-loader.a(ml_InitLinModule.o)
 .text          0x00006c26        0x0 /cygdrive/g/MyGitRepository/V3_20200831/files/code/mulan2_platform/lib/lib81315-sae-loader.a(flashupload.o)
 .text          0x00006c26        0x0 /cygdrive/g/MyGitRepository/V3_20200831/files/code/mulan2_platform/lib/lib81315-sae-loader.a(loader_state.o)
 .text          0x00006c26        0x0 /cygdrive/g/MyGitRepository/V3_20200831/files/code/mulan2_platform/lib/lib81315-sae-loader.a(loader_get_state.o)
 .text          0x00006c26        0x0 /cygdrive/g/MyGitRepository/V3_20200831/files/code/mulan2_platform/lib/lib81315-sae-loader.a(flashfunctions_c_cmp.o)
 .text          0x00006c26        0x0 /cygdrive/g/MyGitRepository/V3_20200831/files/code/mulan2_platform/lib/lib81315-sae-loader.a(ml_SetFastBaudRate.o)
 .text          0x00006c26        0x0 /cygdrive/g/MyGitRepository/V3_20200831/files/code/mulan2_platform/lib/lib81315-sae-loader.a(startup.o)
 .text          0x00006c26        0x0 /cygdrive/g/MyGitRepository/V3_20200831/files/code/mulan2_platform/lib/lib81315-sae-loader.a(ram_section_init.o)
 .text          0x00006c26        0x0 /cygdrive/g/MyGitRepository/V3_20200831/files/code/mulan2_platform/lib/lib81315-sae-loader.a(ram_test.o)
 .text          0x00006c26        0x0 /cygdrive/g/MyGitRepository/V3_20200831/files/code/mulan2_platform/lib/lib81315-sae-loader.a(low_level_init.o)
 .text          0x00006c26        0x0 /cygdrive/g/MyGitRepository/V3_20200831/files/code/mulan2_platform/lib/lib81315-sae-loader.a(premain.o)
 .text          0x00006c26        0x0 /cygdrive/g/MyGitRepository/V3_20200831/files/code/mulan2_platform/lib/lib81315-sae-loader.a(mlx_ispowerok.o)
 .text          0x00006c26        0x0 /cygdrive/g/MyGitRepository/V3_20200831/files/code/mulan2_platform/lib/lib81315-sae-loader.a(ml_LinInit.o)
 *(.text.*)
 .text.main     0x00006c26       0x50 obj/main.o
                0x00006c26                _main
 .text.App_CoolantValveSMInit
                0x00006c76       0x5a obj/app_coolantvalve.o
                0x00006c76                _App_CoolantValveSMInit
 .text.handleOpeningPosition
                0x00006cd0       0x98 obj/app_coolantvalve.o
                0x00006cd0                _handleOpeningPosition
 .text.handleStateTransition
                0x00006d68       0x60 obj/app_coolantvalve.o
                0x00006d68                _handleStateTransition
 .text.handleInitiliazeProcess
                0x00006dc8      0x1f2 obj/app_coolantvalve.o
                0x00006dc8                _handleInitiliazeProcess
 .text.handleStartInitialize
                0x00006fba       0x3e obj/app_coolantvalve.o
                0x00006fba                _handleStartInitialize
 .text.handleEndstopCheck
                0x00006ff8       0xce obj/app_coolantvalve.o
                0x00006ff8                _handleEndstopCheck
 .text.handleSynchronizePosition
                0x000070c6      0x1fe obj/app_coolantvalve.o
                0x000070c6                _handleSynchronizePosition
 .text.Valve_GotoSleep
                0x000072c4        0x6 obj/app_coolantvalve.o
                0x000072c4                _Valve_GotoSleep
 .text.handleSleepEvent
                0x000072ca       0x22 obj/app_coolantvalve.o
                0x000072ca                _handleSleepEvent
 .text.handleEmergencyRunEvent
                0x000072ec       0x28 obj/app_coolantvalve.o
                0x000072ec                _handleEmergencyRunEvent
 .text.App_CoolantValveSM
                0x00007314       0x36 obj/app_coolantvalve.o
                0x00007314                _App_CoolantValveSM
 .text.HandleActCfrCtrl
                0x0000734a       0x50 obj/app_coolantvalve.o
                0x0000734a                _HandleActCfrCtrl
 .text.HandleActRfrSta
                0x0000739a       0x86 obj/app_coolantvalve.o
                0x0000739a                _HandleActRfrSta
 .text.HandleNMReq
                0x00007420       0x20 obj/app_coolantvalve.o
                0x00007420                _HandleNMReq
 .text.MLX315_SystemInit
                0x00007440       0xdc obj/lib_mlx315_misc.o
                0x00007440                _MLX315_SystemInit
 .text.MLX315_GotoSleep
                0x0000751c       0x38 obj/lib_mlx315_misc.o
                0x0000751c                _MLX315_GotoSleep
 .text.System_BackgroundTaskInit
                0x00007554        0x8 obj/system_background.o
                0x00007554                _System_BackgroundTaskInit
 .text.FlashBackgroundTest
                0x0000755c       0xc8 obj/system_background.o
                0x0000755c                _FlashBackgroundTest
 .text.System_BackgroundMemoryTest
                0x00007624       0x44 obj/system_background.o
                0x00007624                _System_BackgroundMemoryTest
 .text.RamBackgroundTest
                0x00007668        0x4 obj/system_background.o
                0x00007668                _RamBackgroundTest
 .text.System_BackgroundIORegTest
                0x0000766c       0xdc obj/system_background.o
                0x0000766c                _System_BackgroundIORegTest
 .text.handleNetworkManagement
                0x00007748       0x48 obj/LIN_Communication.o
                0x00007748                _handleNetworkManagement
 .text.CalcProtectionBits
                0x00007790       0x64 obj/LIN_Communication.o
                0x00007790                _CalcProtectionBits
 .text.LIN_Init
                0x000077f4       0xc0 obj/LIN_Communication.o
                0x000077f4                _LIN_Init
 .text.handleMLX4StatusSupervisor
                0x000078b4       0x8e obj/LIN_Communication.o
                0x000078b4                _handleMLX4StatusSupervisor
 .text.mlu_ApplicationStop
                0x00007942       0x20 obj/LIN_Communication.o
                0x00007942                _mlu_ApplicationStop
 .text.mlu_DataRequest
                0x00007962       0x64 obj/LIN_Communication.o
                0x00007962                _mlu_DataRequest
 .text.mlu_DataTransmitted
                0x000079c6        0x8 obj/LIN_Communication.o
                0x000079c6                _mlu_DataTransmitted
 .text.LIN2x_ErrorHandling
                0x000079ce       0x60 obj/LIN_Communication.o
                0x000079ce                _LIN2x_ErrorHandling
 .text.mlu_ErrorDetected
                0x00007a2e       0x16 obj/LIN_Communication.o
                0x00007a2e                _mlu_ErrorDetected
 .text.mlu_LinSleepMode
                0x00007a44       0x26 obj/LIN_Communication.o
                0x00007a44                _mlu_LinSleepMode
 .text.mlu_MessageReceived
                0x00007a6a       0x2a obj/LIN_Communication.o
                0x00007a6a                _mlu_MessageReceived
 .text.LIN2J_ErrorHandling
                0x00007a94       0x62 obj/LIN_Communication.o
                0x00007a94                _LIN2J_ErrorHandling
 .text.handleLinInMsg
                0x00007af6       0x42 obj/LIN_Communication.o
                0x00007af6                _handleLinInMsg
 .text.LIN_MainFunction
                0x00007b38       0x2c obj/LIN_Communication.o
                0x00007b38                _LIN_MainFunction
 .text.mlu_AutoAddressingStep
                0x00007b64        0x2 obj/LIN_Communication.o
                0x00007b64                _mlu_AutoAddressingStep
 .text.SetupDiagResponse
                0x00007b66       0x36 obj/LIN_Diagnostics.o
                0x00007b66                _SetupDiagResponse
 .text.CheckSupplier
                0x00007b9c       0x14 obj/LIN_Diagnostics.o
                0x00007b9c                _CheckSupplier
 .text.ValidSupplierFunctionID
                0x00007bb0       0x20 obj/LIN_Diagnostics.o
                0x00007bb0                _ValidSupplierFunctionID
 .text.handleReassignNAD
                0x00007bd0       0x38 obj/LIN_Diagnostics.o
                0x00007bd0                _handleReassignNAD
 .text.handleAssignFrameID
                0x00007c08       0x9c obj/LIN_Diagnostics.o
                0x00007c08                _handleAssignFrameID
 .text.handleReadByIdentifier
                0x00007ca4      0x12c obj/LIN_Diagnostics.o
                0x00007ca4                _handleReadByIdentifier
 .text.handleConditionalChangeNAD
                0x00007dd0       0xc2 obj/LIN_Diagnostics.o
                0x00007dd0                _handleConditionalChangeNAD
 .text.handleDataDump
                0x00007e92       0x90 obj/LIN_Diagnostics.o
                0x00007e92                _handleDataDump
 .text.handleTargetReset
                0x00007f22       0x18 obj/LIN_Diagnostics.o
                0x00007f22                _handleTargetReset
 .text.handleSaveConfig
                0x00007f3a       0x3a obj/LIN_Diagnostics.o
                0x00007f3a                _handleSaveConfig
 .text.handleAssignFrameIDRange
                0x00007f74       0xbe obj/LIN_Diagnostics.o
                0x00007f74                _handleAssignFrameIDRange
 .text.handleWriteByIdentifier
                0x00008032       0x90 obj/LIN_Diagnostics.o
                0x00008032                _handleWriteByIdentifier
 .text.handleReadErrorCodes
                0x000080c2       0x30 obj/LIN_Diagnostics.o
                0x000080c2                _handleReadErrorCodes
 .text.handleMLXEEPatch
                0x000080f2       0x60 obj/LIN_Diagnostics.o
                0x000080f2                _handleMLXEEPatch
 .text.handleMLXEEUserPage
                0x00008152       0x58 obj/LIN_Diagnostics.o
                0x00008152                _handleMLXEEUserPage
 .text.handleMLXEEStore
                0x000081aa       0x46 obj/LIN_Diagnostics.o
                0x000081aa                _handleMLXEEStore
 .text.HandleDfrDiag
                0x000081f0       0xde obj/LIN_Diagnostics.o
                0x000081f0                _HandleDfrDiag
 .text.RfrDiagReset
                0x000082ce       0x2c obj/LIN_Diagnostics.o
                0x000082ce                _RfrDiagReset
 .text.ADC_StartSoftTrig
                0x000082fa       0x32 obj/ADC.o
                0x000082fa                _ADC_StartSoftTrig
 .text.ADC_Stop
                0x0000832c       0x3e obj/ADC.o
                0x0000832c                _ADC_Stop
 .text.ADC_Init
                0x0000836a       0x48 obj/ADC.o
                0x0000836a                _ADC_Init
 .text.ADC_Start
                0x000083b2       0x30 obj/ADC.o
                0x000083b2                _ADC_Start
 .text.ADC_PowerOff
                0x000083e2       0x1c obj/ADC.o
                0x000083e2                _ADC_PowerOff
 .text.ADC_IT   0x000083fe        0x6 obj/ADC.o
                0x000083fe                _ADC_IT
 .text.GetVsupply
                0x00008404       0x36 obj/ADC.o
                0x00008404                _GetVsupply
 .text.GetVsupplyMotor
                0x0000843a       0x3c obj/ADC.o
                0x0000843a                _GetVsupplyMotor
 .text.ResetChipTemperature
                0x00008476        0xa obj/ADC.o
                0x00008476                _ResetChipTemperature
 .text.GetChipTemperature
                0x00008480       0x80 obj/ADC.o
                0x00008480                _GetChipTemperature
 .text.GetRawMotorDriverCurrent
                0x00008500       0x36 obj/ADC.o
                0x00008500                _GetRawMotorDriverCurrent
 .text.GetMotorDriverCurrent
                0x00008536       0x1c obj/ADC.o
                0x00008536                _GetMotorDriverCurrent
 .text.MeasureVsupplyAndTemperature
                0x00008552       0x2e obj/ADC.o
                0x00008552                _MeasureVsupplyAndTemperature
 .text.MeasureMotorCurrent
                0x00008580       0x12 obj/ADC.o
                0x00008580                _MeasureMotorCurrent
 .text.MotorDiagnosticDrift
                0x00008592       0x2a obj/Diagnostic.o
                0x00008592                _MotorDiagnosticDrift
 .text.HandleDiagnosticEvent
                0x000085bc       0x88 obj/Diagnostic.o
                0x000085bc                _HandleDiagnosticEvent
 .text.DiagnosticsInit
                0x00008644       0x8e obj/Diagnostic.o
                0x00008644                _DiagnosticsInit
 .text.EXT4_IT  0x000086d2       0x74 obj/Diagnostic.o
                0x000086d2                _EXT4_IT
 .text.MotorDiagnosticCheckInit
                0x00008746       0x12 obj/Diagnostic.o
                0x00008746                _MotorDiagnosticCheckInit
 .text.MotorDiagnosticOpenCheck
                0x00008758       0x68 obj/Diagnostic.o
                0x00008758                _MotorDiagnosticOpenCheck
 .text.MotorDiagnosticVsupplyAndTemperature
                0x000087c0      0x1b2 obj/Diagnostic.o
                0x000087c0                _MotorDiagnosticVsupplyAndTemperature
 .text.ErrorLogInit
                0x00008972       0x28 obj/ErrorCodes.o
                0x00008972                _ErrorLogInit
 .text.SetLastError
                0x0000899a       0x36 obj/ErrorCodes.o
                0x0000899a                _SetLastError
 .text.GetLastError
                0x000089d0       0x5e obj/ErrorCodes.o
                0x000089d0                _GetLastError
 .text.MotorDriverSetParams
                0x00008a2e       0x24 obj/MotorDriver.o
                0x00008a2e                _MotorDriverSetParams
 .text.MotorDriverGetStatus
                0x00008a52       0x1c obj/MotorDriver.o
                0x00008a52                _MotorDriverGetStatus
 .text.MotorDriverClearFaultStatus
                0x00008a6e       0x20 obj/MotorDriver.o
                0x00008a6e                _MotorDriverClearFaultStatus
 .text.MotorDriver_4PhaseStepper
                0x00008a8e       0xc6 obj/MotorDriver.o
                0x00008a8e                _MotorDriver_4PhaseStepper
 .text.MotorDriverInit
                0x00008b54      0x192 obj/MotorDriver.o
                0x00008b54                _MotorDriverInit
 .text.MotorDriverCurrentMeasureInit
                0x00008ce6       0x34 obj/MotorDriver.o
                0x00008ce6                _MotorDriverCurrentMeasureInit
 .text.MotorDriver_InitialPwmDutyCycle
                0x00008d1a       0x74 obj/MotorDriver.o
                0x00008d1a                _MotorDriver_InitialPwmDutyCycle
 .text.MotorDriverStart
                0x00008d8e       0xb6 obj/MotorDriver.o
                0x00008d8e                _MotorDriverStart
 .text.MotorDriverStop
                0x00008e44       0xee obj/MotorDriver.o
                0x00008e44                _MotorDriverStop
 .text.MotorDriver_MainFunction
                0x00008f32      0x1b0 obj/MotorDriver.o
                0x00008f32                _MotorDriver_MainFunction
 .text.MotorDriverCurrentMeasure
                0x000090e2       0x82 obj/MotorDriver.o
                0x000090e2                _MotorDriverCurrentMeasure
 .text.EXT0_IT  0x00009164      0x1a6 obj/MotorDriver.o
                0x00009164                _EXT0_IT
 .text.MotorStallInitH
                0x0000930a       0x20 obj/MotorStall.o
                0x0000930a                _MotorStallInitH
 .text.MotorStallCheckH
                0x0000932a       0x8a obj/MotorStall.o
                0x0000932a                _MotorStallCheckH
 .text.NVRAM_CRC8
                0x000093b4       0x16 obj/NVRAM_UserPage.o
                0x000093b4                _NVRAM_CRC8
 .text.NVRAM_Init
                0x000093ca       0x7e obj/NVRAM_UserPage.o
                0x000093ca                _NVRAM_Init
 .text.NVRAM_Read
                0x00009448       0x8c obj/NVRAM_UserPage.o
                0x00009448                _NVRAM_Read
 .text.NVRAM_Write
                0x000094d4      0x156 obj/NVRAM_UserPage.o
                0x000094d4                _NVRAM_Write
 .text.NVRAM_Store
                0x0000962a       0x7a obj/NVRAM_UserPage.o
                0x0000962a                _NVRAM_Store
 .text.NVRAM_StorePatch
                0x000096a4        0x8 obj/NVRAM_UserPage.o
                0x000096a4                _NVRAM_StorePatch
 .text.NVRAM_CountCRC8
                0x000096ac       0x44 obj/NVRAM_UserPage.o
                0x000096ac                _NVRAM_CountCRC8
 .text.PlaceError
                0x000096f0       0x28 obj/NVRAM_UserPage.o
                0x000096f0                _PlaceError
 .text.NVRAM_LogError
                0x00009718       0x90 obj/NVRAM_UserPage.o
                0x00009718                _NVRAM_LogError
 .text.NVRAM_GetLastError
                0x000097a8       0x34 obj/NVRAM_UserPage.o
                0x000097a8                _NVRAM_GetLastError
 .text.NVRAM_ClearErrorLog
                0x000097dc       0x2c obj/NVRAM_UserPage.o
                0x000097dc                _NVRAM_ClearErrorLog
 .text.PID_Init
                0x00009808       0x84 obj/PID_Control.o
                0x00009808                _PID_Init
 .text.VoltageCorrection
                0x0000988c       0x4e obj/PID_Control.o
                0x0000988c                _VoltageCorrection
 .text.PID_Control
                0x000098da       0xce obj/PID_Control.o
                0x000098da                _PID_Control
 .text.ThresholdControl
                0x000099a8       0x78 obj/PID_Control.o
                0x000099a8                _ThresholdControl
 .text.Timer_Init
                0x00009a20       0x14 obj/Timer.o
                0x00009a20                _Timer_Init
 .text.Timer_Start
                0x00009a34       0x12 obj/Timer.o
                0x00009a34                _Timer_Start
 .text.Timer_IsExpired
                0x00009a46       0x14 obj/Timer.o
                0x00009a46                _Timer_IsExpired
 .text.Timer_SleepCompensation
                0x00009a5a       0x3c obj/Timer.o
                0x00009a5a                _Timer_SleepCompensation
 .text.TIMER_IT
                0x00009a96       0x24 obj/Timer.o
                0x00009a96                _TIMER_IT
 .text.SpiDebugWriteFirst
                0x00009aba       0x1e obj/SPI_Debug.o
                0x00009aba                _SpiDebugWriteFirst
 .text.SpiDebugInit
                0x00009ad8       0x1c obj/SPI_Debug.o
                0x00009ad8                _SpiDebugInit
 .text.SpiDebugWriteNext
                0x00009af4        0x6 obj/SPI_Debug.o
                0x00009af4                _SpiDebugWriteNext
 *(.rodata.*)
 .rodata.SBASE_INIT_4PH
                0x00009afa        0xc obj/ADC.o
                0x00009afa                _SBASE_INIT_4PH
 .rodata.SBASE_CURRENT
                0x00009b06        0x4 obj/ADC.o
                0x00009b06                _SBASE_CURRENT
 .rodata.SBASE_MOTORVOLT
                0x00009b0a        0x4 obj/ADC.o
                0x00009b0a                _SBASE_MOTORVOLT
 .rodata.SBASE_SUPPLYVOLT
                0x00009b0e        0x4 obj/ADC.o
                0x00009b0e                _SBASE_SUPPLYVOLT
 .rodata.SBASE_TEMP
                0x00009b12        0x4 obj/ADC.o
                0x00009b12                _SBASE_TEMP
 .rodata.SBASE_CURROFF
                0x00009b16        0x4 obj/ADC.o
                0x00009b16                _SBASE_CURROFF
 .rodata.SBASE_VREF_OFF
                0x00009b1a        0x4 obj/ADC.o
                0x00009b1a                _SBASE_VREF_OFF
 .rodata.c_ai16MicroStepVector4PH
                0x00009b1e       0x50 obj/MotorDriverTables.o
                0x00009b1e                _c_ai16MicroStepVector4PH
 .rodata.c_au8DrvCfgSelfTestB4
                0x00009b6e        0xa obj/MotorDriverTables.o
                0x00009b6e                _c_au8DrvCfgSelfTestB4
 .rodata.c_au16DrvAdcSelfTestA
                0x00009b78       0x10 obj/MotorDriverTables.o
                0x00009b78                _c_au16DrvAdcSelfTestA
 .rodata.c_au8DrvCfgSelfTestA
                0x00009b88        0x8 obj/MotorDriverTables.o
                0x00009b88                _c_au8DrvCfgSelfTestA
 .rodata.PageIntegerityDefault
                0x00009b90        0x4 obj/NVRAM_UserPage.o
                0x00009b90                _PageIntegerityDefault
 .rodata.READ_BY_ID_BC
                0x00009b94        0x8 /cygdrive/g/MyGitRepository/V3_20200831/files/code/mulan2_platform/lib/lib81315-sae-loader.a(flashupload.o)
                0x00009b9c                . = ALIGN (0x2)
                0x00009b9c                _etext = .

.shared_ram     0x00000000       0x10
 *(.special)
 .special       0x00000000       0x10 /cygdrive/g/MyGitRepository/V3_20200831/files/code/mulan2_platform/lib/lib81315-sae-loader.a(api.o)
                0x00000000                _LinResp
                0x00000002                _LinCmnd
                0x00000004                _LinMess
                0x00000006                _LinMess2
                0x00000007                _LinProtectedID
                0x00000008                _LinFrame

.ram_lin_fixed  0x00000010        0x6
 *(.ram_lin_fixed)
 .ram_lin_fixed
                0x00000010        0x6 /cygdrive/g/MyGitRepository/V3_20200831/files/code/mulan2_platform/lib/lib81315-sae-loader.a(lin.o)
                0x00000010                _stFixedRamNAD

.dp.data        0x00000018       0x10 load address 0x00009b9c
                0x00000018                . = ALIGN (0x2)
                0x00000018                __data_dp_start = .
 *(.dp.data)
 .dp.data       0x00000018        0x4 obj/LIN_Communication.o
                0x00000018                _g_u8BufferOutID
                0x00000019                _g_u8StatusFrameID
                0x0000001a                _g_u8ControlFrameID
                0x0000001b                _g_u8NAD
 .dp.data       0x0000001c        0x8 obj/MotorDriver.o
                0x0000001c                _g_sMotorFault
                0x0000001e                _g_u8MotorStopDelay
                0x00000020                _g_u16StartupDelay
                0x00000022                _l_u8VTIdx
 .dp.data       0x00000024        0x3 obj/MotorStall.o
                0x00000024                _g_u8StallTypeComm
                0x00000025                _l_u8StallCountO
                0x00000026                _l_u8StallCountA
                0x00000028                . = ALIGN (0x2)
 *fill*         0x00000027        0x1 
                0x00000028                __data_dp_end = .
                0x00000010                __data_dp_size = (__data_dp_end - __data_dp_start)
                0x00009b9c                __data_load_start = LOADADDR (.dp.data)

.dp             0x00000028       0x4a load address 0x00009bac
                0x00000028                . = ALIGN (0x2)
                0x00000028                __bss_dp_start = .
 *(.dp)
 .dp            0x00000028       0x10 obj/LIN_Communication.o
                0x00000028                _g_LinCmdFrameBuffer
                0x00000030                _g_DiagResponse
 .dp            0x00000038       0x18 obj/MotorDriver.o
                0x00000038                _g_u16CorrectionRatio
                0x0000003a                _g_u16MicroStepIdx
                0x0000003c                _g_u16CommutTimerPeriod
                0x0000003e                _g_u16TargetCommutTimerPeriod
                0x00000040                _g_u16MotorCurrentMovAvgxN
                0x00000042                _g_u16MotorCurrentLPFx64
                0x00000044                _g_e8MotorDirectionCCW
                0x00000046                _g_u16ActuatorActPos
                0x00000048                _g_u16ActuatorTgtPos
                0x0000004a                _l_u16ActuatorBufferedActPos
                0x0000004c                _l_u16ActuatorBufferedTgtPos
                0x0000004e                _l_u16ActuatorBufferedSpdRPM
 .dp            0x00000050        0x2 obj/PID_Control.o
                0x00000050                _g_u16PID_I
 .dp            0x00000052        0xc /cygdrive/g/MyGitRepository/V3_20200831/files/code/mulan2_platform/lib/lib81315-sae-loader.a(lin.o)
                0x00000052                _LinFrameDataBuffer
                0x0000005a                _LIN_nad
                0x0000005c                _LinMessage
 .dp            0x0000005e       0x14 /cygdrive/g/MyGitRepository/V3_20200831/files/code/mulan2_platform/lib/lib81315-sae-loader.a(flashupload.o)
                0x0000005e                _ml_driver_mode
                0x00000072                . = ALIGN (0x2)
                0x00000072                __bss_dp_end = .
                0x0000004a                __bss_dp_size = (__bss_dp_end - __bss_dp_start)

.dp.noinit      0x00000072        0x0 load address 0x00009bac
                0x00000072                . = ALIGN (0x2)
                0x00000072                __dp_noinit_start = .
 *(.dp.noinit)
                0x00000072                . = ALIGN (0x2)
                0x00000072                __dp_noinit_end = .
                0x00000000                __dp_noinit_size = (__dp_noinit_end - __dp_noinit_start)

.data           0x00000072       0x60 load address 0x00009bac
                0x00000072                . = ALIGN (0x2)
                0x00000072                __data_start = .
 *(.data)
 .data          0x00000072        0x0 obj/muldiv16_16by16by16.o
 .data          0x00000072        0x0 obj/lin2b_romtbl.o
 .data          0x00000072        0x0 obj/vectors-lin.o
 .data          0x00000072        0x0 obj/main.o
 .data          0x00000072        0x0 obj/app_coolantvalve.o
 .data          0x00000072        0x0 obj/app_version.o
 .data          0x00000072        0x0 obj/lib_mlx315_misc.o
 .data          0x00000072        0x0 obj/system_background.o
 .data          0x00000072        0x0 obj/LIN_Communication.o
 .data          0x00000072        0x0 obj/LIN_Diagnostics.o
 .data          0x00000072        0x0 obj/ADC.o
 .data          0x00000072        0x0 obj/Diagnostic.o
 .data          0x00000072        0x0 obj/ErrorCodes.o
 .data          0x00000072        0x0 obj/MotorDriver.o
 .data          0x00000072        0x0 obj/MotorDriverTables.o
 .data          0x00000072        0x0 obj/MotorStall.o
 .data          0x00000072        0x0 obj/NVRAM_UserPage.o
 .data          0x00000072        0x0 obj/PID_Control.o
 .data          0x00000072        0x0 obj/Timer.o
 .data          0x00000072        0x0 obj/SPI_Debug.o
 .data          0x00000072        0x0 obj/fatal.o
 .data          0x00000072        0x0 /cygdrive/g/MyGitRepository/V3_20200831/files/code/mulan2_platform/lib/lib81315-sae-loader.a(sys_srv.o)
 .data          0x00000072        0x0 /cygdrive/g/MyGitRepository/V3_20200831/files/code/mulan2_platform/lib/lib81315-sae-loader.a(prestart.o)
 .data          0x00000072        0x0 /cygdrive/g/MyGitRepository/V3_20200831/files/code/mulan2_platform/lib/lib81315-sae-loader.a(sys_mlx16.o)
 .data          0x00000072        0x0 /cygdrive/g/MyGitRepository/V3_20200831/files/code/mulan2_platform/lib/lib81315-sae-loader.a(lib_mlx813xx_bist.o)
 .data          0x00000072        0x0 /cygdrive/g/MyGitRepository/V3_20200831/files/code/mulan2_platform/lib/lib81315-sae-loader.a(nvram.o)
 .data          0x00000072        0x0 /cygdrive/g/MyGitRepository/V3_20200831/files/code/mulan2_platform/lib/lib81315-sae-loader.a(div32_32by16.o)
 .data          0x00000072        0x0 /cygdrive/g/MyGitRepository/V3_20200831/files/code/mulan2_platform/lib/lib81315-sae-loader.a(mul32_16by16_copr.o)
 .data          0x00000072        0x0 /cygdrive/g/MyGitRepository/V3_20200831/files/code/mulan2_platform/lib/lib81315-sae-loader.a(mlx4_prog.o)
 .data          0x00000072        0x0 /cygdrive/g/MyGitRepository/V3_20200831/files/code/mulan2_platform/lib/lib81315-sae-loader.a(api.o)
 .data          0x00000072        0x0 /cygdrive/g/MyGitRepository/V3_20200831/files/code/mulan2_platform/lib/lib81315-sae-loader.a(lin.o)
 .data          0x00000072        0x0 /cygdrive/g/MyGitRepository/V3_20200831/files/code/mulan2_platform/lib/lib81315-sae-loader.a(ml_LinInterruptHandler.o)
 .data          0x00000072        0x0 /cygdrive/g/MyGitRepository/V3_20200831/files/code/mulan2_platform/lib/lib81315-sae-loader.a(ml_InitLinModule.o)
 .data          0x00000072        0x0 /cygdrive/g/MyGitRepository/V3_20200831/files/code/mulan2_platform/lib/lib81315-sae-loader.a(flashupload.o)
 .data          0x00000072        0x0 /cygdrive/g/MyGitRepository/V3_20200831/files/code/mulan2_platform/lib/lib81315-sae-loader.a(loader_state.o)
 .data          0x00000072        0x0 /cygdrive/g/MyGitRepository/V3_20200831/files/code/mulan2_platform/lib/lib81315-sae-loader.a(loader_get_state.o)
 .data          0x00000072        0x0 /cygdrive/g/MyGitRepository/V3_20200831/files/code/mulan2_platform/lib/lib81315-sae-loader.a(flashfunctions_c_cmp.o)
 .data          0x00000072        0x0 /cygdrive/g/MyGitRepository/V3_20200831/files/code/mulan2_platform/lib/lib81315-sae-loader.a(ml_SetFastBaudRate.o)
 .data          0x00000072        0x0 /cygdrive/g/MyGitRepository/V3_20200831/files/code/mulan2_platform/lib/lib81315-sae-loader.a(startup.o)
 .data          0x00000072        0x0 /cygdrive/g/MyGitRepository/V3_20200831/files/code/mulan2_platform/lib/lib81315-sae-loader.a(ram_section_init.o)
 .data          0x00000072        0x0 /cygdrive/g/MyGitRepository/V3_20200831/files/code/mulan2_platform/lib/lib81315-sae-loader.a(ram_test.o)
 .data          0x00000072        0x0 /cygdrive/g/MyGitRepository/V3_20200831/files/code/mulan2_platform/lib/lib81315-sae-loader.a(low_level_init.o)
 .data          0x00000072        0x0 /cygdrive/g/MyGitRepository/V3_20200831/files/code/mulan2_platform/lib/lib81315-sae-loader.a(premain.o)
 .data          0x00000072        0x0 /cygdrive/g/MyGitRepository/V3_20200831/files/code/mulan2_platform/lib/lib81315-sae-loader.a(mlx_ispowerok.o)
 .data          0x00000072        0x0 /cygdrive/g/MyGitRepository/V3_20200831/files/code/mulan2_platform/lib/lib81315-sae-loader.a(ml_LinInit.o)
 *(.data.*)
 .data.l_u8OBDValveStatusSpeedLevel
                0x00000072        0x1 obj/app_coolantvalve.o
                0x00000072                _l_u8OBDValveStatusSpeedLevel
 .data.l_u8OBDValveStatusMove
                0x00000073        0x1 obj/app_coolantvalve.o
                0x00000073                _l_u8OBDValveStatusMove
 .data.l_u8OBDValveStatusPosition
                0x00000074        0x1 obj/app_coolantvalve.o
                0x00000074                _l_u8OBDValveStatusPosition
 .data.l_u8OBDValveStatusOverTempWarn
                0x00000075        0x1 obj/app_coolantvalve.o
                0x00000075                _l_u8OBDValveStatusOverTempWarn
 .data.l_u8OBDValveStatusVolt
                0x00000076        0x1 obj/app_coolantvalve.o
                0x00000076                _l_u8OBDValveStatusVolt
 .data.l_u8OBDValveStatusFault
                0x00000077        0x1 obj/app_coolantvalve.o
                0x00000077                _l_u8OBDValveStatusFault
 .data.l_u8ValueFaultFlag
                0x00000078        0x1 obj/app_coolantvalve.o
                0x00000078                _l_u8ValueFaultFlag
 .data.l_u8AliveRollingCounter
                0x00000079        0x1 obj/app_coolantvalve.o
                0x00000079                _l_u8AliveRollingCounter
 .data.s_CVRequestStruct
                0x0000007a        0x8 obj/app_coolantvalve.o
                0x0000007a                _s_CVRequestStruct
 .data.l_u8MotorControl
                0x00000082        0x1 obj/app_coolantvalve.o
                0x00000082                _l_u8MotorControl
 .data.l_u8EmrunStatus
                0x00000083        0x1 obj/app_coolantvalve.o
                0x00000083                _l_u8EmrunStatus
 .data.l_u8EndstopCheckLock
                0x00000084        0x1 obj/app_coolantvalve.o
                0x00000084                _l_u8EndstopCheckLock
 *fill*         0x00000085        0x1 
 .data.l_u16PhysicalEndstopPos
                0x00000086        0x2 obj/app_coolantvalve.o
                0x00000086                _l_u16PhysicalEndstopPos
 .data.l_e8GmcvInitDirection
                0x00000088        0x1 obj/app_coolantvalve.o
                0x00000088                _l_e8GmcvInitDirection
 .data.l_u8ValveInitEnds
                0x00000089        0x1 obj/app_coolantvalve.o
                0x00000089                _l_u8ValveInitEnds
 .data.l_e8CalibrationStep
                0x0000008a        0x1 obj/app_coolantvalve.o
                0x0000008a                _l_e8CalibrationStep
 .data.l_u8OBDValveElectricError
                0x0000008b        0x1 obj/app_coolantvalve.o
                0x0000008b                _l_u8OBDValveElectricError
 .data.l_u8OBDValveMechanicalError
                0x0000008c        0x1 obj/app_coolantvalve.o
                0x0000008c                _l_u8OBDValveMechanicalError
 .data.l_u8StallOcc
                0x0000008d        0x1 obj/app_coolantvalve.o
                0x0000008d                _l_u8StallOcc
 .data.l_e8ValveState
                0x0000008e        0x1 obj/app_coolantvalve.o
                0x0000008e                _l_e8ValveState
 .data.l_u8BackgroundSchedulerTaskID
                0x0000008f        0x1 obj/system_background.o
                0x0000008f                _l_u8BackgroundSchedulerTaskID
 .data.l_u8RamPreError
                0x00000090        0x1 obj/system_background.o
                0x00000090                _l_u8RamPreError
 *fill*         0x00000091        0x1 
 .data.__pu16Segment_0
                0x00000092        0x2 obj/system_background.o
 .data.__u16FlashCRC_1
                0x00000094        0x2 obj/system_background.o
 .data.l_u8Mlx4ErrorStateOcc
                0x00000096        0x1 obj/LIN_Communication.o
                0x00000096                _l_u8Mlx4ErrorStateOcc
 .data.l_u8NMEventPending
                0x00000097        0x1 obj/LIN_Communication.o
                0x00000097                _l_u8NMEventPending
 .data.l_e8CommState
                0x00000098        0x1 obj/LIN_Communication.o
                0x00000098                _l_e8CommState
 .data.l_u8ErrorCommunication
                0x00000099        0x1 obj/LIN_Communication.o
                0x00000099                _l_u8ErrorCommunication
 .data.l_u8LinInFrameBufState
                0x0000009a        0x1 obj/LIN_Communication.o
                0x0000009a                _l_u8LinInFrameBufState
 .data.l_u8SNPD_CycleCountComm
                0x0000009b        0x1 obj/LIN_Diagnostics.o
                0x0000009b                _l_u8SNPD_CycleCountComm
 .data.g_i16Current
                0x0000009c        0x2 obj/ADC.o
                0x0000009c                _g_i16Current
 .data.g_i16ChipTemperature
                0x0000009e        0x2 obj/ADC.o
                0x0000009e                _g_i16ChipTemperature
 .data.g_i16MotorVoltage
                0x000000a0        0x2 obj/ADC.o
                0x000000a0                _g_i16MotorVoltage
 .data.g_i16SupplyVoltage
                0x000000a2        0x2 obj/ADC.o
                0x000000a2                _g_i16SupplyVoltage
 .data.g_u16CurrentMotorCoilB
                0x000000a4        0x2 obj/ADC.o
                0x000000a4                _g_u16CurrentMotorCoilB
 .data.g_u16CurrentMotorCoilA
                0x000000a6        0x2 obj/ADC.o
                0x000000a6                _g_u16CurrentMotorCoilA
 .data.l_u8AdcPowerOff
                0x000000a8        0x1 obj/ADC.o
                0x000000a8                _l_u8AdcPowerOff
 .data.g_u8AdcIsrMode
                0x000000a9        0x1 obj/ADC.o
                0x000000a9                _g_u8AdcIsrMode
 .data.l_u16CurrentZeroOffset
                0x000000aa        0x2 obj/ADC.o
                0x000000aa                _l_u16CurrentZeroOffset
 .data.l_u16CoilCurrentStartDelay
                0x000000ac        0x2 obj/Diagnostic.o
                0x000000ac                _l_u16CoilCurrentStartDelay
 .data.l_u16CoilZeroCurrCountB
                0x000000ae        0x2 obj/Diagnostic.o
                0x000000ae                _l_u16CoilZeroCurrCountB
 .data.l_u16CoilZeroCurrCountA
                0x000000b0        0x2 obj/Diagnostic.o
                0x000000b0                _l_u16CoilZeroCurrCountA
 .data.l_u8OverTemperatureShutCount
                0x000000b2        0x1 obj/Diagnostic.o
                0x000000b2                _l_u8OverTemperatureShutCount
 .data.l_u8OverTemperatureWarnCount
                0x000000b3        0x1 obj/Diagnostic.o
                0x000000b3                _l_u8OverTemperatureWarnCount
 .data.l_u8UOVoltageCount
                0x000000b4        0x1 obj/Diagnostic.o
                0x000000b4                _l_u8UOVoltageCount
 .data.l_e8ErrorDebounceFilter
                0x000000b5        0x1 obj/Diagnostic.o
                0x000000b5                _l_e8ErrorDebounceFilter
 .data.l_u8DriftCheckCount
                0x000000b6        0x1 obj/Diagnostic.o
                0x000000b6                _l_u8DriftCheckCount
 *fill*         0x000000b7        0x1 
 .data.l_u16HallSwitchState
                0x000000b8        0x2 obj/Diagnostic.o
                0x000000b8                _l_u16HallSwitchState
 .data.g_u16HallMicroStepIdx
                0x000000ba        0x2 obj/Diagnostic.o
                0x000000ba                _g_u16HallMicroStepIdx
 .data.l_u8ErrorLogIdx
                0x000000bc        0x1 obj/ErrorCodes.o
                0x000000bc                _l_u8ErrorLogIdx
 .data.l_u8MotorRequest
                0x000000bd        0x1 obj/MotorDriver.o
                0x000000bd                _l_u8MotorRequest
 .data.l_u8MotorStatus
                0x000000be        0x1 obj/MotorDriver.o
                0x000000be                _l_u8MotorStatus
 .data.g_u8MotorStatusSpeed
                0x000000bf        0x1 obj/MotorDriver.o
                0x000000bf                _g_u8MotorStatusSpeed
 .data.l_u16StartupDelayInit
                0x000000c0        0x2 obj/MotorDriver.o
                0x000000c0                _l_u16StartupDelayInit
 .data.g_u8MotorHoldingCurrState
                0x000000c2        0x1 obj/MotorDriver.o
                0x000000c2                _g_u8MotorHoldingCurrState
 .data.g_u8MotorStartupMode
                0x000000c3        0x1 obj/MotorDriver.o
                0x000000c3                _g_u8MotorStartupMode
 .data.l_u8StallCountReboundH
                0x000000c4        0x1 obj/MotorStall.o
                0x000000c4                _l_u8StallCountReboundH
 .data.l_u8StallCountH
                0x000000c5        0x1 obj/MotorStall.o
                0x000000c5                _l_u8StallCountH
 .data.l_u16MotorRefVoltageADC
                0x000000c6        0x2 obj/PID_Control.o
                0x000000c6                _l_u16MotorRefVoltageADC
 .data.g_u16MotorRefVoltage
                0x000000c8        0x2 obj/PID_Control.o
                0x000000c8                _g_u16MotorRefVoltage
 .data.g_i16PID_E
                0x000000ca        0x2 obj/PID_Control.o
                0x000000ca                _g_i16PID_E
 .data.g_i16PID_D
                0x000000cc        0x2 obj/PID_Control.o
                0x000000cc                _g_i16PID_D
 .data.LINPresc
                0x000000ce        0x2 /cygdrive/g/MyGitRepository/V3_20200831/files/code/mulan2_platform/lib/lib81315-sae-loader.a(lin.o)
                0x000000ce                _LINPresc
 .data.LINBaud  0x000000d0        0x1 /cygdrive/g/MyGitRepository/V3_20200831/files/code/mulan2_platform/lib/lib81315-sae-loader.a(lin.o)
                0x000000d0                _LINBaud
                0x000000d2                . = ALIGN (0x2)
 *fill*         0x000000d1        0x1 
                0x000000d2                __data_end = .
                0x00000060                __data_size = (__data_end - __data_start)

.bss            0x000000d2       0xba load address 0x00009c0c
                0x000000d2                . = ALIGN (0x2)
                0x000000d2                __bss_start = .
 *(.bss)
 .bss           0x000000d2        0x0 obj/muldiv16_16by16by16.o
 .bss           0x000000d2        0x0 obj/lin2b_romtbl.o
 .bss           0x000000d2        0x0 obj/vectors-lin.o
 .bss           0x000000d2        0x0 obj/main.o
 .bss           0x000000d2        0x0 obj/app_coolantvalve.o
 .bss           0x000000d2        0x0 obj/app_version.o
 .bss           0x000000d2        0x0 obj/lib_mlx315_misc.o
 .bss           0x000000d2        0x0 obj/system_background.o
 .bss           0x000000d2        0x0 obj/LIN_Communication.o
 .bss           0x000000d2        0x0 obj/LIN_Diagnostics.o
 .bss           0x000000d2        0x0 obj/ADC.o
 .bss           0x000000d2        0x0 obj/Diagnostic.o
 .bss           0x000000d2        0x0 obj/ErrorCodes.o
 .bss           0x000000d2        0x0 obj/MotorDriver.o
 .bss           0x000000d2        0x0 obj/MotorDriverTables.o
 .bss           0x000000d2        0x0 obj/MotorStall.o
 .bss           0x000000d2        0x0 obj/NVRAM_UserPage.o
 .bss           0x000000d2        0x0 obj/PID_Control.o
 .bss           0x000000d2        0x0 obj/Timer.o
 .bss           0x000000d2        0x0 obj/SPI_Debug.o
 .bss           0x000000d2        0x0 obj/fatal.o
 .bss           0x000000d2        0x0 /cygdrive/g/MyGitRepository/V3_20200831/files/code/mulan2_platform/lib/lib81315-sae-loader.a(sys_srv.o)
 .bss           0x000000d2        0x0 /cygdrive/g/MyGitRepository/V3_20200831/files/code/mulan2_platform/lib/lib81315-sae-loader.a(prestart.o)
 .bss           0x000000d2        0x0 /cygdrive/g/MyGitRepository/V3_20200831/files/code/mulan2_platform/lib/lib81315-sae-loader.a(sys_mlx16.o)
 .bss           0x000000d2        0x0 /cygdrive/g/MyGitRepository/V3_20200831/files/code/mulan2_platform/lib/lib81315-sae-loader.a(lib_mlx813xx_bist.o)
 .bss           0x000000d2        0x0 /cygdrive/g/MyGitRepository/V3_20200831/files/code/mulan2_platform/lib/lib81315-sae-loader.a(nvram.o)
 .bss           0x000000d2        0x0 /cygdrive/g/MyGitRepository/V3_20200831/files/code/mulan2_platform/lib/lib81315-sae-loader.a(div32_32by16.o)
 .bss           0x000000d2        0x0 /cygdrive/g/MyGitRepository/V3_20200831/files/code/mulan2_platform/lib/lib81315-sae-loader.a(mul32_16by16_copr.o)
 .bss           0x000000d2        0x0 /cygdrive/g/MyGitRepository/V3_20200831/files/code/mulan2_platform/lib/lib81315-sae-loader.a(mlx4_prog.o)
 .bss           0x000000d2        0x0 /cygdrive/g/MyGitRepository/V3_20200831/files/code/mulan2_platform/lib/lib81315-sae-loader.a(api.o)
 .bss           0x000000d2        0x0 /cygdrive/g/MyGitRepository/V3_20200831/files/code/mulan2_platform/lib/lib81315-sae-loader.a(lin.o)
 .bss           0x000000d2        0x0 /cygdrive/g/MyGitRepository/V3_20200831/files/code/mulan2_platform/lib/lib81315-sae-loader.a(ml_LinInterruptHandler.o)
 .bss           0x000000d2        0x0 /cygdrive/g/MyGitRepository/V3_20200831/files/code/mulan2_platform/lib/lib81315-sae-loader.a(ml_InitLinModule.o)
 .bss           0x000000d2        0x0 /cygdrive/g/MyGitRepository/V3_20200831/files/code/mulan2_platform/lib/lib81315-sae-loader.a(flashupload.o)
 .bss           0x000000d2        0x0 /cygdrive/g/MyGitRepository/V3_20200831/files/code/mulan2_platform/lib/lib81315-sae-loader.a(loader_state.o)
 .bss           0x000000d2        0x0 /cygdrive/g/MyGitRepository/V3_20200831/files/code/mulan2_platform/lib/lib81315-sae-loader.a(loader_get_state.o)
 .bss           0x000000d2        0x0 /cygdrive/g/MyGitRepository/V3_20200831/files/code/mulan2_platform/lib/lib81315-sae-loader.a(flashfunctions_c_cmp.o)
 .bss           0x000000d2        0x0 /cygdrive/g/MyGitRepository/V3_20200831/files/code/mulan2_platform/lib/lib81315-sae-loader.a(ml_SetFastBaudRate.o)
 .bss           0x000000d2        0x0 /cygdrive/g/MyGitRepository/V3_20200831/files/code/mulan2_platform/lib/lib81315-sae-loader.a(startup.o)
 .bss           0x000000d2        0x0 /cygdrive/g/MyGitRepository/V3_20200831/files/code/mulan2_platform/lib/lib81315-sae-loader.a(ram_section_init.o)
 .bss           0x000000d2        0x0 /cygdrive/g/MyGitRepository/V3_20200831/files/code/mulan2_platform/lib/lib81315-sae-loader.a(ram_test.o)
 .bss           0x000000d2        0x0 /cygdrive/g/MyGitRepository/V3_20200831/files/code/mulan2_platform/lib/lib81315-sae-loader.a(low_level_init.o)
 .bss           0x000000d2        0x0 /cygdrive/g/MyGitRepository/V3_20200831/files/code/mulan2_platform/lib/lib81315-sae-loader.a(premain.o)
 .bss           0x000000d2        0x0 /cygdrive/g/MyGitRepository/V3_20200831/files/code/mulan2_platform/lib/lib81315-sae-loader.a(mlx_ispowerok.o)
 .bss           0x000000d2        0x0 /cygdrive/g/MyGitRepository/V3_20200831/files/code/mulan2_platform/lib/lib81315-sae-loader.a(ml_LinInit.o)
 *(.bss.*)
 .bss.l_u16PhysicalActualPos
                0x000000d2        0x2 obj/app_coolantvalve.o
                0x000000d2                _l_u16PhysicalActualPos
 .bss.l_u16PhysicalTargetPos
                0x000000d4        0x2 obj/app_coolantvalve.o
                0x000000d4                _l_u16PhysicalTargetPos
 .bss.l_u16PhysicalCalibTravel
                0x000000d6        0x2 obj/app_coolantvalve.o
                0x000000d6                _l_u16PhysicalCalibTravel
 .bss.l_u8LinInFrameMsgID
                0x000000d8        0x1 obj/LIN_Communication.o
                0x000000d8                _l_u8LinInFrameMsgID
 .bss.l_u8LastMsgIndex
                0x000000d9        0x1 obj/LIN_Communication.o
                0x000000d9                _l_u8LastMsgIndex
 .bss.g_AdcMotorRunStepper4
                0x000000da        0xa obj/ADC.o
                0x000000da                _g_AdcMotorRunStepper4
 .bss.l_au8FiFoErrorLog
                0x000000e4        0xa obj/ErrorCodes.o
                0x000000e4                _l_au8FiFoErrorLog
 .bss.g_u16MotorSpeedRPS
                0x000000ee        0x2 obj/MotorDriver.o
                0x000000ee                _g_u16MotorSpeedRPS
 .bss.g_u16MotorMicroStepsPerElecRotation
                0x000000f0        0x2 obj/MotorDriver.o
                0x000000f0                _g_u16MotorMicroStepsPerElecRotation
 .bss.g_u16MotorMicroStepsPerMechRotation
                0x000000f2        0x2 obj/MotorDriver.o
                0x000000f2                _g_u16MotorMicroStepsPerMechRotation
 .bss.g_au16MotorSpeedCommutTimerPeriod
                0x000000f4       0x10 obj/MotorDriver.o
                0x000000f4                _g_au16MotorSpeedCommutTimerPeriod
 .bss.g_au16MotorSpeedRPS
                0x00000104       0x10 obj/MotorDriver.o
                0x00000104                _g_au16MotorSpeedRPS
 .bss.l_u16MotorCurrentRawIdx
                0x00000114        0x2 obj/MotorDriver.o
                0x00000114                _l_u16MotorCurrentRawIdx
 .bss.l_au16MotorCurrentRaw
                0x00000116       0x40 obj/MotorDriver.o
                0x00000116                _l_au16MotorCurrentRaw
 .bss.l_u16SpeedRPM
                0x00000156        0x2 obj/MotorDriver.o
                0x00000156                _l_u16SpeedRPM
 .bss.l_u32Temp
                0x00000158        0x4 obj/MotorDriver.o
                0x00000158                _l_u32Temp
 .bss.l_u16LowSpeedPeriod
                0x0000015c        0x2 obj/MotorDriver.o
                0x0000015c                _l_u16LowSpeedPeriod
 .bss.l_u16MotorCurrentStallThrshldxN
                0x0000015e        0x2 obj/MotorStall.o
                0x0000015e                _l_u16MotorCurrentStallThrshldxN
 .bss.l_u16HallMicroStepThrshld
                0x00000160        0x2 obj/MotorStall.o
                0x00000160                _l_u16HallMicroStepThrshld
 .bss.l_u16HallMicroStepIdxPre
                0x00000162        0x2 obj/MotorStall.o
                0x00000162                _l_u16HallMicroStepIdxPre
 .bss.g_u16PidCtrlRatio
                0x00000164        0x2 obj/PID_Control.o
                0x00000164                _g_u16PidCtrlRatio
 .bss.g_u16PidRunningThreshold
                0x00000166        0x2 obj/PID_Control.o
                0x00000166                _g_u16PidRunningThreshold
 .bss.g_u16PidRunningThresholdADC
                0x00000168        0x2 obj/PID_Control.o
                0x00000168                _g_u16PidRunningThresholdADC
 .bss.g_u16PidHoldingThreshold
                0x0000016a        0x2 obj/PID_Control.o
                0x0000016a                _g_u16PidHoldingThreshold
 .bss.l_u16MaxPidCtrlRatio
                0x0000016c        0x2 obj/PID_Control.o
                0x0000016c                _l_u16MaxPidCtrlRatio
 .bss.g_u16PidHoldingThresholdADC
                0x0000016e        0x2 obj/PID_Control.o
                0x0000016e                _g_u16PidHoldingThresholdADC
 .bss.l_u16MinCorrectionRatio
                0x00000170        0x2 obj/PID_Control.o
                0x00000170                _l_u16MinCorrectionRatio
 .bss.l_u16MaxCorrectionRatio
                0x00000172        0x2 obj/PID_Control.o
                0x00000172                _l_u16MaxCorrectionRatio
 .bss.l_u16Timer
                0x00000174       0x12 obj/Timer.o
                0x00000174                _l_u16Timer
 .bss.LinStatus
                0x00000186        0x1 /cygdrive/g/MyGitRepository/V3_20200831/files/code/mulan2_platform/lib/lib81315-sae-loader.a(lin.o)
                0x00000186                _LinStatus
 *fill*         0x00000187        0x1 
 .bss.page_buffer
                0x00000188        0x2 /cygdrive/g/MyGitRepository/V3_20200831/files/code/mulan2_platform/lib/lib81315-sae-loader.a(flashfunctions_c_cmp.o)
                0x00000188                _page_buffer
 .bss.erase_sectors_bitmap
                0x0000018a        0x2 /cygdrive/g/MyGitRepository/V3_20200831/files/code/mulan2_platform/lib/lib81315-sae-loader.a(flashfunctions_c_cmp.o)
 *(COMMON)
                0x0000018c                . = ALIGN (0x2)
                0x0000018c                __bss_end = .
                0x000000ba                __bss_size = (__bss_end - __bss_start)

.noinit         0x0000018c        0x0 load address 0x00009c0c
                0x0000018c                . = ALIGN (0x2)
                0x0000018c                __noinit_start = .
 *(.noinit)
                0x0000018c                . = ALIGN (0x2)
                0x0000018c                __noinit_end = .
                0x00000000                __noinit_size = (__noinit_end - __noinit_start)

.bist_stat      0x0000018c        0x8 load address 0x00009c0c
                0x0000018c                . = ALIGN (0x2)
                0x0000018c                __bist_stat_start = .
 *(.bist_stat)
 .bist_stat     0x0000018c        0x8 /cygdrive/g/MyGitRepository/V3_20200831/files/code/mulan2_platform/lib/lib81315-sae-loader.a(lib_mlx813xx_bist.o)
                0x0000018c                _bistHeader
                0x0000018e                _bistResetInfo
                0x00000190                _bistError
                0x00000192                _bistErrorInfo
                0x00000194                . = ALIGN (0x2)
                0x00000194                __bist_stat_end = .
                0x00000008                __bist_stat_size = (__bist_stat_end - __bist_stat_start)
                0x00000194                PROVIDE (_stack, .)
                0x00000800                PROVIDE (__end, 0x800)

.ep             0x00001000        0x0
                0x00001000                . = ALIGN (0x2)
                0x00001000                __bss_ep_start = .
 *(.ep)
                0x00001000                . = ALIGN (0x2)
                0x00001000                __bss_ep_end = .

.ep.data        0x00001000        0x0
                0x00001000                . = ALIGN (0x2)
                0x00001000                __data_ep_start = .
 *(.ep.data)
                0x00001000                . = ALIGN (0x2)
                0x00001000                __data_ep_end = .
OUTPUT(MLX81315A_S03_VALVE.elf elf32-mlx16-x8)

.debug_abbrev   0x00000000     0x27fa
 .debug_abbrev  0x00000000       0xbf obj/main.o
 .debug_abbrev  0x000000bf      0x23b obj/app_coolantvalve.o
 .debug_abbrev  0x000002fa       0x61 obj/app_version.o
 .debug_abbrev  0x0000035b       0xb8 obj/lib_mlx315_misc.o
 .debug_abbrev  0x00000413       0xcb obj/system_background.o
 .debug_abbrev  0x000004de      0x1d5 obj/LIN_Communication.o
 .debug_abbrev  0x000006b3      0x1eb obj/LIN_Diagnostics.o
 .debug_abbrev  0x0000089e      0x1bf obj/ADC.o
 .debug_abbrev  0x00000a5d      0x193 obj/Diagnostic.o
 .debug_abbrev  0x00000bf0      0x157 obj/ErrorCodes.o
 .debug_abbrev  0x00000d47      0x20f obj/MotorDriver.o
 .debug_abbrev  0x00000f56       0x8a obj/MotorDriverTables.o
 .debug_abbrev  0x00000fe0       0xb3 obj/MotorStall.o
 .debug_abbrev  0x00001093      0x201 obj/NVRAM_UserPage.o
 .debug_abbrev  0x00001294      0x177 obj/PID_Control.o
 .debug_abbrev  0x0000140b      0x185 obj/Timer.o
 .debug_abbrev  0x00001590       0x86 obj/SPI_Debug.o
 .debug_abbrev  0x00001616       0x71 obj/fatal.o
 .debug_abbrev  0x00001687      0x16c /cygdrive/g/MyGitRepository/V3_20200831/files/code/mulan2_platform/lib/lib81315-sae-loader.a(prestart.o)
 .debug_abbrev  0x000017f3      0x10a /cygdrive/g/MyGitRepository/V3_20200831/files/code/mulan2_platform/lib/lib81315-sae-loader.a(sys_mlx16.o)
 .debug_abbrev  0x000018fd       0x60 /cygdrive/g/MyGitRepository/V3_20200831/files/code/mulan2_platform/lib/lib81315-sae-loader.a(lib_mlx813xx_bist.o)
 .debug_abbrev  0x0000195d      0x115 /cygdrive/g/MyGitRepository/V3_20200831/files/code/mulan2_platform/lib/lib81315-sae-loader.a(nvram.o)
 .debug_abbrev  0x00001a72      0x170 /cygdrive/g/MyGitRepository/V3_20200831/files/code/mulan2_platform/lib/lib81315-sae-loader.a(lin.o)
 .debug_abbrev  0x00001be2       0x3b /cygdrive/g/MyGitRepository/V3_20200831/files/code/mulan2_platform/lib/lib81315-sae-loader.a(ml_LinInterruptHandler.o)
 .debug_abbrev  0x00001c1d       0xf3 /cygdrive/g/MyGitRepository/V3_20200831/files/code/mulan2_platform/lib/lib81315-sae-loader.a(ml_InitLinModule.o)
 .debug_abbrev  0x00001d10      0x258 /cygdrive/g/MyGitRepository/V3_20200831/files/code/mulan2_platform/lib/lib81315-sae-loader.a(flashupload.o)
 .debug_abbrev  0x00001f68       0x84 /cygdrive/g/MyGitRepository/V3_20200831/files/code/mulan2_platform/lib/lib81315-sae-loader.a(loader_state.o)
 .debug_abbrev  0x00001fec       0xa8 /cygdrive/g/MyGitRepository/V3_20200831/files/code/mulan2_platform/lib/lib81315-sae-loader.a(loader_get_state.o)
 .debug_abbrev  0x00002094      0x237 /cygdrive/g/MyGitRepository/V3_20200831/files/code/mulan2_platform/lib/lib81315-sae-loader.a(flashfunctions_c_cmp.o)
 .debug_abbrev  0x000022cb       0xde /cygdrive/g/MyGitRepository/V3_20200831/files/code/mulan2_platform/lib/lib81315-sae-loader.a(ml_SetFastBaudRate.o)
 .debug_abbrev  0x000023a9       0x7c /cygdrive/g/MyGitRepository/V3_20200831/files/code/mulan2_platform/lib/lib81315-sae-loader.a(startup.o)
 .debug_abbrev  0x00002425       0x73 /cygdrive/g/MyGitRepository/V3_20200831/files/code/mulan2_platform/lib/lib81315-sae-loader.a(ram_section_init.o)
 .debug_abbrev  0x00002498       0xe1 /cygdrive/g/MyGitRepository/V3_20200831/files/code/mulan2_platform/lib/lib81315-sae-loader.a(low_level_init.o)
 .debug_abbrev  0x00002579      0x126 /cygdrive/g/MyGitRepository/V3_20200831/files/code/mulan2_platform/lib/lib81315-sae-loader.a(premain.o)
 .debug_abbrev  0x0000269f      0x120 /cygdrive/g/MyGitRepository/V3_20200831/files/code/mulan2_platform/lib/lib81315-sae-loader.a(mlx_ispowerok.o)
 .debug_abbrev  0x000027bf       0x3b /cygdrive/g/MyGitRepository/V3_20200831/files/code/mulan2_platform/lib/lib81315-sae-loader.a(ml_LinInit.o)

.debug_info     0x00000000     0x878d
 .debug_info    0x00000000      0x17c obj/main.o
 .debug_info    0x0000017c      0x965 obj/app_coolantvalve.o
 .debug_info    0x00000ae1       0xfb obj/app_version.o
 .debug_info    0x00000bdc      0x1c4 obj/lib_mlx315_misc.o
 .debug_info    0x00000da0      0x2a0 obj/system_background.o
 .debug_info    0x00001040      0x826 obj/LIN_Communication.o
 .debug_info    0x00001866      0x84d obj/LIN_Diagnostics.o
 .debug_info    0x000020b3      0xa29 obj/ADC.o
 .debug_info    0x00002adc      0x46e obj/Diagnostic.o
 .debug_info    0x00002f4a      0x1df obj/ErrorCodes.o
 .debug_info    0x00003129     0x1016 obj/MotorDriver.o
 .debug_info    0x0000413f      0x1c7 obj/MotorDriverTables.o
 .debug_info    0x00004306      0x1f5 obj/MotorStall.o
 .debug_info    0x000044fb      0x5d1 obj/NVRAM_UserPage.o
 .debug_info    0x00004acc      0xabc obj/PID_Control.o
 .debug_info    0x00005588      0x372 obj/Timer.o
 .debug_info    0x000058fa      0x10d obj/SPI_Debug.o
 .debug_info    0x00005a07      0x196 obj/fatal.o
 .debug_info    0x00005b9d      0x423 /cygdrive/g/MyGitRepository/V3_20200831/files/code/mulan2_platform/lib/lib81315-sae-loader.a(prestart.o)
 .debug_info    0x00005fc0      0x1f2 /cygdrive/g/MyGitRepository/V3_20200831/files/code/mulan2_platform/lib/lib81315-sae-loader.a(sys_mlx16.o)
 .debug_info    0x000061b2       0xd4 /cygdrive/g/MyGitRepository/V3_20200831/files/code/mulan2_platform/lib/lib81315-sae-loader.a(lib_mlx813xx_bist.o)
 .debug_info    0x00006286      0x2bf /cygdrive/g/MyGitRepository/V3_20200831/files/code/mulan2_platform/lib/lib81315-sae-loader.a(nvram.o)
 .debug_info    0x00006545      0x421 /cygdrive/g/MyGitRepository/V3_20200831/files/code/mulan2_platform/lib/lib81315-sae-loader.a(lin.o)
 .debug_info    0x00006966       0x65 /cygdrive/g/MyGitRepository/V3_20200831/files/code/mulan2_platform/lib/lib81315-sae-loader.a(ml_LinInterruptHandler.o)
 .debug_info    0x000069cb      0x22e /cygdrive/g/MyGitRepository/V3_20200831/files/code/mulan2_platform/lib/lib81315-sae-loader.a(ml_InitLinModule.o)
 .debug_info    0x00006bf9      0x878 /cygdrive/g/MyGitRepository/V3_20200831/files/code/mulan2_platform/lib/lib81315-sae-loader.a(flashupload.o)
 .debug_info    0x00007471      0x125 /cygdrive/g/MyGitRepository/V3_20200831/files/code/mulan2_platform/lib/lib81315-sae-loader.a(loader_state.o)
 .debug_info    0x00007596      0x14b /cygdrive/g/MyGitRepository/V3_20200831/files/code/mulan2_platform/lib/lib81315-sae-loader.a(loader_get_state.o)
 .debug_info    0x000076e1      0x5a1 /cygdrive/g/MyGitRepository/V3_20200831/files/code/mulan2_platform/lib/lib81315-sae-loader.a(flashfunctions_c_cmp.o)
 .debug_info    0x00007c82      0x191 /cygdrive/g/MyGitRepository/V3_20200831/files/code/mulan2_platform/lib/lib81315-sae-loader.a(ml_SetFastBaudRate.o)
 .debug_info    0x00007e13       0xa6 /cygdrive/g/MyGitRepository/V3_20200831/files/code/mulan2_platform/lib/lib81315-sae-loader.a(startup.o)
 .debug_info    0x00007eb9      0x106 /cygdrive/g/MyGitRepository/V3_20200831/files/code/mulan2_platform/lib/lib81315-sae-loader.a(ram_section_init.o)
 .debug_info    0x00007fbf      0x2ab /cygdrive/g/MyGitRepository/V3_20200831/files/code/mulan2_platform/lib/lib81315-sae-loader.a(low_level_init.o)
 .debug_info    0x0000826a      0x23f /cygdrive/g/MyGitRepository/V3_20200831/files/code/mulan2_platform/lib/lib81315-sae-loader.a(premain.o)
 .debug_info    0x000084a9      0x27f /cygdrive/g/MyGitRepository/V3_20200831/files/code/mulan2_platform/lib/lib81315-sae-loader.a(mlx_ispowerok.o)
 .debug_info    0x00008728       0x65 /cygdrive/g/MyGitRepository/V3_20200831/files/code/mulan2_platform/lib/lib81315-sae-loader.a(ml_LinInit.o)

.debug_line     0x00000000     0x769a
 .debug_line    0x00000000      0x2ad obj/main.o
 .debug_line    0x000002ad      0x9c5 obj/app_coolantvalve.o
 .debug_line    0x00000c72       0x8b obj/app_version.o
 .debug_line    0x00000cfd      0x201 obj/lib_mlx315_misc.o
 .debug_line    0x00000efe      0x375 obj/system_background.o
 .debug_line    0x00001273      0x65e obj/LIN_Communication.o
 .debug_line    0x000018d1      0x9e1 obj/LIN_Diagnostics.o
 .debug_line    0x000022b2      0x530 obj/ADC.o
 .debug_line    0x000027e2      0x534 obj/Diagnostic.o
 .debug_line    0x00002d16      0x1a9 obj/ErrorCodes.o
 .debug_line    0x00002ebf      0xa6e obj/MotorDriver.o
 .debug_line    0x0000392d      0x18a obj/MotorDriverTables.o
 .debug_line    0x00003ab7      0x270 obj/MotorStall.o
 .debug_line    0x00003d27      0x540 obj/NVRAM_UserPage.o
 .debug_line    0x00004267      0x41e obj/PID_Control.o
 .debug_line    0x00004685      0x231 obj/Timer.o
 .debug_line    0x000048b6      0x150 obj/SPI_Debug.o
 .debug_line    0x00004a06      0x276 obj/fatal.o
 .debug_line    0x00004c7c      0x374 /cygdrive/g/MyGitRepository/V3_20200831/files/code/mulan2_platform/lib/lib81315-sae-loader.a(prestart.o)
 .debug_line    0x00004ff0      0x183 /cygdrive/g/MyGitRepository/V3_20200831/files/code/mulan2_platform/lib/lib81315-sae-loader.a(sys_mlx16.o)
 .debug_line    0x00005173      0x10d /cygdrive/g/MyGitRepository/V3_20200831/files/code/mulan2_platform/lib/lib81315-sae-loader.a(lib_mlx813xx_bist.o)
 .debug_line    0x00005280      0x305 /cygdrive/g/MyGitRepository/V3_20200831/files/code/mulan2_platform/lib/lib81315-sae-loader.a(nvram.o)
 .debug_line    0x00005585      0x309 /cygdrive/g/MyGitRepository/V3_20200831/files/code/mulan2_platform/lib/lib81315-sae-loader.a(lin.o)
 .debug_line    0x0000588e       0xbb /cygdrive/g/MyGitRepository/V3_20200831/files/code/mulan2_platform/lib/lib81315-sae-loader.a(ml_LinInterruptHandler.o)
 .debug_line    0x00005949      0x21e /cygdrive/g/MyGitRepository/V3_20200831/files/code/mulan2_platform/lib/lib81315-sae-loader.a(ml_InitLinModule.o)
 .debug_line    0x00005b67      0xa12 /cygdrive/g/MyGitRepository/V3_20200831/files/code/mulan2_platform/lib/lib81315-sae-loader.a(flashupload.o)
 .debug_line    0x00006579       0xa7 /cygdrive/g/MyGitRepository/V3_20200831/files/code/mulan2_platform/lib/lib81315-sae-loader.a(loader_state.o)
 .debug_line    0x00006620       0xc7 /cygdrive/g/MyGitRepository/V3_20200831/files/code/mulan2_platform/lib/lib81315-sae-loader.a(loader_get_state.o)
 .debug_line    0x000066e7      0x4e8 /cygdrive/g/MyGitRepository/V3_20200831/files/code/mulan2_platform/lib/lib81315-sae-loader.a(flashfunctions_c_cmp.o)
 .debug_line    0x00006bcf      0x121 /cygdrive/g/MyGitRepository/V3_20200831/files/code/mulan2_platform/lib/lib81315-sae-loader.a(ml_SetFastBaudRate.o)
 .debug_line    0x00006cf0       0xef /cygdrive/g/MyGitRepository/V3_20200831/files/code/mulan2_platform/lib/lib81315-sae-loader.a(startup.o)
 .debug_line    0x00006ddf       0xd6 /cygdrive/g/MyGitRepository/V3_20200831/files/code/mulan2_platform/lib/lib81315-sae-loader.a(ram_section_init.o)
 .debug_line    0x00006eb5      0x24d /cygdrive/g/MyGitRepository/V3_20200831/files/code/mulan2_platform/lib/lib81315-sae-loader.a(low_level_init.o)
 .debug_line    0x00007102      0x29b /cygdrive/g/MyGitRepository/V3_20200831/files/code/mulan2_platform/lib/lib81315-sae-loader.a(premain.o)
 .debug_line    0x0000739d      0x248 /cygdrive/g/MyGitRepository/V3_20200831/files/code/mulan2_platform/lib/lib81315-sae-loader.a(mlx_ispowerok.o)
 .debug_line    0x000075e5       0xb5 /cygdrive/g/MyGitRepository/V3_20200831/files/code/mulan2_platform/lib/lib81315-sae-loader.a(ml_LinInit.o)

.debug_frame    0x00000000     0x1730
 .debug_frame   0x00000000       0x22 obj/main.o
 .debug_frame   0x00000022      0x192 obj/app_coolantvalve.o
 .debug_frame   0x000001b4       0x2e obj/lib_mlx315_misc.o
 .debug_frame   0x000001e2       0x5e obj/system_background.o
 .debug_frame   0x00000240      0x226 obj/LIN_Communication.o
 .debug_frame   0x00000466      0x4ae obj/LIN_Diagnostics.o
 .debug_frame   0x00000914       0xf0 obj/ADC.o
 .debug_frame   0x00000a04       0x82 obj/Diagnostic.o
 .debug_frame   0x00000a86       0x5e obj/ErrorCodes.o
 .debug_frame   0x00000ae4      0x216 obj/MotorDriver.o
 .debug_frame   0x00000cfa       0x3a obj/MotorStall.o
 .debug_frame   0x00000d34      0x214 obj/NVRAM_UserPage.o
 .debug_frame   0x00000f48       0x76 obj/PID_Control.o
 .debug_frame   0x00000fbe       0x5e obj/Timer.o
 .debug_frame   0x0000101c       0x46 obj/SPI_Debug.o
 .debug_frame   0x00001062       0x2e obj/fatal.o
 .debug_frame   0x00001090       0x3a /cygdrive/g/MyGitRepository/V3_20200831/files/code/mulan2_platform/lib/lib81315-sae-loader.a(prestart.o)
 .debug_frame   0x000010ca       0x22 /cygdrive/g/MyGitRepository/V3_20200831/files/code/mulan2_platform/lib/lib81315-sae-loader.a(sys_mlx16.o)
 .debug_frame   0x000010ec       0x46 /cygdrive/g/MyGitRepository/V3_20200831/files/code/mulan2_platform/lib/lib81315-sae-loader.a(nvram.o)
 .debug_frame   0x00001132       0x86 /cygdrive/g/MyGitRepository/V3_20200831/files/code/mulan2_platform/lib/lib81315-sae-loader.a(lin.o)
 .debug_frame   0x000011b8       0x22 /cygdrive/g/MyGitRepository/V3_20200831/files/code/mulan2_platform/lib/lib81315-sae-loader.a(ml_LinInterruptHandler.o)
 .debug_frame   0x000011da       0x22 /cygdrive/g/MyGitRepository/V3_20200831/files/code/mulan2_platform/lib/lib81315-sae-loader.a(ml_InitLinModule.o)
 .debug_frame   0x000011fc      0x2e2 /cygdrive/g/MyGitRepository/V3_20200831/files/code/mulan2_platform/lib/lib81315-sae-loader.a(flashupload.o)
 .debug_frame   0x000014de       0x22 /cygdrive/g/MyGitRepository/V3_20200831/files/code/mulan2_platform/lib/lib81315-sae-loader.a(loader_get_state.o)
 .debug_frame   0x00001500       0xbe /cygdrive/g/MyGitRepository/V3_20200831/files/code/mulan2_platform/lib/lib81315-sae-loader.a(flashfunctions_c_cmp.o)
 .debug_frame   0x000015be       0x48 /cygdrive/g/MyGitRepository/V3_20200831/files/code/mulan2_platform/lib/lib81315-sae-loader.a(ml_SetFastBaudRate.o)
 .debug_frame   0x00001606       0x22 /cygdrive/g/MyGitRepository/V3_20200831/files/code/mulan2_platform/lib/lib81315-sae-loader.a(startup.o)
 .debug_frame   0x00001628       0x22 /cygdrive/g/MyGitRepository/V3_20200831/files/code/mulan2_platform/lib/lib81315-sae-loader.a(ram_section_init.o)
 .debug_frame   0x0000164a       0x2e /cygdrive/g/MyGitRepository/V3_20200831/files/code/mulan2_platform/lib/lib81315-sae-loader.a(low_level_init.o)
 .debug_frame   0x00001678       0x2e /cygdrive/g/MyGitRepository/V3_20200831/files/code/mulan2_platform/lib/lib81315-sae-loader.a(premain.o)
 .debug_frame   0x000016a6       0x2e /cygdrive/g/MyGitRepository/V3_20200831/files/code/mulan2_platform/lib/lib81315-sae-loader.a(mlx_ispowerok.o)
 .debug_frame   0x000016d4       0x5c /cygdrive/g/MyGitRepository/V3_20200831/files/code/mulan2_platform/lib/lib81315-sae-loader.a(ml_LinInit.o)

.debug_pubnames
                0x00000000     0x1d1e
 .debug_pubnames
                0x00000000       0x1b obj/main.o
 .debug_pubnames
                0x0000001b      0x3ba obj/app_coolantvalve.o
 .debug_pubnames
                0x000003d5       0x55 obj/app_version.o
 .debug_pubnames
                0x0000042a       0x3d obj/lib_mlx315_misc.o
 .debug_pubnames
                0x00000467       0xd3 obj/system_background.o
 .debug_pubnames
                0x0000053a      0x289 obj/LIN_Communication.o
 .debug_pubnames
                0x000007c3      0x1cf obj/LIN_Diagnostics.o
 .debug_pubnames
                0x00000992      0x29a obj/ADC.o
 .debug_pubnames
                0x00000c2c      0x1df obj/Diagnostic.o
 .debug_pubnames
                0x00000e0b       0x6f obj/ErrorCodes.o
 .debug_pubnames
                0x00000e7a      0x48e obj/MotorDriver.o
 .debug_pubnames
                0x00001308       0x7c obj/MotorDriverTables.o
 .debug_pubnames
                0x00001384      0x107 obj/MotorStall.o
 .debug_pubnames
                0x0000148b       0xf3 obj/NVRAM_UserPage.o
 .debug_pubnames
                0x0000157e      0x19d obj/PID_Control.o
 .debug_pubnames
                0x0000171b       0x7d obj/Timer.o
 .debug_pubnames
                0x00001798       0x50 obj/SPI_Debug.o
 .debug_pubnames
                0x000017e8       0x2a obj/fatal.o
 .debug_pubnames
                0x00001812       0x2e /cygdrive/g/MyGitRepository/V3_20200831/files/code/mulan2_platform/lib/lib81315-sae-loader.a(prestart.o)
 .debug_pubnames
                0x00001840       0x22 /cygdrive/g/MyGitRepository/V3_20200831/files/code/mulan2_platform/lib/lib81315-sae-loader.a(sys_mlx16.o)
 .debug_pubnames
                0x00001862       0x53 /cygdrive/g/MyGitRepository/V3_20200831/files/code/mulan2_platform/lib/lib81315-sae-loader.a(lib_mlx813xx_bist.o)
 .debug_pubnames
                0x000018b5       0x5e /cygdrive/g/MyGitRepository/V3_20200831/files/code/mulan2_platform/lib/lib81315-sae-loader.a(nvram.o)
 .debug_pubnames
                0x00001913       0xd4 /cygdrive/g/MyGitRepository/V3_20200831/files/code/mulan2_platform/lib/lib81315-sae-loader.a(lin.o)
 .debug_pubnames
                0x000019e7       0x2d /cygdrive/g/MyGitRepository/V3_20200831/files/code/mulan2_platform/lib/lib81315-sae-loader.a(ml_LinInterruptHandler.o)
 .debug_pubnames
                0x00001a14       0x27 /cygdrive/g/MyGitRepository/V3_20200831/files/code/mulan2_platform/lib/lib81315-sae-loader.a(ml_InitLinModule.o)
 .debug_pubnames
                0x00001a3b       0xb6 /cygdrive/g/MyGitRepository/V3_20200831/files/code/mulan2_platform/lib/lib81315-sae-loader.a(flashupload.o)
 .debug_pubnames
                0x00001af1       0x38 /cygdrive/g/MyGitRepository/V3_20200831/files/code/mulan2_platform/lib/lib81315-sae-loader.a(loader_state.o)
 .debug_pubnames
                0x00001b29       0x23 /cygdrive/g/MyGitRepository/V3_20200831/files/code/mulan2_platform/lib/lib81315-sae-loader.a(loader_get_state.o)
 .debug_pubnames
                0x00001b4c       0xdb /cygdrive/g/MyGitRepository/V3_20200831/files/code/mulan2_platform/lib/lib81315-sae-loader.a(flashfunctions_c_cmp.o)
 .debug_pubnames
                0x00001c27       0x29 /cygdrive/g/MyGitRepository/V3_20200831/files/code/mulan2_platform/lib/lib81315-sae-loader.a(ml_SetFastBaudRate.o)
 .debug_pubnames
                0x00001c50       0x1c /cygdrive/g/MyGitRepository/V3_20200831/files/code/mulan2_platform/lib/lib81315-sae-loader.a(startup.o)
 .debug_pubnames
                0x00001c6c       0x28 /cygdrive/g/MyGitRepository/V3_20200831/files/code/mulan2_platform/lib/lib81315-sae-loader.a(ram_section_init.o)
 .debug_pubnames
                0x00001c94       0x26 /cygdrive/g/MyGitRepository/V3_20200831/files/code/mulan2_platform/lib/lib81315-sae-loader.a(low_level_init.o)
 .debug_pubnames
                0x00001cba       0x1f /cygdrive/g/MyGitRepository/V3_20200831/files/code/mulan2_platform/lib/lib81315-sae-loader.a(premain.o)
 .debug_pubnames
                0x00001cd9       0x24 /cygdrive/g/MyGitRepository/V3_20200831/files/code/mulan2_platform/lib/lib81315-sae-loader.a(mlx_ispowerok.o)
 .debug_pubnames
                0x00001cfd       0x21 /cygdrive/g/MyGitRepository/V3_20200831/files/code/mulan2_platform/lib/lib81315-sae-loader.a(ml_LinInit.o)

.debug_aranges  0x00000000      0x504
 .debug_aranges
                0x00000000       0x18 obj/main.o
 .debug_aranges
                0x00000018       0x4c obj/app_coolantvalve.o
 .debug_aranges
                0x00000064       0x1c obj/lib_mlx315_misc.o
 .debug_aranges
                0x00000080       0x28 obj/system_background.o
 .debug_aranges
                0x000000a8       0x50 obj/LIN_Communication.o
 .debug_aranges
                0x000000f8       0x5c obj/LIN_Diagnostics.o
 .debug_aranges
                0x00000154       0x4c obj/ADC.o
 .debug_aranges
                0x000001a0       0x30 obj/Diagnostic.o
 .debug_aranges
                0x000001d0       0x20 obj/ErrorCodes.o
 .debug_aranges
                0x000001f0       0x44 obj/MotorDriver.o
 .debug_aranges
                0x00000234       0x1c obj/MotorStall.o
 .debug_aranges
                0x00000250       0x40 obj/NVRAM_UserPage.o
 .debug_aranges
                0x00000290       0x24 obj/PID_Control.o
 .debug_aranges
                0x000002b4       0x28 obj/Timer.o
 .debug_aranges
                0x000002dc       0x20 obj/SPI_Debug.o
 .debug_aranges
                0x000002fc       0x1c obj/fatal.o
 .debug_aranges
                0x00000318       0x1c /cygdrive/g/MyGitRepository/V3_20200831/files/code/mulan2_platform/lib/lib81315-sae-loader.a(prestart.o)
 .debug_aranges
                0x00000334       0x18 /cygdrive/g/MyGitRepository/V3_20200831/files/code/mulan2_platform/lib/lib81315-sae-loader.a(sys_mlx16.o)
 .debug_aranges
                0x0000034c       0x24 /cygdrive/g/MyGitRepository/V3_20200831/files/code/mulan2_platform/lib/lib81315-sae-loader.a(nvram.o)
 .debug_aranges
                0x00000370       0x24 /cygdrive/g/MyGitRepository/V3_20200831/files/code/mulan2_platform/lib/lib81315-sae-loader.a(lin.o)
 .debug_aranges
                0x00000394       0x18 /cygdrive/g/MyGitRepository/V3_20200831/files/code/mulan2_platform/lib/lib81315-sae-loader.a(ml_LinInterruptHandler.o)
 .debug_aranges
                0x000003ac       0x18 /cygdrive/g/MyGitRepository/V3_20200831/files/code/mulan2_platform/lib/lib81315-sae-loader.a(ml_InitLinModule.o)
 .debug_aranges
                0x000003c4       0x44 /cygdrive/g/MyGitRepository/V3_20200831/files/code/mulan2_platform/lib/lib81315-sae-loader.a(flashupload.o)
 .debug_aranges
                0x00000408       0x18 /cygdrive/g/MyGitRepository/V3_20200831/files/code/mulan2_platform/lib/lib81315-sae-loader.a(loader_get_state.o)
 .debug_aranges
                0x00000420       0x3c /cygdrive/g/MyGitRepository/V3_20200831/files/code/mulan2_platform/lib/lib81315-sae-loader.a(flashfunctions_c_cmp.o)
 .debug_aranges
                0x0000045c       0x18 /cygdrive/g/MyGitRepository/V3_20200831/files/code/mulan2_platform/lib/lib81315-sae-loader.a(ml_SetFastBaudRate.o)
 .debug_aranges
                0x00000474       0x18 /cygdrive/g/MyGitRepository/V3_20200831/files/code/mulan2_platform/lib/lib81315-sae-loader.a(startup.o)
 .debug_aranges
                0x0000048c       0x18 /cygdrive/g/MyGitRepository/V3_20200831/files/code/mulan2_platform/lib/lib81315-sae-loader.a(ram_section_init.o)
 .debug_aranges
                0x000004a4       0x18 /cygdrive/g/MyGitRepository/V3_20200831/files/code/mulan2_platform/lib/lib81315-sae-loader.a(low_level_init.o)
 .debug_aranges
                0x000004bc       0x18 /cygdrive/g/MyGitRepository/V3_20200831/files/code/mulan2_platform/lib/lib81315-sae-loader.a(premain.o)
 .debug_aranges
                0x000004d4       0x18 /cygdrive/g/MyGitRepository/V3_20200831/files/code/mulan2_platform/lib/lib81315-sae-loader.a(mlx_ispowerok.o)
 .debug_aranges
                0x000004ec       0x18 /cygdrive/g/MyGitRepository/V3_20200831/files/code/mulan2_platform/lib/lib81315-sae-loader.a(ml_LinInit.o)

.debug_str      0x00000000     0x32d5
 .debug_str     0x00000000       0xf6 obj/main.o
                                0x156 (size before relaxing)
 .debug_str     0x000000f6      0x52d obj/app_coolantvalve.o
                                0x695 (size before relaxing)
 .debug_str     0x00000623       0x41 obj/app_version.o
                                 0xff (size before relaxing)
 .debug_str     0x00000664       0xa7 obj/lib_mlx315_misc.o
                                0x18f (size before relaxing)
 .debug_str     0x0000070b      0x137 obj/system_background.o
                                0x28b (size before relaxing)
 .debug_str     0x00000842      0x4d8 obj/LIN_Communication.o
                                0x70a (size before relaxing)
 .debug_str     0x00000d1a      0x250 obj/LIN_Diagnostics.o
                                0x465 (size before relaxing)
 .debug_str     0x00000f6a      0x6ad obj/ADC.o
                                0x86a (size before relaxing)
 .debug_str     0x00001617      0x209 obj/Diagnostic.o
                                0x417 (size before relaxing)
 .debug_str     0x00001820       0x9b obj/ErrorCodes.o
                                0x16f (size before relaxing)
 .debug_str     0x000018bb      0x63a obj/MotorDriver.o
                                0x909 (size before relaxing)
 .debug_str     0x00001ef5       0x55 obj/MotorDriverTables.o
                                0x19a (size before relaxing)
 .debug_str     0x00001f4a       0xeb obj/MotorStall.o
                                0x24d (size before relaxing)
 .debug_str     0x00002035      0x241 obj/NVRAM_UserPage.o
                                0x3a2 (size before relaxing)
 .debug_str     0x00002276      0x22a obj/PID_Control.o
                                0x892 (size before relaxing)
 .debug_str     0x000024a0      0x139 obj/Timer.o
                                0x2e3 (size before relaxing)
 .debug_str     0x000025d9       0x6c obj/SPI_Debug.o
                                0x12b (size before relaxing)
 .debug_str     0x00002645       0x34 obj/fatal.o
                                0x17e (size before relaxing)
 .debug_str     0x00002679      0x198 /cygdrive/g/MyGitRepository/V3_20200831/files/code/mulan2_platform/lib/lib81315-sae-loader.a(prestart.o)
                                0x318 (size before relaxing)
 .debug_str     0x00002811       0x3c /cygdrive/g/MyGitRepository/V3_20200831/files/code/mulan2_platform/lib/lib81315-sae-loader.a(sys_mlx16.o)
                                0x1cf (size before relaxing)
 .debug_str     0x0000284d       0x22 /cygdrive/g/MyGitRepository/V3_20200831/files/code/mulan2_platform/lib/lib81315-sae-loader.a(lib_mlx813xx_bist.o)
                                0x12c (size before relaxing)
 .debug_str     0x0000286f       0xae /cygdrive/g/MyGitRepository/V3_20200831/files/code/mulan2_platform/lib/lib81315-sae-loader.a(nvram.o)
                                0x1d1 (size before relaxing)
 .debug_str     0x0000291d      0x188 /cygdrive/g/MyGitRepository/V3_20200831/files/code/mulan2_platform/lib/lib81315-sae-loader.a(lin.o)
                                0x40c (size before relaxing)
 .debug_str     0x00002aa5       0x30 /cygdrive/g/MyGitRepository/V3_20200831/files/code/mulan2_platform/lib/lib81315-sae-loader.a(ml_LinInterruptHandler.o)
                                 0xf1 (size before relaxing)
 .debug_str     0x00002ad5       0x24 /cygdrive/g/MyGitRepository/V3_20200831/files/code/mulan2_platform/lib/lib81315-sae-loader.a(ml_InitLinModule.o)
                                0x207 (size before relaxing)
 .debug_str     0x00002af9      0x407 /cygdrive/g/MyGitRepository/V3_20200831/files/code/mulan2_platform/lib/lib81315-sae-loader.a(flashupload.o)