Archive member included because of file (symbol)

/cygdrive/g/MyGitRepository/V3_20200831/files/code/mulan2_platform/lib/lib81315-sae-loader.a(sys_srv.o)
                              (mlx_pltf_version)
/cygdrive/g/MyGitRepository/V3_20200831/files/code/mulan2_platform/lib/lib81315-sae-loader.a(prestart.o)
                              obj/vectors-lin.o (__prestart)
/cygdrive/g/MyGitRepository/V3_20200831/files/code/mulan2_platform/lib/lib81315-sae-loader.a(sys_mlx16.o)
                              obj/lib_mlx315_misc.o (_MLX16_RESET)
/cygdrive/g/MyGitRepository/V3_20200831/files/code/mulan2_platform/lib/lib81315-sae-loader.a(lib_mlx813xx_bist.o)
                              obj/fatal.o (_bistHeader)
/cygdrive/g/MyGitRepository/V3_20200831/files/code/mulan2_platform/lib/lib81315-sae-loader.a(nvram.o)
                              obj/NVRAM_UserPage.o (_NVRAM_LoadAll)
/cygdrive/g/MyGitRepository/V3_20200831/files/code/mulan2_platform/lib/lib81315-sae-loader.a(div32_32by16.o)
                              obj/MotorDriver.o (_divU32_U32byU16)
/cygdrive/g/MyGitRepository/V3_20200831/files/code/mulan2_platform/lib/lib81315-sae-loader.a(mul32_16by16_copr.o)
                              obj/ADC.o (_mulI32_I16byU16)
/cygdrive/g/MyGitRepository/V3_20200831/files/code/mulan2_platform/lib/lib81315-sae-loader.a(mlx4_prog.o)
                              (mlx4_prog)
/cygdrive/g/MyGitRepository/V3_20200831/files/code/mulan2_platform/lib/lib81315-sae-loader.a(api.o)
                              obj/LIN_Communication.o (_LinProtectedID)
/cygdrive/g/MyGitRepository/V3_20200831/files/code/mulan2_platform/lib/lib81315-sae-loader.a(lin.o)
                              obj/LIN_Communication.o (_LinFrameDataBuffer)
/cygdrive/g/MyGitRepository/V3_20200831/files/code/mulan2_platform/lib/lib81315-sae-loader.a(ml_LinInterruptHandler.o)
                              obj/vectors-lin.o (_ml_LinInterruptHandler)
/cygdrive/g/MyGitRepository/V3_20200831/files/code/mulan2_platform/lib/lib81315-sae-loader.a(ml_InitLinModule.o)
                              obj/LIN_Communication.o (_ml_InitLinModule)
/cygdrive/g/MyGitRepository/V3_20200831/files/code/mulan2_platform/lib/lib81315-sae-loader.a(flashupload.o)
                              /cygdrive/g/MyGitRepository/V3_20200831/files/code/mulan2_platform/lib/lib81315-sae-loader.a(lin.o) (_ldr_isReadByIdMessage)
/cygdrive/g/MyGitRepository/V3_20200831/files/code/mulan2_platform/lib/lib81315-sae-loader.a(loader_state.o)
                              /cygdrive/g/MyGitRepository/V3_20200831/files/code/mulan2_platform/lib/lib81315-sae-loader.a(flashupload.o) (_loader_flags)
/cygdrive/g/MyGitRepository/V3_20200831/files/code/mulan2_platform/lib/lib81315-sae-loader.a(loader_get_state.o)
                              /cygdrive/g/MyGitRepository/V3_20200831/files/code/mulan2_platform/lib/lib81315-sae-loader.a(prestart.o) (_LDR_GetState)
/cygdrive/g/MyGitRepository/V3_20200831/files/code/mulan2_platform/lib/lib81315-sae-loader.a(flashfunctions_c_cmp.o)
                              /cygdrive/g/MyGitRepository/V3_20200831/files/code/mulan2_platform/lib/lib81315-sae-loader.a(flashupload.o) (_Flash_InitDriver)
/cygdrive/g/MyGitRepository/V3_20200831/files/code/mulan2_platform/lib/lib81315-sae-loader.a(ml_SetFastBaudRate.o)
                              /cygdrive/g/MyGitRepository/V3_20200831/files/code/mulan2_platform/lib/lib81315-sae-loader.a(flashupload.o) (_ml_SetFastBaudRate)
/cygdrive/g/MyGitRepository/V3_20200831/files/code/mulan2_platform/lib/lib81315-sae-loader.a(startup.o)
                              /cygdrive/g/MyGitRepository/V3_20200831/files/code/mulan2_platform/lib/lib81315-sae-loader.a(prestart.o) (_start)
/cygdrive/g/MyGitRepository/V3_20200831/files/code/mulan2_platform/lib/lib81315-sae-loader.a(ram_section_init.o)
                              /cygdrive/g/MyGitRepository/V3_20200831/files/code/mulan2_platform/lib/lib81315-sae-loader.a(startup.o) (__ram_section_init)
/cygdrive/g/MyGitRepository/V3_20200831/files/code/mulan2_platform/lib/lib81315-sae-loader.a(ram_test.o)
                              /cygdrive/g/MyGitRepository/V3_20200831/files/code/mulan2_platform/lib/lib81315-sae-loader.a(prestart.o) (_RAM_Test)
/cygdrive/g/MyGitRepository/V3_20200831/files/code/mulan2_platform/lib/lib81315-sae-loader.a(low_level_init.o)
                              /cygdrive/g/MyGitRepository/V3_20200831/files/code/mulan2_platform/lib/lib81315-sae-loader.a(startup.o) (__low_level_init)
/cygdrive/g/MyGitRepository/V3_20200831/files/code/mulan2_platform/lib/lib81315-sae-loader.a(premain.o)
                              /cygdrive/g/MyGitRepository/V3_20200831/files/code/mulan2_platform/lib/lib81315-sae-loader.a(startup.o) (__premain)
/cygdrive/g/MyGitRepository/V3_20200831/files/code/mulan2_platform/lib/lib81315-sae-loader.a(mlx_ispowerok.o)
[...]
Memory Configuration

Name             Origin             Length             Attributes
shared_ram       0x00000000         0x00000010         rw !x
ram_lin_fixed    0x00000010         0x00000008         rw
ram              0x00000018         0x00000728         xrw
dynram           0x00000740         0x00000080         xrw
mlx4_ram         0x000007c0         0x00000040         rw !x
eeprom           0x00001000         0x00000100         xrw
eeprom2          0x00001100         0x00000100         xrw
system_io        0x00002000         0x00000100         rw !x
user_io          0x00002800         0x00000100         rw !x
mlx4_flash       0x00004000         0x00001540         xr
mlx4_table       0x00005540         0x00000088         r
rom              0x000055c8         0x000068b8         xr
loader_flags     0x0000be80         0x00000080         r
protection_key   0x0000bf46         0x00000008         r
flash_crc        0x0000bf4e         0x00000002         r
product_no       0x0000bf50         0x00000008         r
app_version      0x0000bf58         0x00000004         r
pltf_version     0x0000bf5c         0x00000004         r
system_services  0x0000bf60         0x00000006         xr
loader_rst_state 0x0000bf66         0x00000002         r
vectors          0x0000bf68         0x00000098         xr
*default*        0x00000000         0xffffffff

Linker script and memory map

LOAD obj/muldiv16_16by16by16.o
LOAD obj/lin2b_romtbl.o
LOAD obj/vectors-lin.o
LOAD obj/main.o
LOAD obj/app_coolantvalve.o
LOAD obj/app_version.o
LOAD obj/lib_mlx315_misc.o
LOAD obj/system_background.o
LOAD obj/LIN_Communication.o
LOAD obj/LIN_Diagnostics.o
LOAD obj/ADC.o
LOAD obj/Diagnostic.o
LOAD obj/ErrorCodes.o
LOAD obj/MotorDriver.o
LOAD obj/MotorDriverTables.o
LOAD obj/MotorStall.o
LOAD obj/NVRAM_UserPage.o
LOAD obj/PID_Control.o
LOAD obj/Timer.o
LOAD obj/SPI_Debug.o
LOAD obj/fatal.o
LOAD /cygdrive/g/MyGitRepository/V3_20200831/files/code/mulan2_platform/lib/lib81315-sae-loader.a
LOAD /cygdrive/c/Program Files (x86)/Melexis/mlx16-gcc_1_12_3/bin/../lib/gcc/mlx16/3.4.3/mlx16-x8/libgcc.a
LOAD /cygdrive/c/Program Files (x86)/Melexis/mlx16-gcc_1_12_3/bin/../lib/gcc/mlx16/3.4.3/../../../../mlx16/lib/mlx16-x8/libc.a
LOAD /cygdrive/c/Program Files (x86)/Melexis/mlx16-gcc_1_12_3/bin/../lib/gcc/mlx16/3.4.3/mlx16-x8/libgcc.a
START GROUP
LOAD /cygdrive/c/Program Files (x86)/Melexis/mlx16-gcc_1_12_3/bin/../lib/gcc/mlx16/3.4.3/../../../../mlx16/lib/mlx16-x8/libc.a
LOAD /cygdrive/c/Program Files (x86)/Melexis/mlx16-gcc_1_12_3/bin/../lib/gcc/mlx16/3.4.3/mlx16-x8/libgcc.a
END GROUP
                0x00000000                __dp__ = 0x0
                0x00002800                __io__ = 0x2800
                0x00001000                __ep__ = 0x1000
                0x0000bf00                __fp0__ = 0xbf00
                0x0000be00                __fp1__ = 0xbe00
                0x0000bd00                __fp2__ = 0xbd00
                0x0000bc00                __fp3__ = 0xbc00
                0x0000bb00                __fp4__ = 0xbb00
                0x0000ba00                __fp5__ = 0xba00
                0x0000b900                __fp6__ = 0xb900
                0x00001000                __fp7__ = 0x1000

.mlx4_flash     0x00004000     0x14f0
                0x00004000                __mlx4_flash_start = .
 *(.mlx4_prog)
 .mlx4_prog     0x00004000     0x14f0 /cygdrive/g/MyGitRepository/V3_20200831/files/code/mulan2_platform/lib/lib81315-sae-loader.a(mlx4_prog.o)
                0x00004000                mlx4_prog
                0x000054f0                __mlx4_flash_end = .

.mlx4_table     0x00005540       0x88
                0x00005540                __mlx4_table_start = .
 *(.mlx4_table)
 .mlx4_table    0x00005540       0x88 obj/lin2b_romtbl.o
                0x00005540                _INDXtbl
                0x000055c0                _AUTOADDtbl
                0x000055c8                __mlx4_table_end = .

.mlx16_vectors  0x0000bf68       0x98
 *(.vectors)
 .vectors       0x0000bf68       0x98 obj/vectors-lin.o
                0x0000bf68                __vectors

.loader_flags   0x0000be80       0x80
 *(.loader_flags)
 .loader_flags  0x0000be80       0x80 /cygdrive/g/MyGitRepository/V3_20200831/files/code/mulan2_platform/lib/lib81315-sae-loader.a(loader_state.o)
                0x0000be80                _loader_flags

.loader_rst_state
                0x0000bf66        0x2
 *(.loader_rst_state)
 .loader_rst_state
                0x0000bf66        0x2 /cygdrive/g/MyGitRepository/V3_20200831/files/code/mulan2_platform/lib/lib81315-sae-loader.a(loader_state.o)
                0x0000bf66                _loader_rst_state

.system_services
                0x0000bf60        0x6
 *(.system_services)
 .system_services
                0x0000bf60        0x6 /cygdrive/g/MyGitRepository/V3_20200831/files/code/mulan2_platform/lib/lib81315-sae-loader.a(sys_srv.o)
                0x0000bf60                mlx_enter_protected_mode

.protection_key
                0x0000bf46        0x8
 *(.protection_key)
 .protection_key
                0x0000bf46        0x8 obj/app_version.o
                0x0000bf46                _Flash_Key

.flash_crc      0x0000bf4e        0x2
 *(.flash_crc)
 .flash_crc     0x0000bf4e        0x2 obj/app_version.o
                0x0000bf4e                _Flash_CRC

.product_no     0x0000bf50        0x8
 *(.product_no)
 .product_no    0x0000bf50        0x8 obj/app_version.o
                0x0000bf50                _product_id

.app_version    0x0000bf58        0x4
 *(.app_version)
 .app_version   0x0000bf58        0x4 obj/app_version.o
                0x0000bf58                _application_version

.pltf_version   0x0000bf5c        0x4
 *(.pltf_version)
 .pltf_version  0x0000bf5c        0x4 /cygdrive/g/MyGitRepository/V3_20200831/files/code/mulan2_platform/lib/lib81315-sae-loader.a(sys_srv.o)
                0x0000bf5c                mlx_pltf_version

.ramfunc        0x00000740       0x1e load address 0x000055c8
                0x00000740                . = ALIGN (0x2)
                0x00000740                __ramfunc_start = .
 *(.ramfunc)
 .ramfunc       0x00000740       0x1e /cygdrive/g/MyGitRepository/V3_20200831/files/code/mulan2_platform/lib/lib81315-sae-loader.a(prestart.o)
                0x00000740                _WriteTMTR
                0x0000075e                . = ALIGN (0x2)
                0x0000075e                __ramfunc_end = .
                0x0000001e                __ramfunc_size = (__ramfunc_end - __ramfunc_start)
                0x000055c8                __ramfunc_load_start = LOADADDR (.ramfunc)

.text           0x000055e8     0x441a
                0x000055e8                _stext = .
 *(.text.start)
 .text.start    0x000055e8       0x22 /cygdrive/g/MyGitRepository/V3_20200831/files/code/mulan2_platform/lib/lib81315-sae-loader.a(startup.o)
                0x000055e8                _start
 *(.text._low_level_init)
 *(.text._ram_section_init)
 .text._ram_section_init
                0x0000560a       0x42 /cygdrive/g/MyGitRepository/V3_20200831/files/code/mulan2_platform/lib/lib81315-sae-loader.a(ram_section_init.o)
                0x0000560a                __ram_section_init
 *(.text._premain)
 *(.text._fatal)
 *(.mlx_text)
 .mlx_text      0x0000564c       0xce obj/fatal.o
                0x0000564c                _STACK_IT
                0x0000568e                __fatal
 .mlx_text      0x0000571a      0x1fa /cygdrive/g/MyGitRepository/V3_20200831/files/code/mulan2_platform/lib/lib81315-sae-loader.a(prestart.o)
                0x0000571a                __prestart
 .mlx_text      0x00005914       0x7a /cygdrive/g/MyGitRepository/V3_20200831/files/code/mulan2_platform/lib/lib81315-sae-loader.a(sys_mlx16.o)
                0x00005914                _MLX16_RESET
 .mlx_text      0x0000598e       0xfc /cygdrive/g/MyGitRepository/V3_20200831/files/code/mulan2_platform/lib/lib81315-sae-loader.a(nvram.o)
                0x0000598e                _NVRAM_LoadAll
                0x000059f4                _NVRAM_SavePage
                0x00005a52                _NVRAM_BufferFill
                0x00005a7c                _NVRAM_SaveAll
 .mlx_text      0x00005a8a      0x128 /cygdrive/g/MyGitRepository/V3_20200831/files/code/mulan2_platform/lib/lib81315-sae-loader.a(api.o)
                0x00005a8a                _ml_ReleaseBuffer
                0x00005a8e                _ml_ReleaseBufferProg
                0x00005a98                _ml_DataReady
                0x00005aae                _ml_AssignFrameToMessageID
                0x00005ab4                _ml_DisableMessage
                0x00005ab8                _ml_EnableMessage
                0x00005ac4                _ml_AutoAddressingConfig
                0x00005acc                _ml_SetSlewRate
                0x00005ad4                _ml_SetOptions
                0x00005aea                _ml_DiscardFrame
                0x00005aee                _ml_ContFrame
                0x00005b2e                _ml_LinModuleVersion
                0x00005b5c                _ml_GetState
                0x00005b82                _ml_SetBaudRate
                0x00005b8e                _ml_SetAutoBaudRateMode
                0x00005b96                _ml_Connect
                0x00005b9a                _ml_Disconnect
                0x00005b9e                _ml_SwitchToFast
                0x00005ba2                _ml_WakeUp
                0x00005ba6                _ml_GotoSleep
 .mlx_text      0x00005bb2      0x202 /cygdrive/g/MyGitRepository/V3_20200831/files/code/mulan2_platform/lib/lib81315-sae-loader.a(lin.o)
                0x00005bb2                _ml_GetLinEventData
                0x00005be2                _ml_ProccessLinEvent
                0x00005d94                _ml_SetLoaderNAD
                0x00005dae                _ml_GetLoaderNAD
 .mlx_text      0x00005db4       0x1a /cygdrive/g/MyGitRepository/V3_20200831/files/code/mulan2_platform/lib/lib81315-sae-loader.a(ml_LinInterruptHandler.o)
                0x00005db4                _ml_LinInterruptHandler
                0x00005db4                _linit
 .mlx_text      0x00005dce       0x62 /cygdrive/g/MyGitRepository/V3_20200831/files/code/mulan2_platform/lib/lib81315-sae-loader.a(ml_InitLinModule.o)
                0x00005dce                _ml_InitLinModule
 .mlx_text      0x00005e30      0x7d6 /cygdrive/g/MyGitRepository/V3_20200831/files/code/mulan2_platform/lib/lib81315-sae-loader.a(flashupload.o)
                0x00005e30                _ldr_isReadByIdMessage
                0x00005fe8                _ml_ldr_ErrorDetected
                0x00006086                _ml_ldr_SwitchToProgMode
                0x00006116                _ml_ldr_ReadByIdMessage
                0x0000614e                _ml_DiagRequest
                0x000061b2                _ml_DiagReceived
 .mlx_text      0x00006606       0x16 /cygdrive/g/MyGitRepository/V3_20200831/files/code/mulan2_platform/lib/lib81315-sae-loader.a(loader_get_state.o)
                0x00006606                _LDR_GetState
 .mlx_text      0x0000661c      0x232 /cygdrive/g/MyGitRepository/V3_20200831/files/code/mulan2_platform/lib/lib81315-sae-loader.a(flashfunctions_c_cmp.o)
                0x0000661c                _Flash_InitDriver
                0x0000664c                _Flash_GetWriteTime
                0x0000666c                _Flash_PageRead
                0x0000668a                _Flash_PageBufferFill
                0x00006698                _Flash_PageVerifyBuffer
                0x000066ba                _Flash_PageWrite
                0x000067e2                _Flash_IREF_Offset
                0x0000682a                _Flash_PageWriteFiltered
 .mlx_text      0x0000684e       0x52 /cygdrive/g/MyGitRepository/V3_20200831/files/code/mulan2_platform/lib/lib81315-sae-loader.a(ml_SetFastBaudRate.o)
                0x0000684e                _ml_SetFastBaudRate
 .mlx_text      0x000068a0       0x5a /cygdrive/g/MyGitRepository/V3_20200831/files/code/mulan2_platform/lib/lib81315-sae-loader.a(ram_test.o)
                0x000068aa                _RAM_Test
 .mlx_text      0x000068fa      0x152 /cygdrive/g/MyGitRepository/V3_20200831/files/code/mulan2_platform/lib/lib81315-sae-loader.a(low_level_init.o)
                0x000068fa                __low_level_init
 .mlx_text      0x00006a4c       0x98 /cygdrive/g/MyGitRepository/V3_20200831/files/code/mulan2_platform/lib/lib81315-sae-loader.a(premain.o)
                0x00006a4c                __premain
 .mlx_text      0x00006ae4       0x9a /cygdrive/g/MyGitRepository/V3_20200831/files/code/mulan2_platform/lib/lib81315-sae-loader.a(mlx_ispowerok.o)
                0x00006ae4                _mlx_isPowerOk
 .mlx_text      0x00006b7e       0x20 /cygdrive/g/MyGitRepository/V3_20200831/files/code/mulan2_platform/lib/lib81315-sae-loader.a(ml_LinInit.o)
                0x00006b7e                _ml_LinInit
 *(.rodata)
 *fill*         0x00006b9e        0x2 
 .rodata        0x00006ba0        0xc /cygdrive/g/MyGitRepository/V3_20200831/files/code/mulan2_platform/lib/lib81315-sae-loader.a(lin.o)
 *(.rodata._mlx_*)
 .rodata._mlx_loader_info
                0x00006bac        0x1 /cygdrive/g/MyGitRepository/V3_20200831/files/code/mulan2_platform/lib/lib81315-sae-loader.a(flashupload.o)
                0x00006bae                . = ALIGN (0x2)
 *fill*         0x00006bad        0x1 
 *(.text)
 .text          0x00006bae       0x1a obj/muldiv16_16by16by16.o
                0x00006bae                _muldivI16_I16byI16byI16
                0x00006bbc                _muldivU16_U16byU16byU16
 .text          0x00006bc8        0x0 obj/lin2b_romtbl.o
 .text          0x00006bc8        0x0 obj/vectors-lin.o
 .text          0x00006bc8        0x0 obj/main.o
 .text          0x00006bc8        0x0 obj/app_coolantvalve.o
 .text          0x00006bc8        0x0 obj/app_version.o
 .text          0x00006bc8        0x0 obj/lib_mlx315_misc.o
 .text          0x00006bc8        0x0 obj/system_background.o
 .text          0x00006bc8        0x0 obj/LIN_Communication.o
 .text          0x00006bc8        0x0 obj/LIN_Diagnostics.o
 .text          0x00006bc8        0x0 obj/ADC.o
 .text          0x00006bc8        0x0 obj/Diagnostic.o
 .text          0x00006bc8        0x0 obj/ErrorCodes.o
 .text          0x00006bc8        0x0 obj/MotorDriver.o
 .text          0x00006bc8        0x0 obj/MotorDriverTables.o
 .text          0x00006bc8        0x0 obj/MotorStall.o
 .text          0x00006bc8        0x0 obj/NVRAM_UserPage.o
 .text          0x00006bc8        0x0 obj/PID_Control.o
 .text          0x00006bc8        0x0 obj/Timer.o
 .text          0x00006bc8        0x0 obj/SPI_Debug.o
 .text          0x00006bc8        0x0 obj/fatal.o
 .text          0x00006bc8        0x0 /cygdrive/g/MyGitRepository/V3_20200831/files/code/mulan2_platform/lib/lib81315-sae-loader.a(sys_srv.o)
 .text          0x00006bc8        0x0 /cygdrive/g/MyGitRepository/V3_20200831/files/code/mulan2_platform/lib/lib81315-sae-loader.a(prestart.o)
 .text          0x00006bc8        0x0 /cygdrive/g/MyGitRepository/V3_20200831/files/code/mulan2_platform/lib/lib81315-sae-loader.a(sys_mlx16.o)
 .text          0x00006bc8        0x0 /cygdrive/g/MyGitRepository/V3_20200831/files/code/mulan2_platform/lib/lib81315-sae-loader.a(lib_mlx813xx_bist.o)
 .text          0x00006bc8        0x0 /cygdrive/g/MyGitRepository/V3_20200831/files/code/mulan2_platform/lib/lib81315-sae-loader.a(nvram.o)
 .text          0x00006bc8       0x4a /cygdrive/g/MyGitRepository/V3_20200831/files/code/mulan2_platform/lib/lib81315-sae-loader.a(div32_32by16.o)
                0x00006bc8                _divI32_I32byI16
                0x00006bd8                _divI32_I32byU16
                0x00006bfa                _divU32_U32byU16
 .text          0x00006c12       0x14 /cygdrive/g/MyGitRepository/V3_20200831/files/code/mulan2_platform/lib/lib81315-sae-loader.a(mul32_16by16_copr.o)
                0x00006c12                _mulI32_I16byU16
                0x00006c20                _mulU32_U16byU16
 .text          0x00006c26        0x0 /cygdrive/g/MyGitRepository/V3_20200831/files/code/mulan2_platform/lib/lib81315-sae-loader.a(mlx4_prog.o)
 .text          0x00006c26        0x0 /cygdrive/g/MyGitRepository/V3_20200831/files/code/mulan2_platform/lib/lib81315-sae-loader.a(api.o)
 .text          0x00006c26        0x0 /cygdrive/g/MyGitRepository/V3_20200831/files/code/mulan2_platform/lib/lib81315-sae-loader.a(lin.o)
 .text          0x00006c26        0x0 /cygdrive/g/MyGitRepository/V3_20200831/files/code/mulan2_platform/lib/lib81315-sae-loader.a(ml_LinInterruptHandler.o)
 .text          0x00006c26        0x0 /cygdrive/g/MyGitRepository/V3_20200831/files/code/mulan2_platform/lib/lib81315-sae-loader.a(ml_InitLinModule.o)
 .text          0x00006c26        0x0 /cygdrive/g/MyGitRepository/V3_20200831/files/code/mulan2_platform/lib/lib81315-sae-loader.a(flashupload.o)
 .text          0x00006c26        0x0 /cygdrive/g/MyGitRepository/V3_20200831/files/code/mulan2_platform/lib/lib81315-sae-loader.a(loader_state.o)
 .text          0x00006c26        0x0 /cygdrive/g/MyGitRepository/V3_20200831/files/code/mulan2_platform/lib/lib81315-sae-loader.a(loader_get_state.o)
 .text          0x00006c26        0x0 /cygdrive/g/MyGitRepository/V3_20200831/files/code/mulan2_platform/lib/lib81315-sae-loader.a(flashfunctions_c_cmp.o)
 .text          0x00006c26        0x0 /cygdrive/g/MyGitRepository/V3_20200831/files/code/mulan2_platform/lib/lib81315-sae-loader.a(ml_SetFastBaudRate.o)
 .text          0x00006c26        0x0 /cygdrive/g/MyGitRepository/V3_20200831/files/code/mulan2_platform/lib/lib81315-sae-loader.a(startup.o)
 .text          0x00006c26        0x0 /cygdrive/g/MyGitRepository/V3_20200831/files/code/mulan2_platform/lib/lib81315-sae-loader.a(ram_section_init.o)
 .text          0x00006c26        0x0 /cygdrive/g/MyGitRepository/V3_20200831/files/code/mulan2_platform/lib/lib81315-sae-loader.a(ram_test.o)
 .text          0x00006c26        0x0 /cygdrive/g/MyGitRepository/V3_20200831/files/code/mulan2_platform/lib/lib81315-sae-loader.a(low_level_init.o)
 .text          0x00006c26        0x0 /cygdrive/g/MyGitRepository/V3_20200831/files/code/mulan2_platform/lib/lib81315-sae-loader.a(premain.o)
 .text          0x00006c26        0x0 /cygdrive/g/MyGitRepository/V3_20200831/files/code/mulan2_platform/lib/lib81315-sae-loader.a(mlx_ispowerok.o)
 .text          0x00006c26        0x0 /cygdrive/g/MyGitRepository/V3_20200831/files/code/mulan2_platform/lib/lib81315-sae-loader.a(ml_LinInit.o)
 *(.text.*)
 .text.main     0x00006c26       0x4c obj/main.o
                0x00006c26                _main
 .text.App_CoolantValveSMInit
                0x00006c72       0x5c obj/app_coolantvalve.o
                0x00006c72                _App_CoolantValveSMInit
 .text.handleOpeningPosition
                0x00006cce       0x36 obj/app_coolantvalve.o
                0x00006cce                _handleOpeningPosition
 .text.handleStateTransition
                0x00006d04       0x68 obj/app_coolantvalve.o
                0x00006d04                _handleStateTransition
 .text.handleInitiliazeProcess
                0x00006d6c       0xe6 obj/app_coolantvalve.o
                0x00006d6c                _handleInitiliazeProcess
 .text.handleStartInitialize
                0x00006e52       0x40 obj/app_coolantvalve.o
                0x00006e52                _handleStartInitialize
 .text.handleEndstopCheck
                0x00006e92       0x9e obj/app_coolantvalve.o
                0x00006e92                _handleEndstopCheck
 .text.handleSynchronizePosition
                0x00006f30      0x1fa obj/app_coolantvalve.o
                0x00006f30                _handleSynchronizePosition
 .text.Valve_GotoSleep
                0x0000712a        0x6 obj/app_coolantvalve.o
                0x0000712a                _Valve_GotoSleep
 .text.handleSleepEvent
                0x00007130       0x22 obj/app_coolantvalve.o
                0x00007130                _handleSleepEvent
 .text.handleEmergencyRunEvent
                0x00007152       0x28 obj/app_coolantvalve.o
                0x00007152                _handleEmergencyRunEvent
 .text.App_CoolantValveSM
                0x0000717a       0x36 obj/app_coolantvalve.o
                0x0000717a                _App_CoolantValveSM
 .text.HandleActCfrCtrl
                0x000071b0       0x7a obj/app_coolantvalve.o
                0x000071b0                _HandleActCfrCtrl
 .text.HandleActRfrSta
                0x0000722a       0x80 obj/app_coolantvalve.o
                0x0000722a                _HandleActRfrSta
 .text.HandleNMReq
                0x000072aa       0x20 obj/app_coolantvalve.o
                0x000072aa                _HandleNMReq
 .text.MLX315_SystemInit
                0x000072ca       0xdc obj/lib_mlx315_misc.o
                0x000072ca                _MLX315_SystemInit
 .text.MLX315_GotoSleep
                0x000073a6       0x38 obj/lib_mlx315_misc.o
                0x000073a6                _MLX315_GotoSleep
 .text.System_BackgroundTaskInit
                0x000073de        0x8 obj/system_background.o
                0x000073de                _System_BackgroundTaskInit
 .text.FlashBackgroundTest
                0x000073e6       0xc8 obj/system_background.o
                0x000073e6                _FlashBackgroundTest
 .text.System_BackgroundMemoryTest
                0x000074ae       0x44 obj/system_background.o
                0x000074ae                _System_BackgroundMemoryTest
 .text.RamBackgroundTest
                0x000074f2        0x4 obj/system_background.o
                0x000074f2                _RamBackgroundTest
 .text.System_BackgroundIORegTest
                0x000074f6       0xdc obj/system_background.o
                0x000074f6                _System_BackgroundIORegTest
 .text.handleNetworkManagement
                0x000075d2       0x48 obj/LIN_Communication.o
                0x000075d2                _handleNetworkManagement
 .text.CalcProtectionBits
                0x0000761a       0x64 obj/LIN_Communication.o
                0x0000761a                _CalcProtectionBits
 .text.LIN_Init
                0x0000767e       0xbe obj/LIN_Communication.o
                0x0000767e                _LIN_Init
 .text.handleMLX4StatusSupervisor
                0x0000773c       0x8e obj/LIN_Communication.o
                0x0000773c                _handleMLX4StatusSupervisor
 .text.mlu_ApplicationStop
                0x000077ca       0x20 obj/LIN_Communication.o
                0x000077ca                _mlu_ApplicationStop
 .text.mlu_DataRequest
                0x000077ea       0x64 obj/LIN_Communication.o
                0x000077ea                _mlu_DataRequest
 .text.mlu_DataTransmitted
                0x0000784e        0x8 obj/LIN_Communication.o
                0x0000784e                _mlu_DataTransmitted
 .text.LIN2x_ErrorHandling
                0x00007856       0x60 obj/LIN_Communication.o
                0x00007856                _LIN2x_ErrorHandling
 .text.mlu_ErrorDetected
                0x000078b6       0x16 obj/LIN_Communication.o
                0x000078b6                _mlu_ErrorDetected
 .text.mlu_LinSleepMode
                0x000078cc       0x26 obj/LIN_Communication.o
                0x000078cc                _mlu_LinSleepMode
 .text.mlu_MessageReceived
                0x000078f2       0x2a obj/LIN_Communication.o
                0x000078f2                _mlu_MessageReceived
 .text.LIN2J_ErrorHandling
                0x0000791c       0x62 obj/LIN_Communication.o
                0x0000791c                _LIN2J_ErrorHandling
 .text.handleLinInMsg
                0x0000797e       0x42 obj/LIN_Communication.o
                0x0000797e                _handleLinInMsg
 .text.LIN_MainFunction
                0x000079c0       0x2c obj/LIN_Communication.o
                0x000079c0                _LIN_MainFunction
 .text.mlu_AutoAddressingStep
                0x000079ec        0x2 obj/LIN_Communication.o
                0x000079ec                _mlu_AutoAddressingStep
 .text.SetupDiagResponse
                0x000079ee       0x36 obj/LIN_Diagnostics.o
                0x000079ee                _SetupDiagResponse
 .text.CheckSupplier
                0x00007a24       0x12 obj/LIN_Diagnostics.o
                0x00007a24                _CheckSupplier
 .text.ValidSupplierFunctionID
                0x00007a36       0x1c obj/LIN_Diagnostics.o
                0x00007a36                _ValidSupplierFunctionID
 .text.handleReassignNAD
                0x00007a52       0x38 obj/LIN_Diagnostics.o
                0x00007a52                _handleReassignNAD
 .text.handleAssignFrameID
                0x00007a8a       0x98 obj/LIN_Diagnostics.o
                0x00007a8a                _handleAssignFrameID
 .text.handleReadByIdentifier
                0x00007b22      0x128 obj/LIN_Diagnostics.o
                0x00007b22                _handleReadByIdentifier
 .text.handleConditionalChangeNAD
                0x00007c4a       0xc0 obj/LIN_Diagnostics.o
                0x00007c4a                _handleConditionalChangeNAD
 .text.handleDataDump
                0x00007d0a       0x90 obj/LIN_Diagnostics.o
                0x00007d0a                _handleDataDump
 .text.handleTargetReset
                0x00007d9a       0x18 obj/LIN_Diagnostics.o
                0x00007d9a                _handleTargetReset
 .text.handleSaveConfig
                0x00007db2       0x36 obj/LIN_Diagnostics.o
                0x00007db2                _handleSaveConfig
 .text.handleAssignFrameIDRange
                0x00007de8       0xbe obj/LIN_Diagnostics.o
                0x00007de8                _handleAssignFrameIDRange
 .text.handleWriteByIdentifier
                0x00007ea6       0x8a obj/LIN_Diagnostics.o
                0x00007ea6                _handleWriteByIdentifier
 .text.handleReadErrorCodes
                0x00007f30       0x30 obj/LIN_Diagnostics.o
                0x00007f30                _handleReadErrorCodes
 .text.handleMLXEEPatch
                0x00007f60       0x60 obj/LIN_Diagnostics.o
                0x00007f60                _handleMLXEEPatch
 .text.handleMLXEEUserPage
                0x00007fc0       0x58 obj/LIN_Diagnostics.o
                0x00007fc0                _handleMLXEEUserPage
 .text.handleMLXEEStore
                0x00008018       0x46 obj/LIN_Diagnostics.o
                0x00008018                _handleMLXEEStore
 .text.HandleDfrDiag
                0x0000805e       0xde obj/LIN_Diagnostics.o
                0x0000805e                _HandleDfrDiag
 .text.RfrDiagReset
                0x0000813c       0x28 obj/LIN_Diagnostics.o
                0x0000813c                _RfrDiagReset
 .text.ADC_StartSoftTrig
                0x00008164       0x32 obj/ADC.o
                0x00008164                _ADC_StartSoftTrig
 .text.ADC_Stop
                0x00008196       0x3e obj/ADC.o
                0x00008196                _ADC_Stop
 .text.ADC_Init
                0x000081d4       0x48 obj/ADC.o
                0x000081d4                _ADC_Init
 .text.ADC_Start
                0x0000821c       0x30 obj/ADC.o
                0x0000821c                _ADC_Start
 .text.ADC_PowerOff
                0x0000824c       0x1c obj/ADC.o
                0x0000824c                _ADC_PowerOff
 .text.ADC_IT   0x00008268        0x6 obj/ADC.o
                0x00008268                _ADC_IT
 .text.GetVsupply
                0x0000826e       0x36 obj/ADC.o
                0x0000826e                _GetVsupply
 .text.GetVsupplyMotor
                0x000082a4       0x3c obj/ADC.o
                0x000082a4                _GetVsupplyMotor
 .text.ResetChipTemperature
                0x000082e0        0xa obj/ADC.o
                0x000082e0                _ResetChipTemperature
 .text.GetChipTemperature
                0x000082ea       0x80 obj/ADC.o
                0x000082ea                _GetChipTemperature
 .text.GetRawMotorDriverCurrent
                0x0000836a       0x36 obj/ADC.o
                0x0000836a                _GetRawMotorDriverCurrent
 .text.GetMotorDriverCurrent
                0x000083a0       0x1c obj/ADC.o
                0x000083a0                _GetMotorDriverCurrent
 .text.MeasureVsupplyAndTemperature
                0x000083bc       0x2e obj/ADC.o
                0x000083bc                _MeasureVsupplyAndTemperature
 .text.MeasureMotorCurrent
                0x000083ea       0x12 obj/ADC.o
                0x000083ea                _MeasureMotorCurrent
 .text.HandleDiagnosticEvent
                0x000083fc       0x88 obj/Diagnostic.o
                0x000083fc                _HandleDiagnosticEvent
 .text.DiagnosticsInit
                0x00008484       0x8e obj/Diagnostic.o
                0x00008484                _DiagnosticsInit
 .text.EXT4_IT  0x00008512       0x72 obj/Diagnostic.o
                0x00008512                _EXT4_IT
 .text.MotorDiagnosticCheckInit
                0x00008584       0x12 obj/Diagnostic.o
                0x00008584                _MotorDiagnosticCheckInit
 .text.MotorDiagnosticOpenCheck
                0x00008596       0x68 obj/Diagnostic.o
                0x00008596                _MotorDiagnosticOpenCheck
 .text.MotorDiagnosticVsupplyAndTemperature
                0x000085fe      0x1b2 obj/Diagnostic.o
                0x000085fe                _MotorDiagnosticVsupplyAndTemperature
 .text.ErrorLogInit
                0x000087b0       0x28 obj/ErrorCodes.o
                0x000087b0                _ErrorLogInit
 .text.SetLastError
                0x000087d8       0x36 obj/ErrorCodes.o
                0x000087d8                _SetLastError
 .text.GetLastError
                0x0000880e       0x5e obj/ErrorCodes.o
                0x0000880e                _GetLastError
 .text.MotorDriverSetParams
                0x0000886c       0x24 obj/MotorDriver.o
                0x0000886c                _MotorDriverSetParams
 .text.MotorDriverGetStatus
                0x00008890       0x1c obj/MotorDriver.o
                0x00008890                _MotorDriverGetStatus
 .text.MotorDriverClearFaultStatus
                0x000088ac       0x20 obj/MotorDriver.o
                0x000088ac                _MotorDriverClearFaultStatus
 .text.MotorDriver_4PhaseStepper
                0x000088cc       0xc6 obj/MotorDriver.o
                0x000088cc                _MotorDriver_4PhaseStepper
 .text.MotorDriverInit
                0x00008992      0x194 obj/MotorDriver.o
                0x00008992                _MotorDriverInit
 .text.MotorDriverCurrentMeasureInit
                0x00008b26       0x32 obj/MotorDriver.o
                0x00008b26                _MotorDriverCurrentMeasureInit
 .text.MotorDriver_InitialPwmDutyCycle
                0x00008b58       0x74 obj/MotorDriver.o
                0x00008b58                _MotorDriver_InitialPwmDutyCycle
 .text.MotorDriverStart
                0x00008bcc       0xb6 obj/MotorDriver.o
                0x00008bcc                _MotorDriverStart
 .text.MotorDriverStop
                0x00008c82       0xee obj/MotorDriver.o
                0x00008c82                _MotorDriverStop
 .text.MotorDriver_MainFunction
                0x00008d70      0x1b0 obj/MotorDriver.o
                0x00008d70                _MotorDriver_MainFunction
 .text.MotorDriverCurrentMeasure
                0x00008f20       0x82 obj/MotorDriver.o
                0x00008f20                _MotorDriverCurrentMeasure
 .text.EXT0_IT  0x00008fa2      0x1a8 obj/MotorDriver.o
                0x00008fa2                _EXT0_IT
 .text.MotorStallInitH
                0x0000914a       0x1e obj/MotorStall.o
                0x0000914a                _MotorStallInitH
 .text.MotorStallCheckH
                0x00009168       0xb2 obj/MotorStall.o
                0x00009168                _MotorStallCheckH
 .text.NVRAM_CRC8
                0x0000921a       0x16 obj/NVRAM_UserPage.o
                0x0000921a                _NVRAM_CRC8
 .text.NVRAM_Init
                0x00009230       0x7e obj/NVRAM_UserPage.o
                0x00009230                _NVRAM_Init
 .text.NVRAM_Read
                0x000092ae       0x8c obj/NVRAM_UserPage.o
                0x000092ae                _NVRAM_Read
 .text.NVRAM_Write
                0x0000933a      0x156 obj/NVRAM_UserPage.o
                0x0000933a                _NVRAM_Write
 .text.NVRAM_Store
                0x00009490       0x7a obj/NVRAM_UserPage.o
                0x00009490                _NVRAM_Store
 .text.NVRAM_StorePatch
                0x0000950a        0x8 obj/NVRAM_UserPage.o
                0x0000950a                _NVRAM_StorePatch
 .text.NVRAM_CountCRC8
                0x00009512       0x44 obj/NVRAM_UserPage.o
                0x00009512                _NVRAM_CountCRC8
 .text.PlaceError
                0x00009556       0x28 obj/NVRAM_UserPage.o
                0x00009556                _PlaceError
 .text.NVRAM_LogError
                0x0000957e       0x90 obj/NVRAM_UserPage.o
                0x0000957e                _NVRAM_LogError
 .text.NVRAM_GetLastError
                0x0000960e       0x34 obj/NVRAM_UserPage.o
                0x0000960e                _NVRAM_GetLastError
 .text.NVRAM_ClearErrorLog
                0x00009642       0x2c obj/NVRAM_UserPage.o
                0x00009642                _NVRAM_ClearErrorLog
 .text.PID_Init
                0x0000966e       0x84 obj/PID_Control.o
                0x0000966e                _PID_Init
 .text.VoltageCorrection
                0x000096f2       0x4e obj/PID_Control.o
                0x000096f2                _VoltageCorrection
 .text.PID_Control
                0x00009740       0xce obj/PID_Control.o
                0x00009740                _PID_Control
 .text.ThresholdControl
                0x0000980e       0x78 obj/PID_Control.o
                0x0000980e                _ThresholdControl
 .text.Timer_Init
                0x00009886       0x14 obj/Timer.o
                0x00009886                _Timer_Init
 .text.Timer_Start
                0x0000989a       0x12 obj/Timer.o
                0x0000989a                _Timer_Start
 .text.Timer_IsExpired
                0x000098ac       0x14 obj/Timer.o
                0x000098ac                _Timer_IsExpired
 .text.Timer_SleepCompensation
                0x000098c0       0x3c obj/Timer.o
                0x000098c0                _Timer_SleepCompensation
 .text.TIMER_IT
                0x000098fc       0x24 obj/Timer.o
                0x000098fc                _TIMER_IT
 .text.SpiDebugWriteFirst
                0x00009920       0x1e obj/SPI_Debug.o
                0x00009920                _SpiDebugWriteFirst
 .text.SpiDebugInit
                0x0000993e       0x1c obj/SPI_Debug.o
                0x0000993e                _SpiDebugInit
 .text.SpiDebugWriteNext
                0x0000995a        0x6 obj/SPI_Debug.o
                0x0000995a                _SpiDebugWriteNext
 *(.rodata.*)
 .rodata.SBASE_INIT_4PH
                0x00009960        0xc obj/ADC.o
                0x00009960                _SBASE_INIT_4PH
 .rodata.SBASE_CURRENT
                0x0000996c        0x4 obj/ADC.o
                0x0000996c                _SBASE_CURRENT
 .rodata.SBASE_MOTORVOLT
                0x00009970        0x4 obj/ADC.o
                0x00009970                _SBASE_MOTORVOLT
 .rodata.SBASE_SUPPLYVOLT
                0x00009974        0x4 obj/ADC.o
                0x00009974                _SBASE_SUPPLYVOLT
 .rodata.SBASE_TEMP
                0x00009978        0x4 obj/ADC.o
                0x00009978                _SBASE_TEMP
 .rodata.SBASE_CURROFF
                0x0000997c        0x4 obj/ADC.o
                0x0000997c                _SBASE_CURROFF
 .rodata.SBASE_VREF_OFF
                0x00009980        0x4 obj/ADC.o
                0x00009980                _SBASE_VREF_OFF
 .rodata.c_ai16MicroStepVector4PH
                0x00009984       0x50 obj/MotorDriverTables.o
                0x00009984                _c_ai16MicroStepVector4PH
 .rodata.c_au8DrvCfgSelfTestB4
                0x000099d4        0xa obj/MotorDriverTables.o
                0x000099d4                _c_au8DrvCfgSelfTestB4
 .rodata.c_au16DrvAdcSelfTestA
                0x000099de       0x10 obj/MotorDriverTables.o
                0x000099de                _c_au16DrvAdcSelfTestA
 .rodata.c_au8DrvCfgSelfTestA
                0x000099ee        0x8 obj/MotorDriverTables.o
                0x000099ee                _c_au8DrvCfgSelfTestA
 .rodata.PageIntegerityDefault
                0x000099f6        0x4 obj/NVRAM_UserPage.o
                0x000099f6                _PageIntegerityDefault
 .rodata.READ_BY_ID_BC
                0x000099fa        0x8 /cygdrive/g/MyGitRepository/V3_20200831/files/code/mulan2_platform/lib/lib81315-sae-loader.a(flashupload.o)
                0x00009a02                . = ALIGN (0x2)
                0x00009a02                _etext = .

.shared_ram     0x00000000       0x10
 *(.special)
 .special       0x00000000       0x10 /cygdrive/g/MyGitRepository/V3_20200831/files/code/mulan2_platform/lib/lib81315-sae-loader.a(api.o)
                0x00000000                _LinResp
                0x00000002                _LinCmnd
                0x00000004                _LinMess
                0x00000006                _LinMess2
                0x00000007                _LinProtectedID
                0x00000008                _LinFrame

.ram_lin_fixed  0x00000010        0x6
 *(.ram_lin_fixed)
 .ram_lin_fixed
                0x00000010        0x6 /cygdrive/g/MyGitRepository/V3_20200831/files/code/mulan2_platform/lib/lib81315-sae-loader.a(lin.o)
                0x00000010                _stFixedRamNAD

.dp.data        0x00000018       0x10 load address 0x00009a02
                0x00000018                . = ALIGN (0x2)
                0x00000018                __data_dp_start = .
 *(.dp.data)
 .dp.data       0x00000018        0x4 obj/LIN_Communication.o
                0x00000018                _g_u8BufferOutID
                0x00000019                _g_u8StatusFrameID
                0x0000001a                _g_u8ControlFrameID
                0x0000001b                _g_u8NAD
 .dp.data       0x0000001c        0x8 obj/MotorDriver.o
                0x0000001c                _g_sMotorFault
                0x0000001e                _g_u8MotorStopDelay
                0x00000020                _g_u16StartupDelay
                0x00000022                _l_u8VTIdx
 .dp.data       0x00000024        0x3 obj/MotorStall.o
                0x00000024                _g_u8StallTypeComm
                0x00000025                _l_u8StallCountO
                0x00000026                _l_u8StallCountA
                0x00000028                . = ALIGN (0x2)
 *fill*         0x00000027        0x1 
                0x00000028                __data_dp_end = .
                0x00000010                __data_dp_size = (__data_dp_end - __data_dp_start)
                0x00009a02                __data_load_start = LOADADDR (.dp.data)

.dp             0x00000028       0x4a load address 0x00009a12
                0x00000028                . = ALIGN (0x2)
                0x00000028                __bss_dp_start = .
 *(.dp)
 .dp            0x00000028       0x10 obj/LIN_Communication.o
                0x00000028                _g_LinCmdFrameBuffer
                0x00000030                _g_DiagResponse
 .dp            0x00000038       0x18 obj/MotorDriver.o
                0x00000038                _g_u16CorrectionRatio
                0x0000003a                _g_u16MicroStepIdx
                0x0000003c                _g_u16CommutTimerPeriod
                0x0000003e                _g_u16TargetCommutTimerPeriod
                0x00000040                _g_u16MotorCurrentMovAvgxN
                0x00000042                _g_u16MotorCurrentLPFx64
                0x00000044                _g_e8MotorDirectionCCW
                0x00000046                _g_u16ActuatorActPos
                0x00000048                _g_u16ActuatorTgtPos
                0x0000004a                _l_u16ActuatorBufferedActPos
                0x0000004c                _l_u16ActuatorBufferedTgtPos
                0x0000004e                _l_u16ActuatorBufferedSpdRPM
 .dp            0x00000050        0x2 obj/PID_Control.o
                0x00000050                _g_u16PID_I
 .dp            0x00000052        0xc /cygdrive/g/MyGitRepository/V3_20200831/files/code/mulan2_platform/lib/lib81315-sae-loader.a(lin.o)
                0x00000052                _LinFrameDataBuffer
                0x0000005a                _LIN_nad
                0x0000005c                _LinMessage
 .dp            0x0000005e       0x14 /cygdrive/g/MyGitRepository/V3_20200831/files/code/mulan2_platform/lib/lib81315-sae-loader.a(flashupload.o)
                0x0000005e                _ml_driver_mode
                0x00000072                . = ALIGN (0x2)
                0x00000072                __bss_dp_end = .
                0x0000004a                __bss_dp_size = (__bss_dp_end - __bss_dp_start)

.dp.noinit      0x00000072        0x0 load address 0x00009a12
                0x00000072                . = ALIGN (0x2)
                0x00000072                __dp_noinit_start = .
 *(.dp.noinit)
                0x00000072                . = ALIGN (0x2)
                0x00000072                __dp_noinit_end = .
                0x00000000                __dp_noinit_size = (__dp_noinit_end - __dp_noinit_start)

.data           0x00000072       0x7a load address 0x00009a12
                0x00000072                . = ALIGN (0x2)
                0x00000072                __data_start = .
 *(.data)
 .data          0x00000072        0x0 obj/muldiv16_16by16by16.o
 .data          0x00000072        0x0 obj/lin2b_romtbl.o
 .data          0x00000072        0x0 obj/vectors-lin.o
 .data          0x00000072        0x0 obj/main.o
 .data          0x00000072        0x0 obj/app_coolantvalve.o
 .data          0x00000072        0x0 obj/app_version.o
 .data          0x00000072        0x0 obj/lib_mlx315_misc.o
 .data          0x00000072        0x0 obj/system_background.o
 .data          0x00000072        0x0 obj/LIN_Communication.o
 .data          0x00000072        0x0 obj/LIN_Diagnostics.o
 .data          0x00000072        0x0 obj/ADC.o
 .data          0x00000072        0x0 obj/Diagnostic.o
 .data          0x00000072        0x0 obj/ErrorCodes.o
 .data          0x00000072        0x0 obj/MotorDriver.o
 .data          0x00000072        0x0 obj/MotorDriverTables.o
 .data          0x00000072        0x0 obj/MotorStall.o
 .data          0x00000072        0x0 obj/NVRAM_UserPage.o
 .data          0x00000072        0x0 obj/PID_Control.o
 .data          0x00000072        0x0 obj/Timer.o
 .data          0x00000072        0x0 obj/SPI_Debug.o
 .data          0x00000072        0x0 obj/fatal.o
 .data          0x00000072        0x0 /cygdrive/g/MyGitRepository/V3_20200831/files/code/mulan2_platform/lib/lib81315-sae-loader.a(sys_srv.o)
 .data          0x00000072        0x0 /cygdrive/g/MyGitRepository/V3_20200831/files/code/mulan2_platform/lib/lib81315-sae-loader.a(prestart.o)
 .data          0x00000072        0x0 /cygdrive/g/MyGitRepository/V3_20200831/files/code/mulan2_platform/lib/lib81315-sae-loader.a(sys_mlx16.o)
 .data          0x00000072        0x0 /cygdrive/g/MyGitRepository/V3_20200831/files/code/mulan2_platform/lib/lib81315-sae-loader.a(lib_mlx813xx_bist.o)
 .data          0x00000072        0x0 /cygdrive/g/MyGitRepository/V3_20200831/files/code/mulan2_platform/lib/lib81315-sae-loader.a(nvram.o)
 .data          0x00000072        0x0 /cygdrive/g/MyGitRepository/V3_20200831/files/code/mulan2_platform/lib/lib81315-sae-loader.a(div32_32by16.o)
 .data          0x00000072        0x0 /cygdrive/g/MyGitRepository/V3_20200831/files/code/mulan2_platform/lib/lib81315-sae-loader.a(mul32_16by16_copr.o)
 .data          0x00000072        0x0 /cygdrive/g/MyGitRepository/V3_20200831/files/code/mulan2_platform/lib/lib81315-sae-loader.a(mlx4_prog.o)
 .data          0x00000072        0x0 /cygdrive/g/MyGitRepository/V3_20200831/files/code/mulan2_platform/lib/lib81315-sae-loader.a(api.o)
 .data          0x00000072        0x0 /cygdrive/g/MyGitRepository/V3_20200831/files/code/mulan2_platform/lib/lib81315-sae-loader.a(lin.o)
 .data          0x00000072        0x0 /cygdrive/g/MyGitRepository/V3_20200831/files/code/mulan2_platform/lib/lib81315-sae-loader.a(ml_LinInterruptHandler.o)
 .data          0x00000072        0x0 /cygdrive/g/MyGitRepository/V3_20200831/files/code/mulan2_platform/lib/lib81315-sae-loader.a(ml_InitLinModule.o)
 .data          0x00000072        0x0 /cygdrive/g/MyGitRepository/V3_20200831/files/code/mulan2_platform/lib/lib81315-sae-loader.a(flashupload.o)
 .data          0x00000072        0x0 /cygdrive/g/MyGitRepository/V3_20200831/files/code/mulan2_platform/lib/lib81315-sae-loader.a(loader_state.o)
 .data          0x00000072        0x0 /cygdrive/g/MyGitRepository/V3_20200831/files/code/mulan2_platform/lib/lib81315-sae-loader.a(loader_get_state.o)
 .data          0x00000072        0x0 /cygdrive/g/MyGitRepository/V3_20200831/files/code/mulan2_platform/lib/lib81315-sae-loader.a(flashfunctions_c_cmp.o)
 .data          0x00000072        0x0 /cygdrive/g/MyGitRepository/V3_20200831/files/code/mulan2_platform/lib/lib81315-sae-loader.a(ml_SetFastBaudRate.o)
 .data          0x00000072        0x0 /cygdrive/g/MyGitRepository/V3_20200831/files/code/mulan2_platform/lib/lib81315-sae-loader.a(startup.o)
 .data          0x00000072        0x0 /cygdrive/g/MyGitRepository/V3_20200831/files/code/mulan2_platform/lib/lib81315-sae-loader.a(ram_section_init.o)
 .data          0x00000072        0x0 /cygdrive/g/MyGitRepository/V3_20200831/files/code/mulan2_platform/lib/lib81315-sae-loader.a(ram_test.o)
 .data          0x00000072        0x0 /cygdrive/g/MyGitRepository/V3_20200831/files/code/mulan2_platform/lib/lib81315-sae-loader.a(low_level_init.o)
 .data          0x00000072        0x0 /cygdrive/g/MyGitRepository/V3_20200831/files/code/mulan2_platform/lib/lib81315-sae-loader.a(premain.o)
 .data          0x00000072        0x0 /cygdrive/g/MyGitRepository/V3_20200831/files/code/mulan2_platform/lib/lib81315-sae-loader.a(mlx_ispowerok.o)
 .data          0x00000072        0x0 /cygdrive/g/MyGitRepository/V3_20200831/files/code/mulan2_platform/lib/lib81315-sae-loader.a(ml_LinInit.o)
 *(.data.*)
 .data.ReqArr   0x00000072        0x8 obj/app_coolantvalve.o
                0x00000072                _ReqArr
 .data.CmdArr   0x0000007a        0x8 obj/app_coolantvalve.o
                0x0000007a                _CmdArr
 .data.targetPos
                0x00000082        0x2 obj/app_coolantvalve.o
                0x00000082                _targetPos
 .data.l_u8OBDValveStatusSpeedLevel
                0x00000084        0x1 obj/app_coolantvalve.o
                0x00000084                _l_u8OBDValveStatusSpeedLevel
 .data.l_u8OBDValveStatusMove
                0x00000085        0x1 obj/app_coolantvalve.o
                0x00000085                _l_u8OBDValveStatusMove
 .data.l_u16OBDValveStatusPosition
                0x00000086        0x2 obj/app_coolantvalve.o
                0x00000086                _l_u16OBDValveStatusPosition
 .data.l_u8OBDValveStatusOverTempWarn
                0x00000088        0x1 obj/app_coolantvalve.o
                0x00000088                _l_u8OBDValveStatusOverTempWarn
 .data.l_u8OBDValveStatusVolt
                0x00000089        0x1 obj/app_coolantvalve.o
                0x00000089                _l_u8OBDValveStatusVolt
 .data.l_u8OBDValveStatusFault
                0x0000008a        0x1 obj/app_coolantvalve.o
                0x0000008a                _l_u8OBDValveStatusFault
 .data.l_u8ValueFaultFlag
                0x0000008b        0x1 obj/app_coolantvalve.o
                0x0000008b                _l_u8ValueFaultFlag
 .data.l_u8AliveRollingCounter
                0x0000008c        0x1 obj/app_coolantvalve.o
                0x0000008c                _l_u8AliveRollingCounter
 *fill*         0x0000008d        0x1 
 .data.s_CVRequestStruct
                0x0000008e        0x8 obj/app_coolantvalve.o
                0x0000008e                _s_CVRequestStruct
 .data.l_u8MotorControl
                0x00000096        0x1 obj/app_coolantvalve.o
                0x00000096                _l_u8MotorControl
 .data.l_u8EmrunStatus
                0x00000097        0x1 obj/app_coolantvalve.o
                0x00000097                _l_u8EmrunStatus
 .data.l_u8EndstopCheckLock
                0x00000098        0x1 obj/app_coolantvalve.o
                0x00000098                _l_u8EndstopCheckLock
 *fill*         0x00000099        0x1 
 .data.l_u16PhysicalEndstopPos
                0x0000009a        0x2 obj/app_coolantvalve.o
                0x0000009a                _l_u16PhysicalEndstopPos
 .data.l_e8GmcvInitDirection
                0x0000009c        0x1 obj/app_coolantvalve.o
                0x0000009c                _l_e8GmcvInitDirection
 .data.l_u8ValveInitEnds
                0x0000009d        0x1 obj/app_coolantvalve.o
                0x0000009d                _l_u8ValveInitEnds
 .data.l_e8CalibrationStep
                0x0000009e        0x1 obj/app_coolantvalve.o
                0x0000009e                _l_e8CalibrationStep
 .data.l_u8OBDValveElectricError
                0x0000009f        0x1 obj/app_coolantvalve.o
                0x0000009f                _l_u8OBDValveElectricError
 .data.l_u8OBDValveMechanicalError
                0x000000a0        0x1 obj/app_coolantvalve.o
                0x000000a0                _l_u8OBDValveMechanicalError
 .data.l_u8StallOcc
                0x000000a1        0x1 obj/app_coolantvalve.o
                0x000000a1                _l_u8StallOcc
 .data.l_e8ValveState
                0x000000a2        0x1 obj/app_coolantvalve.o
                0x000000a2                _l_e8ValveState
 .data.l_u8BackgroundSchedulerTaskID
                0x000000a3        0x1 obj/system_background.o
                0x000000a3                _l_u8BackgroundSchedulerTaskID
 .data.l_u8RamPreError
                0x000000a4        0x1 obj/system_background.o
                0x000000a4                _l_u8RamPreError
 *fill*         0x000000a5        0x1 
 .data.__pu16Segment_0
                0x000000a6        0x2 obj/system_background.o
 .data.__u16FlashCRC_1
                0x000000a8        0x2 obj/system_background.o
 .data.l_u8Mlx4ErrorStateOcc
                0x000000aa        0x1 obj/LIN_Communication.o
                0x000000aa                _l_u8Mlx4ErrorStateOcc
 .data.l_u8NMEventPending
                0x000000ab        0x1 obj/LIN_Communication.o
                0x000000ab                _l_u8NMEventPending
 .data.l_e8CommState
                0x000000ac        0x1 obj/LIN_Communication.o
                0x000000ac                _l_e8CommState
 .data.l_u8ErrorCommunication
                0x000000ad        0x1 obj/LIN_Communication.o
                0x000000ad                _l_u8ErrorCommunication
 .data.l_u8LinInFrameBufState
                0x000000ae        0x1 obj/LIN_Communication.o
                0x000000ae                _l_u8LinInFrameBufState
 .data.l_u8SNPD_CycleCountComm
                0x000000af        0x1 obj/LIN_Diagnostics.o
                0x000000af                _l_u8SNPD_CycleCountComm
 .data.g_i16Current
                0x000000b0        0x2 obj/ADC.o
                0x000000b0                _g_i16Current
 .data.g_i16ChipTemperature
                0x000000b2        0x2 obj/ADC.o
                0x000000b2                _g_i16ChipTemperature
 .data.g_i16MotorVoltage
                0x000000b4        0x2 obj/ADC.o
                0x000000b4                _g_i16MotorVoltage
 .data.g_i16SupplyVoltage
                0x000000b6        0x2 obj/ADC.o
                0x000000b6                _g_i16SupplyVoltage
 .data.g_u16CurrentMotorCoilB
                0x000000b8        0x2 obj/ADC.o
                0x000000b8                _g_u16CurrentMotorCoilB
 .data.g_u16CurrentMotorCoilA
                0x000000ba        0x2 obj/ADC.o
                0x000000ba                _g_u16CurrentMotorCoilA
 .data.l_u8AdcPowerOff
                0x000000bc        0x1 obj/ADC.o
                0x000000bc                _l_u8AdcPowerOff
 .data.g_u8AdcIsrMode
                0x000000bd        0x1 obj/ADC.o
                0x000000bd                _g_u8AdcIsrMode
 .data.l_u16CurrentZeroOffset
                0x000000be        0x2 obj/ADC.o
                0x000000be                _l_u16CurrentZeroOffset
 .data.l_u16CoilCurrentStartDelay
                0x000000c0        0x2 obj/Diagnostic.o
                0x000000c0                _l_u16CoilCurrentStartDelay
 .data.l_u16CoilZeroCurrCountB
                0x000000c2        0x2 obj/Diagnostic.o
                0x000000c2                _l_u16CoilZeroCurrCountB
 .data.l_u16CoilZeroCurrCountA
                0x000000c4        0x2 obj/Diagnostic.o
                0x000000c4                _l_u16CoilZeroCurrCountA
 .data.l_u8OverTemperatureShutCount
                0x000000c6        0x1 obj/Diagnostic.o
                0x000000c6                _l_u8OverTemperatureShutCount
 .data.l_u8OverTemperatureWarnCount
                0x000000c7        0x1 obj/Diagnostic.o
                0x000000c7                _l_u8OverTemperatureWarnCount
 .data.l_u8UOVoltageCount
                0x000000c8        0x1 obj/Diagnostic.o
                0x000000c8                _l_u8UOVoltageCount
 .data.l_e8ErrorDebounceFilter
                0x000000c9        0x1 obj/Diagnostic.o
                0x000000c9                _l_e8ErrorDebounceFilter
 .data.l_u8DriftCheckCount
                0x000000ca        0x1 obj/Diagnostic.o
                0x000000ca                _l_u8DriftCheckCount
 *fill*         0x000000cb        0x1 
 .data.l_u16HallSwitchState
                0x000000cc        0x2 obj/Diagnostic.o
                0x000000cc                _l_u16HallSwitchState
 .data.g_u16HallMicroStepIdx
                0x000000ce        0x2 obj/Diagnostic.o
                0x000000ce                _g_u16HallMicroStepIdx
 .data.l_u8ErrorLogIdx
                0x000000d0        0x1 obj/ErrorCodes.o
                0x000000d0                _l_u8ErrorLogIdx
 *fill*         0x000000d1        0x1 
 .data.g_u16PosFlag
                0x000000d2        0x2 obj/MotorDriver.o
                0x000000d2                _g_u16PosFlag
 .data.g_u16falg
                0x000000d4        0x2 obj/MotorDriver.o
                0x000000d4                _g_u16falg
 .data.g_u8ValveInitState
                0x000000d6        0x1 obj/MotorDriver.o
                0x000000d6                _g_u8ValveInitState
 .data.l_u8MotorRequest
                0x000000d7        0x1 obj/MotorDriver.o
                0x000000d7                _l_u8MotorRequest
 .data.l_u8MotorStatus
                0x000000d8        0x1 obj/MotorDriver.o
                0x000000d8                _l_u8MotorStatus
 .data.g_u8MotorStatusSpeed
                0x000000d9        0x1 obj/MotorDriver.o
                0x000000d9                _g_u8MotorStatusSpeed
 .data.l_u16StartupDelayInit
                0x000000da        0x2 obj/MotorDriver.o
                0x000000da                _l_u16StartupDelayInit
 .data.g_u8MotorHoldingCurrState
                0x000000dc        0x1 obj/MotorDriver.o
                0x000000dc                _g_u8MotorHoldingCurrState
 .data.g_u8MotorStartupMode
                0x000000dd        0x1 obj/MotorDriver.o
                0x000000dd                _g_u8MotorStartupMode
 .data.l_u8StallCountReboundH
                0x000000de        0x1 obj/MotorStall.o
                0x000000de                _l_u8StallCountReboundH
 .data.l_u8StallCountH
                0x000000df        0x1 obj/MotorStall.o
                0x000000df                _l_u8StallCountH
 .data.l_u16MotorRefVoltageADC
                0x000000e0        0x2 obj/PID_Control.o
                0x000000e0                _l_u16MotorRefVoltageADC
 .data.g_u16MotorRefVoltage
                0x000000e2        0x2 obj/PID_Control.o
                0x000000e2                _g_u16MotorRefVoltage
 .data.g_i16PID_E
                0x000000e4        0x2 obj/PID_Control.o
                0x000000e4                _g_i16PID_E
 .data.g_i16PID_D
                0x000000e6        0x2 obj/PID_Control.o
                0x000000e6                _g_i16PID_D
 .data.LINPresc
                0x000000e8        0x2 /cygdrive/g/MyGitRepository/V3_20200831/files/code/mulan2_platform/lib/lib81315-sae-loader.a(lin.o)
                0x000000e8                _LINPresc
 .data.LINBaud  0x000000ea        0x1 /cygdrive/g/MyGitRepository/V3_20200831/files/code/mulan2_platform/lib/lib81315-sae-loader.a(lin.o)
                0x000000ea                _LINBaud
                0x000000ec                . = ALIGN (0x2)
 *fill*         0x000000eb        0x1 
                0x000000ec                __data_end = .
                0x0000007a                __data_size = (__data_end - __data_start)

.bss            0x000000ec       0xba load address 0x00009a8c
                0x000000ec                . = ALIGN (0x2)
                0x000000ec                __bss_start = .
 *(.bss)
 .bss           0x000000ec        0x0 obj/muldiv16_16by16by16.o
 .bss           0x000000ec        0x0 obj/lin2b_romtbl.o
 .bss           0x000000ec        0x0 obj/vectors-lin.o
 .bss           0x000000ec        0x0 obj/main.o
 .bss           0x000000ec        0x0 obj/app_coolantvalve.o
 .bss           0x000000ec        0x0 obj/app_version.o
 .bss           0x000000ec        0x0 obj/lib_mlx315_misc.o
 .bss           0x000000ec        0x0 obj/system_background.o
 .bss           0x000000ec        0x0 obj/LIN_Communication.o
 .bss           0x000000ec        0x0 obj/LIN_Diagnostics.o
 .bss           0x000000ec        0x0 obj/ADC.o
 .bss           0x000000ec        0x0 obj/Diagnostic.o
 .bss           0x000000ec        0x0 obj/ErrorCodes.o
 .bss           0x000000ec        0x0 obj/MotorDriver.o
 .bss           0x000000ec        0x0 obj/MotorDriverTables.o
 .bss           0x000000ec        0x0 obj/MotorStall.o
 .bss           0x000000ec        0x0 obj/NVRAM_UserPage.o
 .bss           0x000000ec        0x0 obj/PID_Control.o
 .bss           0x000000ec        0x0 obj/Timer.o
 .bss           0x000000ec        0x0 obj/SPI_Debug.o
 .bss           0x000000ec        0x0 obj/fatal.o
 .bss           0x000000ec        0x0 /cygdrive/g/MyGitRepository/V3_20200831/files/code/mulan2_platform/lib/lib81315-sae-loader.a(sys_srv.o)
 .bss           0x000000ec        0x0 /cygdrive/g/MyGitRepository/V3_20200831/files/code/mulan2_platform/lib/lib81315-sae-loader.a(prestart.o)
 .bss           0x000000ec        0x0 /cygdrive/g/MyGitRepository/V3_20200831/files/code/mulan2_platform/lib/lib81315-sae-loader.a(sys_mlx16.o)
 .bss           0x000000ec        0x0 /cygdrive/g/MyGitRepository/V3_20200831/files/code/mulan2_platform/lib/lib81315-sae-loader.a(lib_mlx813xx_bist.o)
 .bss           0x000000ec        0x0 /cygdrive/g/MyGitRepository/V3_20200831/files/code/mulan2_platform/lib/lib81315-sae-loader.a(nvram.o)
 .bss           0x000000ec        0x0 /cygdrive/g/MyGitRepository/V3_20200831/files/code/mulan2_platform/lib/lib81315-sae-loader.a(div32_32by16.o)
 .bss           0x000000ec        0x0 /cygdrive/g/MyGitRepository/V3_20200831/files/code/mulan2_platform/lib/lib81315-sae-loader.a(mul32_16by16_copr.o)
 .bss           0x000000ec        0x0 /cygdrive/g/MyGitRepository/V3_20200831/files/code/mulan2_platform/lib/lib81315-sae-loader.a(mlx4_prog.o)
 .bss           0x000000ec        0x0 /cygdrive/g/MyGitRepository/V3_20200831/files/code/mulan2_platform/lib/lib81315-sae-loader.a(api.o)
 .bss           0x000000ec        0x0 /cygdrive/g/MyGitRepository/V3_20200831/files/code/mulan2_platform/lib/lib81315-sae-loader.a(lin.o)
 .bss           0x000000ec        0x0 /cygdrive/g/MyGitRepository/V3_20200831/files/code/mulan2_platform/lib/lib81315-sae-loader.a(ml_LinInterruptHandler.o)
 .bss           0x000000ec        0x0 /cygdrive/g/MyGitRepository/V3_20200831/files/code/mulan2_platform/lib/lib81315-sae-loader.a(ml_InitLinModule.o)
 .bss           0x000000ec        0x0 /cygdrive/g/MyGitRepository/V3_20200831/files/code/mulan2_platform/lib/lib81315-sae-loader.a(flashupload.o)
 .bss           0x000000ec        0x0 /cygdrive/g/MyGitRepository/V3_20200831/files/code/mulan2_platform/lib/lib81315-sae-loader.a(loader_state.o)
 .bss           0x000000ec        0x0 /cygdrive/g/MyGitRepository/V3_20200831/files/code/mulan2_platform/lib/lib81315-sae-loader.a(loader_get_state.o)
 .bss           0x000000ec        0x0 /cygdrive/g/MyGitRepository/V3_20200831/files/code/mulan2_platform/lib/lib81315-sae-loader.a(flashfunctions_c_cmp.o)
 .bss           0x000000ec        0x0 /cygdrive/g/MyGitRepository/V3_20200831/files/code/mulan2_platform/lib/lib81315-sae-loader.a(ml_SetFastBaudRate.o)
 .bss           0x000000ec        0x0 /cygdrive/g/MyGitRepository/V3_20200831/files/code/mulan2_platform/lib/lib81315-sae-loader.a(startup.o)
 .bss           0x000000ec        0x0 /cygdrive/g/MyGitRepository/V3_20200831/files/code/mulan2_platform/lib/lib81315-sae-loader.a(ram_section_init.o)
 .bss           0x000000ec        0x0 /cygdrive/g/MyGitRepository/V3_20200831/files/code/mulan2_platform/lib/lib81315-sae-loader.a(ram_test.o)
 .bss           0x000000ec        0x0 /cygdrive/g/MyGitRepository/V3_20200831/files/code/mulan2_platform/lib/lib81315-sae-loader.a(low_level_init.o)
 .bss           0x000000ec        0x0 /cygdrive/g/MyGitRepository/V3_20200831/files/code/mulan2_platform/lib/lib81315-sae-loader.a(premain.o)
 .bss           0x000000ec        0x0 /cygdrive/g/MyGitRepository/V3_20200831/files/code/mulan2_platform/lib/lib81315-sae-loader.a(mlx_ispowerok.o)
 .bss           0x000000ec        0x0 /cygdrive/g/MyGitRepository/V3_20200831/files/code/mulan2_platform/lib/lib81315-sae-loader.a(ml_LinInit.o)
 *(.bss.*)
 .bss.l_u16PhysicalActualPos
                0x000000ec        0x2 obj/app_coolantvalve.o
                0x000000ec                _l_u16PhysicalActualPos
 .bss.l_u16PhysicalTargetPos
                0x000000ee        0x2 obj/app_coolantvalve.o
                0x000000ee                _l_u16PhysicalTargetPos
 .bss.l_u16PhysicalCalibTravel
                0x000000f0        0x2 obj/app_coolantvalve.o
                0x000000f0                _l_u16PhysicalCalibTravel
 .bss.l_u8LinInFrameMsgID
                0x000000f2        0x1 obj/LIN_Communication.o
                0x000000f2                _l_u8LinInFrameMsgID
 .bss.l_u8LastMsgIndex
                0x000000f3        0x1 obj/LIN_Communication.o
                0x000000f3                _l_u8LastMsgIndex
 .bss.g_AdcMotorRunStepper4
                0x000000f4        0xa obj/ADC.o
                0x000000f4                _g_AdcMotorRunStepper4
 .bss.l_au8FiFoErrorLog
                0x000000fe        0xa obj/ErrorCodes.o
                0x000000fe                _l_au8FiFoErrorLog
 .bss.g_u16MotorSpeedRPS
                0x00000108        0x2 obj/MotorDriver.o
                0x00000108                _g_u16MotorSpeedRPS
 .bss.g_u16MotorMicroStepsPerElecRotation
                0x0000010a        0x2 obj/MotorDriver.o
                0x0000010a                _g_u16MotorMicroStepsPerElecRotation
 .bss.g_u16MotorMicroStepsPerMechRotation
                0x0000010c        0x2 obj/MotorDriver.o
                0x0000010c                _g_u16MotorMicroStepsPerMechRotation
 .bss.g_au16MotorSpeedCommutTimerPeriod
                0x0000010e       0x10 obj/MotorDriver.o
                0x0000010e                _g_au16MotorSpeedCommutTimerPeriod
 .bss.g_au16MotorSpeedRPS
                0x0000011e       0x10 obj/MotorDriver.o
                0x0000011e                _g_au16MotorSpeedRPS
 .bss.l_u16MotorCurrentRawIdx
                0x0000012e        0x2 obj/MotorDriver.o
                0x0000012e                _l_u16MotorCurrentRawIdx
 .bss.l_au16MotorCurrentRaw
                0x00000130       0x40 obj/MotorDriver.o
                0x00000130                _l_au16MotorCurrentRaw
 .bss.l_u16SpeedRPM
                0x00000170        0x2 obj/MotorDriver.o
                0x00000170                _l_u16SpeedRPM
 .bss.l_u32Temp
                0x00000172        0x4 obj/MotorDriver.o
                0x00000172                _l_u32Temp
 .bss.l_u16LowSpeedPeriod
                0x00000176        0x2 obj/MotorDriver.o
                0x00000176                _l_u16LowSpeedPeriod
 .bss.l_u16MotorCurrentStallThrshldxN
                0x00000178        0x2 obj/MotorStall.o
                0x00000178                _l_u16MotorCurrentStallThrshldxN
 .bss.l_u16HallMicroStepThrshld
                0x0000017a        0x2 obj/MotorStall.o
                0x0000017a                _l_u16HallMicroStepThrshld
 .bss.l_u16HallMicroStepIdxPre
                0x0000017c        0x2 obj/MotorStall.o
                0x0000017c                _l_u16HallMicroStepIdxPre
 .bss.g_u16PidCtrlRatio
                0x0000017e        0x2 obj/PID_Control.o
                0x0000017e                _g_u16PidCtrlRatio
 .bss.g_u16PidRunningThreshold
                0x00000180        0x2 obj/PID_Control.o
                0x00000180                _g_u16PidRunningThreshold
 .bss.g_u16PidRunningThresholdADC
                0x00000182        0x2 obj/PID_Control.o
                0x00000182                _g_u16PidRunningThresholdADC
 .bss.g_u16PidHoldingThreshold
                0x00000184        0x2 obj/PID_Control.o
                0x00000184                _g_u16PidHoldingThreshold
 .bss.l_u16MaxPidCtrlRatio
                0x00000186        0x2 obj/PID_Control.o
                0x00000186                _l_u16MaxPidCtrlRatio
 .bss.g_u16PidHoldingThresholdADC
                0x00000188        0x2 obj/PID_Control.o
                0x00000188                _g_u16PidHoldingThresholdADC
 .bss.l_u16MinCorrectionRatio
                0x0000018a        0x2 obj/PID_Control.o
                0x0000018a                _l_u16MinCorrectionRatio
 .bss.l_u16MaxCorrectionRatio
                0x0000018c        0x2 obj/PID_Control.o
                0x0000018c                _l_u16MaxCorrectionRatio
 .bss.l_u16Timer
                0x0000018e       0x12 obj/Timer.o
                0x0000018e                _l_u16Timer
 .bss.LinStatus
                0x000001a0        0x1 /cygdrive/g/MyGitRepository/V3_20200831/files/code/mulan2_platform/lib/lib81315-sae-loader.a(lin.o)
                0x000001a0                _LinStatus
 *fill*         0x000001a1        0x1 
 .bss.page_buffer
                0x000001a2        0x2 /cygdrive/g/MyGitRepository/V3_20200831/files/code/mulan2_platform/lib/lib81315-sae-loader.a(flashfunctions_c_cmp.o)
                0x000001a2                _page_buffer
 .bss.erase_sectors_bitmap
                0x000001a4        0x2 /cygdrive/g/MyGitRepository/V3_20200831/files/code/mulan2_platform/lib/lib81315-sae-loader.a(flashfunctions_c_cmp.o)
 *(COMMON)
                0x000001a6                . = ALIGN (0x2)
                0x000001a6                __bss_end = .
                0x000000ba                __bss_size = (__bss_end - __bss_start)

.noinit         0x000001a6        0x0 load address 0x00009a8c
                0x000001a6                . = ALIGN (0x2)
                0x000001a6                __noinit_start = .
 *(.noinit)
                0x000001a6                . = ALIGN (0x2)
                0x000001a6                __noinit_end = .
                0x00000000                __noinit_size = (__noinit_end - __noinit_start)

.bist_stat      0x000001a6        0x8 load address 0x00009a8c
                0x000001a6                . = ALIGN (0x2)
                0x000001a6                __bist_stat_start = .
 *(.bist_stat)
 .bist_stat     0x000001a6        0x8 /cygdrive/g/MyGitRepository/V3_20200831/files/code/mulan2_platform/lib/lib81315-sae-loader.a(lib_mlx813xx_bist.o)
                0x000001a6                _bistHeader
                0x000001a8                _bistResetInfo
                0x000001aa                _bistError
                0x000001ac                _bistErrorInfo
                0x000001ae                . = ALIGN (0x2)
                0x000001ae                __bist_stat_end = .
                0x00000008                __bist_stat_size = (__bist_stat_end - __bist_stat_start)
                0x000001ae                PROVIDE (_stack, .)
                0x00000800                PROVIDE (__end, 0x800)

.ep             0x00001000        0x0
                0x00001000                . = ALIGN (0x2)
                0x00001000                __bss_ep_start = .
 *(.ep)
                0x00001000                . = ALIGN (0x2)
                0x00001000                __bss_ep_end = .

.ep.data        0x00001000        0x0
                0x00001000                . = ALIGN (0x2)
                0x00001000                __data_ep_start = .
 *(.ep.data)
                0x00001000                . = ALIGN (0x2)
                0x00001000                __data_ep_end = .
OUTPUT(MLX81315A_S03_VALVE.elf elf32-mlx16-x8)

.debug_abbrev   0x00000000     0x275e
 .debug_abbrev  0x00000000       0xbf obj/main.o
 .debug_abbrev  0x000000bf      0x1b4 obj/app_coolantvalve.o
 .debug_abbrev  0x00000273       0x61 obj/app_version.o
 .debug_abbrev  0x000002d4       0xb8 obj/lib_mlx315_misc.o
 .debug_abbrev  0x0000038c       0xcb obj/system_background.o
 .debug_abbrev  0x00000457      0x1d5 obj/LIN_Communication.o
 .debug_abbrev  0x0000062c      0x1eb obj/LIN_Diagnostics.o
 .debug_abbrev  0x00000817      0x1bf obj/ADC.o
 .debug_abbrev  0x000009d6      0x17e obj/Diagnostic.o
 .debug_abbrev  0x00000b54      0x157 obj/ErrorCodes.o
 .debug_abbrev  0x00000cab      0x20f obj/MotorDriver.o
 .debug_abbrev  0x00000eba       0x8a obj/MotorDriverTables.o
 .debug_abbrev  0x00000f44       0xb3 obj/MotorStall.o
 .debug_abbrev  0x00000ff7      0x201 obj/NVRAM_UserPage.o
 .debug_abbrev  0x000011f8      0x177 obj/PID_Control.o
 .debug_abbrev  0x0000136f      0x185 obj/Timer.o
 .debug_abbrev  0x000014f4       0x86 obj/SPI_Debug.o
 .debug_abbrev  0x0000157a       0x71 obj/fatal.o
 .debug_abbrev  0x000015eb      0x16c /cygdrive/g/MyGitRepository/V3_20200831/files/code/mulan2_platform/lib/lib81315-sae-loader.a(prestart.o)
 .debug_abbrev  0x00001757      0x10a /cygdrive/g/MyGitRepository/V3_20200831/files/code/mulan2_platform/lib/lib81315-sae-loader.a(sys_mlx16.o)
 .debug_abbrev  0x00001861       0x60 /cygdrive/g/MyGitRepository/V3_20200831/files/code/mulan2_platform/lib/lib81315-sae-loader.a(lib_mlx813xx_bist.o)
 .debug_abbrev  0x000018c1      0x115 /cygdrive/g/MyGitRepository/V3_20200831/files/code/mulan2_platform/lib/lib81315-sae-loader.a(nvram.o)
 .debug_abbrev  0x000019d6      0x170 /cygdrive/g/MyGitRepository/V3_20200831/files/code/mulan2_platform/lib/lib81315-sae-loader.a(lin.o)
 .debug_abbrev  0x00001b46       0x3b /cygdrive/g/MyGitRepository/V3_20200831/files/code/mulan2_platform/lib/lib81315-sae-loader.a(ml_LinInterruptHandler.o)
 .debug_abbrev  0x00001b81       0xf3 /cygdrive/g/MyGitRepository/V3_20200831/files/code/mulan2_platform/lib/lib81315-sae-loader.a(ml_InitLinModule.o)
 .debug_abbrev  0x00001c74      0x258 /cygdrive/g/MyGitRepository/V3_20200831/files/code/mulan2_platform/lib/lib81315-sae-loader.a(flashupload.o)
 .debug_abbrev  0x00001ecc       0x84 /cygdrive/g/MyGitRepository/V3_20200831/files/code/mulan2_platform/lib/lib81315-sae-loader.a(loader_state.o)
 .debug_abbrev  0x00001f50       0xa8 /cygdrive/g/MyGitRepository/V3_20200831/files/code/mulan2_platform/lib/lib81315-sae-loader.a(loader_get_state.o)
 .debug_abbrev  0x00001ff8      0x237 /cygdrive/g/MyGitRepository/V3_20200831/files/code/mulan2_platform/lib/lib81315-sae-loader.a(flashfunctions_c_cmp.o)
 .debug_abbrev  0x0000222f       0xde /cygdrive/g/MyGitRepository/V3_20200831/files/code/mulan2_platform/lib/lib81315-sae-loader.a(ml_SetFastBaudRate.o)
 .debug_abbrev  0x0000230d       0x7c /cygdrive/g/MyGitRepository/V3_20200831/files/code/mulan2_platform/lib/lib81315-sae-loader.a(startup.o)
 .debug_abbrev  0x00002389       0x73 /cygdrive/g/MyGitRepository/V3_20200831/files/code/mulan2_platform/lib/lib81315-sae-loader.a(ram_section_init.o)
 .debug_abbrev  0x000023fc       0xe1 /cygdrive/g/MyGitRepository/V3_20200831/files/code/mulan2_platform/lib/lib81315-sae-loader.a(low_level_init.o)
 .debug_abbrev  0x000024dd      0x126 /cygdrive/g/MyGitRepository/V3_20200831/files/code/mulan2_platform/lib/lib81315-sae-loader.a(premain.o)
 .debug_abbrev  0x00002603      0x120 /cygdrive/g/MyGitRepository/V3_20200831/files/code/mulan2_platform/lib/lib81315-sae-loader.a(mlx_ispowerok.o)
 .debug_abbrev  0x00002723       0x3b /cygdrive/g/MyGitRepository/V3_20200831/files/code/mulan2_platform/lib/lib81315-sae-loader.a(ml_LinInit.o)

.debug_info     0x00000000     0x872f
 .debug_info    0x00000000      0x17c obj/main.o
 .debug_info    0x0000017c      0x8cc obj/app_coolantvalve.o
 .debug_info    0x00000a48       0xfb obj/app_version.o
 .debug_info    0x00000b43      0x1c4 obj/lib_mlx315_misc.o
 .debug_info    0x00000d07      0x2a0 obj/system_background.o
 .debug_info    0x00000fa7      0x826 obj/LIN_Communication.o
 .debug_info    0x000017cd      0x84d obj/LIN_Diagnostics.o
 .debug_info    0x0000201a      0xa29 obj/ADC.o
 .debug_info    0x00002a43      0x45d obj/Diagnostic.o
 .debug_info    0x00002ea0      0x1df obj/ErrorCodes.o
 .debug_info    0x0000307f     0x1046 obj/MotorDriver.o
 .debug_info    0x000040c5      0x1c7 obj/MotorDriverTables.o
 .debug_info    0x0000428c      0x211 obj/MotorStall.o
 .debug_info    0x0000449d      0x5d1 obj/NVRAM_UserPage.o
 .debug_info    0x00004a6e      0xabc obj/PID_Control.o
 .debug_info    0x0000552a      0x372 obj/Timer.o
 .debug_info    0x0000589c      0x10d obj/SPI_Debug.o
 .debug_info    0x000059a9      0x196 obj/fatal.o
 .debug_info    0x00005b3f      0x423 /cygdrive/g/MyGitRepository/V3_20200831/files/code/mulan2_platform/lib/lib81315-sae-loader.a(prestart.o)
 .debug_info    0x00005f62      0x1f2 /cygdrive/g/MyGitRepository/V3_20200831/files/code/mulan2_platform/lib/lib81315-sae-loader.a(sys_mlx16.o)
 .debug_info    0x00006154       0xd4 /cygdrive/g/MyGitRepository/V3_20200831/files/code/mulan2_platform/lib/lib81315-sae-loader.a(lib_mlx813xx_bist.o)
 .debug_info    0x00006228      0x2bf /cygdrive/g/MyGitRepository/V3_20200831/files/code/mulan2_platform/lib/lib81315-sae-loader.a(nvram.o)
 .debug_info    0x000064e7      0x421 /cygdrive/g/MyGitRepository/V3_20200831/files/code/mulan2_platform/lib/lib81315-sae-loader.a(lin.o)
 .debug_info    0x00006908       0x65 /cygdrive/g/MyGitRepository/V3_20200831/files/code/mulan2_platform/lib/lib81315-sae-loader.a(ml_LinInterruptHandler.o)
 .debug_info    0x0000696d      0x22e /cygdrive/g/MyGitRepository/V3_20200831/files/code/mulan2_platform/lib/lib81315-sae-loader.a(ml_InitLinModule.o)
 .debug_info    0x00006b9b      0x878 /cygdrive/g/MyGitRepository/V3_20200831/files/code/mulan2_platform/lib/lib81315-sae-loader.a(flashupload.o)
 .debug_info    0x00007413      0x125 /cygdrive/g/MyGitRepository/V3_20200831/files/code/mulan2_platform/lib/lib81315-sae-loader.a(loader_state.o)
 .debug_info    0x00007538      0x14b /cygdrive/g/MyGitRepository/V3_20200831/files/code/mulan2_platform/lib/lib81315-sae-loader.a(loader_get_state.o)
 .debug_info    0x00007683      0x5a1 /cygdrive/g/MyGitRepository/V3_20200831/files/code/mulan2_platform/lib/lib81315-sae-loader.a(flashfunctions_c_cmp.o)
 .debug_info    0x00007c24      0x191 /cygdrive/g/MyGitRepository/V3_20200831/files/code/mulan2_platform/lib/lib81315-sae-loader.a(ml_SetFastBaudRate.o)
 .debug_info    0x00007db5       0xa6 /cygdrive/g/MyGitRepository/V3_20200831/files/code/mulan2_platform/lib/lib81315-sae-loader.a(startup.o)
 .debug_info    0x00007e5b      0x106 /cygdrive/g/MyGitRepository/V3_20200831/files/code/mulan2_platform/lib/lib81315-sae-loader.a(ram_section_init.o)
 .debug_info    0x00007f61      0x2ab /cygdrive/g/MyGitRepository/V3_20200831/files/code/mulan2_platform/lib/lib81315-sae-loader.a(low_level_init.o)
 .debug_info    0x0000820c      0x23f /cygdrive/g/MyGitRepository/V3_20200831/files/code/mulan2_platform/lib/lib81315-sae-loader.a(premain.o)
 .debug_info    0x0000844b      0x27f /cygdrive/g/MyGitRepository/V3_20200831/files/code/mulan2_platform/lib/lib81315-sae-loader.a(mlx_ispowerok.o)
 .debug_info    0x000086ca       0x65 /cygdrive/g/MyGitRepository/V3_20200831/files/code/mulan2_platform/lib/lib81315-sae-loader.a(ml_LinInit.o)

.debug_line     0x00000000     0x74ea
 .debug_line    0x00000000      0x2ad obj/main.o
 .debug_line    0x000002ad      0x838 obj/app_coolantvalve.o
 .debug_line    0x00000ae5       0x8b obj/app_version.o
 .debug_line    0x00000b70      0x201 obj/lib_mlx315_misc.o
 .debug_line    0x00000d71      0x375 obj/system_background.o
 .debug_line    0x000010e6      0x65e obj/LIN_Communication.o
 .debug_line    0x00001744      0x9e1 obj/LIN_Diagnostics.o
 .debug_line    0x00002125      0x530 obj/ADC.o
 .debug_line    0x00002655      0x4f9 obj/Diagnostic.o
 .debug_line    0x00002b4e      0x1a9 obj/ErrorCodes.o
 .debug_line    0x00002cf7      0xa6e obj/MotorDriver.o
 .debug_line    0x00003765      0x18a obj/MotorDriverTables.o
 .debug_line    0x000038ef      0x288 obj/MotorStall.o
 .debug_line    0x00003b77      0x540 obj/NVRAM_UserPage.o
 .debug_line    0x000040b7      0x41e obj/PID_Control.o
 .debug_line    0x000044d5      0x231 obj/Timer.o
 .debug_line    0x00004706      0x150 obj/SPI_Debug.o
 .debug_line    0x00004856      0x276 obj/fatal.o
 .debug_line    0x00004acc      0x374 /cygdrive/g/MyGitRepository/V3_20200831/files/code/mulan2_platform/lib/lib81315-sae-loader.a(prestart.o)
 .debug_line    0x00004e40      0x183 /cygdrive/g/MyGitRepository/V3_20200831/files/code/mulan2_platform/lib/lib81315-sae-loader.a(sys_mlx16.o)
 .debug_line    0x00004fc3      0x10d /cygdrive/g/MyGitRepository/V3_20200831/files/code/mulan2_platform/lib/lib81315-sae-loader.a(lib_mlx813xx_bist.o)
 .debug_line    0x000050d0      0x305 /cygdrive/g/MyGitRepository/V3_20200831/files/code/mulan2_platform/lib/lib81315-sae-loader.a(nvram.o)
 .debug_line    0x000053d5      0x309 /cygdrive/g/MyGitRepository/V3_20200831/files/code/mulan2_platform/lib/lib81315-sae-loader.a(lin.o)
 .debug_line    0x000056de       0xbb /cygdrive/g/MyGitRepository/V3_20200831/files/code/mulan2_platform/lib/lib81315-sae-loader.a(ml_LinInterruptHandler.o)
 .debug_line    0x00005799      0x21e /cygdrive/g/MyGitRepository/V3_20200831/files/code/mulan2_platform/lib/lib81315-sae-loader.a(ml_InitLinModule.o)
 .debug_line    0x000059b7      0xa12 /cygdrive/g/MyGitRepository/V3_20200831/files/code/mulan2_platform/lib/lib81315-sae-loader.a(flashupload.o)
 .debug_line    0x000063c9       0xa7 /cygdrive/g/MyGitRepository/V3_20200831/files/code/mulan2_platform/lib/lib81315-sae-loader.a(loader_state.o)
 .debug_line    0x00006470       0xc7 /cygdrive/g/MyGitRepository/V3_20200831/files/code/mulan2_platform/lib/lib81315-sae-loader.a(loader_get_state.o)
 .debug_line    0x00006537      0x4e8 /cygdrive/g/MyGitRepository/V3_20200831/files/code/mulan2_platform/lib/lib81315-sae-loader.a(flashfunctions_c_cmp.o)
 .debug_line    0x00006a1f      0x121 /cygdrive/g/MyGitRepository/V3_20200831/files/code/mulan2_platform/lib/lib81315-sae-loader.a(ml_SetFastBaudRate.o)
 .debug_line    0x00006b40       0xef /cygdrive/g/MyGitRepository/V3_20200831/files/code/mulan2_platform/lib/lib81315-sae-loader.a(startup.o)
 .debug_line    0x00006c2f       0xd6 /cygdrive/g/MyGitRepository/V3_20200831/files/code/mulan2_platform/lib/lib81315-sae-loader.a(ram_section_init.o)
 .debug_line    0x00006d05      0x24d /cygdrive/g/MyGitRepository/V3_20200831/files/code/mulan2_platform/lib/lib81315-sae-loader.a(low_level_init.o)
 .debug_line    0x00006f52      0x29b /cygdrive/g/MyGitRepository/V3_20200831/files/code/mulan2_platform/lib/lib81315-sae-loader.a(premain.o)
 .debug_line    0x000071ed      0x248 /cygdrive/g/MyGitRepository/V3_20200831/files/code/mulan2_platform/lib/lib81315-sae-loader.a(mlx_ispowerok.o)
 .debug_line    0x00007435       0xb5 /cygdrive/g/MyGitRepository/V3_20200831/files/code/mulan2_platform/lib/lib81315-sae-loader.a(ml_LinInit.o)

.debug_frame    0x00000000     0x1730
 .debug_frame   0x00000000       0x22 obj/main.o
 .debug_frame   0x00000022      0x19e obj/app_coolantvalve.o
 .debug_frame   0x000001c0       0x2e obj/lib_mlx315_misc.o
 .debug_frame   0x000001ee       0x5e obj/system_background.o
 .debug_frame   0x0000024c      0x226 obj/LIN_Communication.o
 .debug_frame   0x00000472      0x4ae obj/LIN_Diagnostics.o
 .debug_frame   0x00000920       0xf0 obj/ADC.o
 .debug_frame   0x00000a10       0x76 obj/Diagnostic.o
 .debug_frame   0x00000a86       0x5e obj/ErrorCodes.o
 .debug_frame   0x00000ae4      0x216 obj/MotorDriver.o
 .debug_frame   0x00000cfa       0x3a obj/MotorStall.o
 .debug_frame   0x00000d34      0x214 obj/NVRAM_UserPage.o
 .debug_frame   0x00000f48       0x76 obj/PID_Control.o
 .debug_frame   0x00000fbe       0x5e obj/Timer.o
 .debug_frame   0x0000101c       0x46 obj/SPI_Debug.o
 .debug_frame   0x00001062       0x2e obj/fatal.o
 .debug_frame   0x00001090       0x3a /cygdrive/g/MyGitRepository/V3_20200831/files/code/mulan2_platform/lib/lib81315-sae-loader.a(prestart.o)
 .debug_frame   0x000010ca       0x22 /cygdrive/g/MyGitRepository/V3_20200831/files/code/mulan2_platform/lib/lib81315-sae-loader.a(sys_mlx16.o)
 .debug_frame   0x000010ec       0x46 /cygdrive/g/MyGitRepository/V3_20200831/files/code/mulan2_platform/lib/lib81315-sae-loader.a(nvram.o)
 .debug_frame   0x00001132       0x86 /cygdrive/g/MyGitRepository/V3_20200831/files/code/mulan2_platform/lib/lib81315-sae-loader.a(lin.o)
 .debug_frame   0x000011b8       0x22 /cygdrive/g/MyGitRepository/V3_20200831/files/code/mulan2_platform/lib/lib81315-sae-loader.a(ml_LinInterruptHandler.o)
 .debug_frame   0x000011da       0x22 /cygdrive/g/MyGitRepository/V3_20200831/files/code/mulan2_platform/lib/lib81315-sae-loader.a(ml_InitLinModule.o)
 .debug_frame   0x000011fc      0x2e2 /cygdrive/g/MyGitRepository/V3_20200831/files/code/mulan2_platform/lib/lib81315-sae-loader.a(flashupload.o)
 .debug_frame   0x000014de       0x22 /cygdrive/g/MyGitRepository/V3_20200831/files/code/mulan2_platform/lib/lib81315-sae-loader.a(loader_get_state.o)
 .debug_frame   0x00001500       0xbe /cygdrive/g/MyGitRepository/V3_20200831/files/code/mulan2_platform/lib/lib81315-sae-loader.a(flashfunctions_c_cmp.o)
 .debug_frame   0x000015be       0x48 /cygdrive/g/MyGitRepository/V3_20200831/files/code/mulan2_platform/lib/lib81315-sae-loader.a(ml_SetFastBaudRate.o)
 .debug_frame   0x00001606       0x22 /cygdrive/g/MyGitRepository/V3_20200831/files/code/mulan2_platform/lib/lib81315-sae-loader.a(startup.o)
 .debug_frame   0x00001628       0x22 /cygdrive/g/MyGitRepository/V3_20200831/files/code/mulan2_platform/lib/lib81315-sae-loader.a(ram_section_init.o)
 .debug_frame   0x0000164a       0x2e /cygdrive/g/MyGitRepository/V3_20200831/files/code/mulan2_platform/lib/lib81315-sae-loader.a(low_level_init.o)
 .debug_frame   0x00001678       0x2e /cygdrive/g/MyGitRepository/V3_20200831/files/code/mulan2_platform/lib/lib81315-sae-loader.a(premain.o)
 .debug_frame   0x000016a6       0x2e /cygdrive/g/MyGitRepository/V3_20200831/files/code/mulan2_platform/lib/lib81315-sae-loader.a(mlx_ispowerok.o)
 .debug_frame   0x000016d4       0x5c /cygdrive/g/MyGitRepository/V3_20200831/files/code/mulan2_platform/lib/lib81315-sae-loader.a(ml_LinInit.o)

.debug_pubnames
                0x00000000     0x1d60
 .debug_pubnames
                0x00000000       0x1b obj/main.o
 .debug_pubnames
                0x0000001b      0x3df obj/app_coolantvalve.o
 .debug_pubnames
                0x000003fa       0x55 obj/app_version.o
 .debug_pubnames
                0x0000044f       0x3d obj/lib_mlx315_misc.o
 .debug_pubnames
                0x0000048c       0xd3 obj/system_background.o
 .debug_pubnames
                0x0000055f      0x289 obj/LIN_Communication.o
 .debug_pubnames
                0x000007e8      0x1cf obj/LIN_Diagnostics.o
 .debug_pubnames
                0x000009b7      0x29a obj/ADC.o
 .debug_pubnames
                0x00000c51      0x1c6 obj/Diagnostic.o
 .debug_pubnames
                0x00000e17       0x6f obj/ErrorCodes.o
 .debug_pubnames
                0x00000e86      0x4c4 obj/MotorDriver.o
 .debug_pubnames
                0x0000134a       0x7c obj/MotorDriverTables.o
 .debug_pubnames
                0x000013c6      0x107 obj/MotorStall.o
 .debug_pubnames
                0x000014cd       0xf3 obj/NVRAM_UserPage.o
 .debug_pubnames
                0x000015c0      0x19d obj/PID_Control.o
 .debug_pubnames
                0x0000175d       0x7d obj/Timer.o
 .debug_pubnames
                0x000017da       0x50 obj/SPI_Debug.o
 .debug_pubnames
                0x0000182a       0x2a obj/fatal.o
 .debug_pubnames
                0x00001854       0x2e /cygdrive/g/MyGitRepository/V3_20200831/files/code/mulan2_platform/lib/lib81315-sae-loader.a(prestart.o)
 .debug_pubnames
                0x00001882       0x22 /cygdrive/g/MyGitRepository/V3_20200831/files/code/mulan2_platform/lib/lib81315-sae-loader.a(sys_mlx16.o)
 .debug_pubnames
                0x000018a4       0x53 /cygdrive/g/MyGitRepository/V3_20200831/files/code/mulan2_platform/lib/lib81315-sae-loader.a(lib_mlx813xx_bist.o)
 .debug_pubnames
                0x000018f7       0x5e /cygdrive/g/MyGitRepository/V3_20200831/files/code/mulan2_platform/lib/lib81315-sae-loader.a(nvram.o)
 .debug_pubnames
                0x00001955       0xd4 /cygdrive/g/MyGitRepository/V3_20200831/files/code/mulan2_platform/lib/lib81315-sae-loader.a(lin.o)
 .debug_pubnames
                0x00001a29       0x2d /cygdrive/g/MyGitRepository/V3_20200831/files/code/mulan2_platform/lib/lib81315-sae-loader.a(ml_LinInterruptHandler.o)
 .debug_pubnames
                0x00001a56       0x27 /cygdrive/g/MyGitRepository/V3_20200831/files/code/mulan2_platform/lib/lib81315-sae-loader.a(ml_InitLinModule.o)
 .debug_pubnames
                0x00001a7d       0xb6 /cygdrive/g/MyGitRepository/V3_20200831/files/code/mulan2_platform/lib/lib81315-sae-loader.a(flashupload.o)
 .debug_pubnames
                0x00001b33       0x38 /cygdrive/g/MyGitRepository/V3_20200831/files/code/mulan2_platform/lib/lib81315-sae-loader.a(loader_state.o)
 .debug_pubnames
                0x00001b6b       0x23 /cygdrive/g/MyGitRepository/V3_20200831/files/code/mulan2_platform/lib/lib81315-sae-loader.a(loader_get_state.o)
 .debug_pubnames
                0x00001b8e       0xdb /cygdrive/g/MyGitRepository/V3_20200831/files/code/mulan2_platform/lib/lib81315-sae-loader.a(flashfunctions_c_cmp.o)
 .debug_pubnames
                0x00001c69       0x29 /cygdrive/g/MyGitRepository/V3_20200831/files/code/mulan2_platform/lib/lib81315-sae-loader.a(ml_SetFastBaudRate.o)
 .debug_pubnames
                0x00001c92       0x1c /cygdrive/g/MyGitRepository/V3_20200831/files/code/mulan2_platform/lib/lib81315-sae-loader.a(startup.o)
 .debug_pubnames
                0x00001cae       0x28 /cygdrive/g/MyGitRepository/V3_20200831/files/code/mulan2_platform/lib/lib81315-sae-loader.a(ram_section_init.o)
 .debug_pubnames
                0x00001cd6       0x26 /cygdrive/g/MyGitRepository/V3_20200831/files/code/mulan2_platform/lib/lib81315-sae-loader.a(low_level_init.o)
 .debug_pubnames
                0x00001cfc       0x1f /cygdrive/g/MyGitRepository/V3_20200831/files/code/mulan2_platform/lib/lib81315-sae-loader.a(premain.o)
 .debug_pubnames
                0x00001d1b       0x24 /cygdrive/g/MyGitRepository/V3_20200831/files/code/mulan2_platform/lib/lib81315-sae-loader.a(mlx_ispowerok.o)
 .debug_pubnames
                0x00001d3f       0x21 /cygdrive/g/MyGitRepository/V3_20200831/files/code/mulan2_platform/lib/lib81315-sae-loader.a(ml_LinInit.o)

.debug_aranges  0x00000000      0x500
 .debug_aranges
                0x00000000       0x18 obj/main.o
 .debug_aranges
                0x00000018       0x4c obj/app_coolantvalve.o
 .debug_aranges
                0x00000064       0x1c obj/lib_mlx315_misc.o
 .debug_aranges
                0x00000080       0x28 obj/system_background.o
 .debug_aranges
                0x000000a8       0x50 obj/LIN_Communication.o
 .debug_aranges
                0x000000f8       0x5c obj/LIN_Diagnostics.o
 .debug_aranges
                0x00000154       0x4c obj/ADC.o
 .debug_aranges
                0x000001a0       0x2c obj/Diagnostic.o
 .debug_aranges
                0x000001cc       0x20 obj/ErrorCodes.o
 .debug_aranges
                0x000001ec       0x44 obj/MotorDriver.o
 .debug_aranges
                0x00000230       0x1c obj/MotorStall.o
 .debug_aranges
                0x0000024c       0x40 obj/NVRAM_UserPage.o
 .debug_aranges
                0x0000028c       0x24 obj/PID_Control.o
 .debug_aranges
                0x000002b0       0x28 obj/Timer.o
 .debug_aranges
                0x000002d8       0x20 obj/SPI_Debug.o
 .debug_aranges
                0x000002f8       0x1c obj/fatal.o
 .debug_aranges
                0x00000314       0x1c /cygdrive/g/MyGitRepository/V3_20200831/files/code/mulan2_platform/lib/lib81315-sae-loader.a(prestart.o)
 .debug_aranges
                0x00000330       0x18 /cygdrive/g/MyGitRepository/V3_20200831/files/code/mulan2_platform/lib/lib81315-sae-loader.a(sys_mlx16.o)
 .debug_aranges
                0x00000348       0x24 /cygdrive/g/MyGitRepository/V3_20200831/files/code/mulan2_platform/lib/lib81315-sae-loader.a(nvram.o)
 .debug_aranges
                0x0000036c       0x24 /cygdrive/g/MyGitRepository/V3_20200831/files/code/mulan2_platform/lib/lib81315-sae-loader.a(lin.o)
 .debug_aranges
                0x00000390       0x18 /cygdrive/g/MyGitRepository/V3_20200831/files/code/mulan2_platform/lib/lib81315-sae-loader.a(ml_LinInterruptHandler.o)
 .debug_aranges
                0x000003a8       0x18 /cygdrive/g/MyGitRepository/V3_20200831/files/code/mulan2_platform/lib/lib81315-sae-loader.a(ml_InitLinModule.o)
 .debug_aranges
                0x000003c0       0x44 /cygdrive/g/MyGitRepository/V3_20200831/files/code/mulan2_platform/lib/lib81315-sae-loader.a(flashupload.o)
 .debug_aranges
                0x00000404       0x18 /cygdrive/g/MyGitRepository/V3_20200831/files/code/mulan2_platform/lib/lib81315-sae-loader.a(loader_get_state.o)
 .debug_aranges
                0x0000041c       0x3c /cygdrive/g/MyGitRepository/V3_20200831/files/code/mulan2_platform/lib/lib81315-sae-loader.a(flashfunctions_c_cmp.o)
 .debug_aranges
                0x00000458       0x18 /cygdrive/g/MyGitRepository/V3_20200831/files/code/mulan2_platform/lib/lib81315-sae-loader.a(ml_SetFastBaudRate.o)
 .debug_aranges
                0x00000470       0x18 /cygdrive/g/MyGitRepository/V3_20200831/files/code/mulan2_platform/lib/lib81315-sae-loader.a(startup.o)
 .debug_aranges
                0x00000488       0x18 /cygdrive/g/MyGitRepository/V3_20200831/files/code/mulan2_platform/lib/lib81315-sae-loader.a(ram_section_init.o)
 .debug_aranges
                0x000004a0       0x18 /cygdrive/g/MyGitRepository/V3_20200831/files/code/mulan2_platform/lib/lib81315-sae-loader.a(low_level_init.o)
 .debug_aranges
                0x000004b8       0x18 /cygdrive/g/MyGitRepository/V3_20200831/files/code/mulan2_platform/lib/lib81315-sae-loader.a(premain.o)
 .debug_aranges
                0x000004d0       0x18 /cygdrive/g/MyGitRepository/V3_20200831/files/code/mulan2_platform/lib/lib81315-sae-loader.a(mlx_ispowerok.o)
 .debug_aranges
                0x000004e8       0x18 /cygdrive/g/MyGitRepository/V3_20200831/files/code/mulan2_platform/lib/lib81315-sae-loader.a(ml_LinInit.o)

.debug_str      0x00000000     0x3341
 .debug_str     0x00000000       0xf6 obj/main.o
                                0x156 (size before relaxing)
 .debug_str     0x000000f6      0x59d obj/app_coolantvalve.o
                                0x704 (size before relaxing)
 .debug_str     0x00000693       0x48 obj/app_version.o
                                 0xff (size before relaxing)
 .debug_str     0x000006db       0xa7 obj/lib_mlx315_misc.o
                                0x18f (size before relaxing)
 .debug_str     0x00000782      0x137 obj/system_background.o
                                0x28b (size before relaxing)
 .debug_str     0x000008b9      0x4d8 obj/LIN_Communication.o
                                0x710 (size before relaxing)
 .debug_str     0x00000d91      0x250 obj/LIN_Diagnostics.o
                                0x465 (size before relaxing)
 .debug_str     0x00000fe1      0x6b0 obj/ADC.o
                                0x86a (size before relaxing)
 .debug_str     0x00001691      0x1f4 obj/Diagnostic.o
                                0x402 (size before relaxing)
 .debug_str     0x00001885       0x9b obj/ErrorCodes.o
                                0x16f (size before relaxing)
 .debug_str     0x00001920      0x641 obj/MotorDriver.o
                                0x933 (size before relaxing)
 .debug_str     0x00001f61       0x55 obj/MotorDriverTables.o
                                0x19a (size before relaxing)
 .debug_str     0x00001fb6       0xeb obj/MotorStall.o
                                0x26a (size before relaxing)
 .debug_str     0x000020a1      0x241 obj/NVRAM_UserPage.o
                                0x3a2 (size before relaxing)
 .debug_str     0x000022e2      0x22a obj/PID_Control.o
                                0x892 (size before relaxing)
 .debug_str     0x0000250c      0x139 obj/Timer.o
                                0x2e3 (size before relaxing)
 .debug_str     0x00002645       0x6c obj/SPI_Debug.o
                                0x12b (size before relaxing)
 .debug_str     0x000026b1       0x34 obj/fatal.o
                                0x17e (size before relaxing)
 .debug_str     0x000026e5      0x198 /cygdrive/g/MyGitRepository/V3_20200831/files/code/mulan2_platform/lib/lib81315-sae-loader.a(prestart.o)
                                0x318 (size before relaxing)
 .debug_str     0x0000287d       0x3c /cygdrive/g/MyGitRepository/V3_20200831/files/code/mulan2_platform/lib/lib81315-sae-loader.a(sys_mlx16.o)
                                0x1cf (size before relaxing)
 .debug_str     0x000028b9       0x22 /cygdrive/g/MyGitRepository/V3_20200831/files/code/mulan2_platform/lib/lib81315-sae-loader.a(lib_mlx813xx_bist.o)
                                0x12c (size before relaxing)
 .debug_str     0x000028db       0xae /cygdrive/g/MyGitRepository/V3_20200831/files/code/mulan2_platform/lib/lib81315-sae-loader.a(nvram.o)
                                0x1d1 (size before relaxing)