Archive member included because of file (symbol)

/cygdrive/g/MyGitRepository/V1_20200822/files/code/mulan2_platform/lib/lib81315-sae-loader.a(sys_srv.o)
                              (mlx_pltf_version)
/cygdrive/g/MyGitRepository/V1_20200822/files/code/mulan2_platform/lib/lib81315-sae-loader.a(prestart.o)
                              obj/vectors-lin.o (__prestart)
/cygdrive/g/MyGitRepository/V1_20200822/files/code/mulan2_platform/lib/lib81315-sae-loader.a(sys_mlx16.o)
                              obj/main.o (_MLX16_RESET)
/cygdrive/g/MyGitRepository/V1_20200822/files/code/mulan2_platform/lib/lib81315-sae-loader.a(lib_mlx813xx_bist.o)
                              obj/fatal.o (_bistHeader)
/cygdrive/g/MyGitRepository/V1_20200822/files/code/mulan2_platform/lib/lib81315-sae-loader.a(nvram.o)
                              obj/main.o (_NVRAM_LoadAll)
/cygdrive/g/MyGitRepository/V1_20200822/files/code/mulan2_platform/lib/lib81315-sae-loader.a(div32_32by16.o)
                              obj/main.o (_divU32_U32byU16)
/cygdrive/g/MyGitRepository/V1_20200822/files/code/mulan2_platform/lib/lib81315-sae-loader.a(mul32_16by16_copr.o)
                              obj/ADC.o (_mulI32_I16byU16)
/cygdrive/g/MyGitRepository/V1_20200822/files/code/mulan2_platform/lib/lib81315-sae-loader.a(mlx4_prog.o)
                              (mlx4_prog)
/cygdrive/g/MyGitRepository/V1_20200822/files/code/mulan2_platform/lib/lib81315-sae-loader.a(api.o)
                              obj/LIN_2x.o (_LinProtectedID)
/cygdrive/g/MyGitRepository/V1_20200822/files/code/mulan2_platform/lib/lib81315-sae-loader.a(lin.o)
                              obj/LIN_Communication.o (_LinFrameDataBuffer)
/cygdrive/g/MyGitRepository/V1_20200822/files/code/mulan2_platform/lib/lib81315-sae-loader.a(ml_LinInterruptHandler.o)
                              obj/vectors-lin.o (_ml_LinInterruptHandler)
/cygdrive/g/MyGitRepository/V1_20200822/files/code/mulan2_platform/lib/lib81315-sae-loader.a(ml_GetBaudRate.o)
                              obj/LIN_Communication.o (_ml_GetBaudRate)
/cygdrive/g/MyGitRepository/V1_20200822/files/code/mulan2_platform/lib/lib81315-sae-loader.a(ml_InitLinModule.o)
                              obj/LIN_Communication.o (_ml_InitLinModule)
/cygdrive/g/MyGitRepository/V1_20200822/files/code/mulan2_platform/lib/lib81315-sae-loader.a(flashupload.o)
                              /cygdrive/g/MyGitRepository/V1_20200822/files/code/mulan2_platform/lib/lib81315-sae-loader.a(lin.o) (_ldr_isReadByIdMessage)
/cygdrive/g/MyGitRepository/V1_20200822/files/code/mulan2_platform/lib/lib81315-sae-loader.a(loader_state.o)
                              /cygdrive/g/MyGitRepository/V1_20200822/files/code/mulan2_platform/lib/lib81315-sae-loader.a(flashupload.o) (_loader_flags)
/cygdrive/g/MyGitRepository/V1_20200822/files/code/mulan2_platform/lib/lib81315-sae-loader.a(loader_get_state.o)
                              /cygdrive/g/MyGitRepository/V1_20200822/files/code/mulan2_platform/lib/lib81315-sae-loader.a(prestart.o) (_LDR_GetState)
/cygdrive/g/MyGitRepository/V1_20200822/files/code/mulan2_platform/lib/lib81315-sae-loader.a(flashfunctions_c_cmp.o)
                              /cygdrive/g/MyGitRepository/V1_20200822/files/code/mulan2_platform/lib/lib81315-sae-loader.a(flashupload.o) (_Flash_InitDriver)
/cygdrive/g/MyGitRepository/V1_20200822/files/code/mulan2_platform/lib/lib81315-sae-loader.a(ml_SetFastBaudRate.o)
                              /cygdrive/g/MyGitRepository/V1_20200822/files/code/mulan2_platform/lib/lib81315-sae-loader.a(flashupload.o) (_ml_SetFastBaudRate)
/cygdrive/g/MyGitRepository/V1_20200822/files/code/mulan2_platform/lib/lib81315-sae-loader.a(startup.o)
                              /cygdrive/g/MyGitRepository/V1_20200822/files/code/mulan2_platform/lib/lib81315-sae-loader.a(prestart.o) (_start)
/cygdrive/g/MyGitRepository/V1_20200822/files/code/mulan2_platform/lib/lib81315-sae-loader.a(ram_section_init.o)
                              /cygdrive/g/MyGitRepository/V1_20200822/files/code/mulan2_platform/lib/lib81315-sae-loader.a(startup.o) (__ram_section_init)
/cygdrive/g/MyGitRepository/V1_20200822/files/code/mulan2_platform/lib/lib81315-sae-loader.a(ram_test.o)
                              /cygdrive/g/MyGitRepository/V1_20200822/files/code/mulan2_platform/lib/lib81315-sae-loader.a(prestart.o) (_RAM_Test)
/cygdrive/g/MyGitRepository/V1_20200822/files/code/mulan2_platform/lib/lib81315-sae-loader.a(low_level_init.o)
                              /cygdrive/g/MyGitRepository/V1_20200822/files/code/mulan2_platform/lib/lib81315-sae-loader.a(startup.o) (__low_level_init)
/cygdrive/g/MyGitRepository/V1_20200822/files/code/mulan2_platform/lib/lib81315-sae-loader.a(premain.o)
                              /cygdrive/g/MyGitRepository/V1_20200822/files/code/mulan2_platform/lib/lib81315-sae-loader.a(startup.o) (__premain)
/cygdrive/g/MyGitRepository/V1_20200822/files/code/mulan2_platform/lib/lib81315-sae-loader.a(mlx_ispowerok.o)
[...]
Memory Configuration

Name             Origin             Length             Attributes
shared_ram       0x00000000         0x00000010         rw !x
ram_lin_fixed    0x00000010         0x00000008         rw
ram              0x00000018         0x00000728         xrw
dynram           0x00000740         0x00000080         xrw
mlx4_ram         0x000007c0         0x00000040         rw !x
eeprom           0x00001000         0x00000100         xrw
eeprom2          0x00001100         0x00000100         xrw
system_io        0x00002000         0x00000100         rw !x
user_io          0x00002800         0x00000100         rw !x
mlx4_flash       0x00004000         0x00001540         xr
mlx4_table       0x00005540         0x00000088         r
rom              0x000055c8         0x000068b8         xr
loader_flags     0x0000be80         0x00000080         r
protection_key   0x0000bf46         0x00000008         r
flash_crc        0x0000bf4e         0x00000002         r
product_no       0x0000bf50         0x00000008         r
app_version      0x0000bf58         0x00000004         r
pltf_version     0x0000bf5c         0x00000004         r
system_services  0x0000bf60         0x00000006         xr
loader_rst_state 0x0000bf66         0x00000002         r
vectors          0x0000bf68         0x00000098         xr
*default*        0x00000000         0xffffffff

Linker script and memory map

LOAD obj/muldiv16_16by16by16.o
LOAD obj/lin2b_romtbl.o
LOAD obj/vectors-lin.o
LOAD obj/main.o
LOAD obj/app_version.o
LOAD obj/LIN_Communication.o
LOAD obj/LIN_2x.o
LOAD obj/LIN_SAE_J2602.o
LOAD obj/LIN_Diagnostics.o
LOAD obj/ADC.o
LOAD obj/Diagnostic.o
LOAD obj/ErrorCodes.o
LOAD obj/MotorDriver.o
LOAD obj/MotorDriverTables.o
LOAD obj/MotorStall.o
LOAD obj/NVRAM_UserPage.o
LOAD obj/PID_Control.o
LOAD obj/Timer.o
LOAD obj/SPI_Debug.o
LOAD obj/fatal.o
LOAD /cygdrive/g/MyGitRepository/V1_20200822/files/code/mulan2_platform/lib/lib81315-sae-loader.a
LOAD /cygdrive/c/Program Files (x86)/Melexis/mlx16-gcc_1_12_3/bin/../lib/gcc/mlx16/3.4.3/mlx16-x8/libgcc.a
LOAD /cygdrive/c/Program Files (x86)/Melexis/mlx16-gcc_1_12_3/bin/../lib/gcc/mlx16/3.4.3/../../../../mlx16/lib/mlx16-x8/libc.a
LOAD /cygdrive/c/Program Files (x86)/Melexis/mlx16-gcc_1_12_3/bin/../lib/gcc/mlx16/3.4.3/mlx16-x8/libgcc.a
START GROUP
LOAD /cygdrive/c/Program Files (x86)/Melexis/mlx16-gcc_1_12_3/bin/../lib/gcc/mlx16/3.4.3/../../../../mlx16/lib/mlx16-x8/libc.a
LOAD /cygdrive/c/Program Files (x86)/Melexis/mlx16-gcc_1_12_3/bin/../lib/gcc/mlx16/3.4.3/mlx16-x8/libgcc.a
END GROUP
                0x00000000                __dp__ = 0x0
                0x00002800                __io__ = 0x2800
                0x00001000                __ep__ = 0x1000
                0x0000bf00                __fp0__ = 0xbf00
                0x0000be00                __fp1__ = 0xbe00
                0x0000bd00                __fp2__ = 0xbd00
                0x0000bc00                __fp3__ = 0xbc00
                0x0000bb00                __fp4__ = 0xbb00
                0x0000ba00                __fp5__ = 0xba00
                0x0000b900                __fp6__ = 0xb900
                0x00001000                __fp7__ = 0x1000

.mlx4_flash     0x00004000     0x14f0
                0x00004000                __mlx4_flash_start = .
 *(.mlx4_prog)
 .mlx4_prog     0x00004000     0x14f0 /cygdrive/g/MyGitRepository/V1_20200822/files/code/mulan2_platform/lib/lib81315-sae-loader.a(mlx4_prog.o)
                0x00004000                mlx4_prog
                0x000054f0                __mlx4_flash_end = .

.mlx4_table     0x00005540       0x88
                0x00005540                __mlx4_table_start = .
 *(.mlx4_table)
 .mlx4_table    0x00005540       0x88 obj/lin2b_romtbl.o
                0x00005540                _INDXtbl
                0x000055c0                _AUTOADDtbl
                0x000055c8                __mlx4_table_end = .

.mlx16_vectors  0x0000bf68       0x98
 *(.vectors)
 .vectors       0x0000bf68       0x98 obj/vectors-lin.o
                0x0000bf68                __vectors

.loader_flags   0x0000be80       0x80
 *(.loader_flags)
 .loader_flags  0x0000be80       0x80 /cygdrive/g/MyGitRepository/V1_20200822/files/code/mulan2_platform/lib/lib81315-sae-loader.a(loader_state.o)
                0x0000be80                _loader_flags

.loader_rst_state
                0x0000bf66        0x2
 *(.loader_rst_state)
 .loader_rst_state
                0x0000bf66        0x2 /cygdrive/g/MyGitRepository/V1_20200822/files/code/mulan2_platform/lib/lib81315-sae-loader.a(loader_state.o)
                0x0000bf66                _loader_rst_state

.system_services
                0x0000bf60        0x6
 *(.system_services)
 .system_services
                0x0000bf60        0x6 /cygdrive/g/MyGitRepository/V1_20200822/files/code/mulan2_platform/lib/lib81315-sae-loader.a(sys_srv.o)
                0x0000bf60                mlx_enter_protected_mode

.protection_key
                0x0000bf46        0x8
 *(.protection_key)
 .protection_key
                0x0000bf46        0x8 obj/app_version.o
                0x0000bf46                _Flash_Key

.flash_crc      0x0000bf4e        0x2
 *(.flash_crc)
 .flash_crc     0x0000bf4e        0x2 obj/app_version.o
                0x0000bf4e                _Flash_CRC

.product_no     0x0000bf50        0x8
 *(.product_no)
 .product_no    0x0000bf50        0x8 obj/app_version.o
                0x0000bf50                _product_id

.app_version    0x0000bf58        0x4
 *(.app_version)
 .app_version   0x0000bf58        0x4 obj/app_version.o
                0x0000bf58                _application_version

.pltf_version   0x0000bf5c        0x4
 *(.pltf_version)
 .pltf_version  0x0000bf5c        0x4 /cygdrive/g/MyGitRepository/V1_20200822/files/code/mulan2_platform/lib/lib81315-sae-loader.a(sys_srv.o)
                0x0000bf5c                mlx_pltf_version

.ramfunc        0x00000740       0x1e load address 0x000055c8
                0x00000740                . = ALIGN (0x2)
                0x00000740                __ramfunc_start = .
 *(.ramfunc)
 .ramfunc       0x00000740       0x1e /cygdrive/g/MyGitRepository/V1_20200822/files/code/mulan2_platform/lib/lib81315-sae-loader.a(prestart.o)
                0x00000740                _WriteTMTR
                0x0000075e                . = ALIGN (0x2)
                0x0000075e                __ramfunc_end = .
                0x0000001e                __ramfunc_size = (__ramfunc_end - __ramfunc_start)
                0x000055c8                __ramfunc_load_start = LOADADDR (.ramfunc)

.text           0x000055e8     0x56d8
                0x000055e8                _stext = .
 *(.text.start)
 .text.start    0x000055e8       0x22 /cygdrive/g/MyGitRepository/V1_20200822/files/code/mulan2_platform/lib/lib81315-sae-loader.a(startup.o)
                0x000055e8                _start
 *(.text._low_level_init)
 *(.text._ram_section_init)
 .text._ram_section_init
                0x0000560a       0x42 /cygdrive/g/MyGitRepository/V1_20200822/files/code/mulan2_platform/lib/lib81315-sae-loader.a(ram_section_init.o)
                0x0000560a                __ram_section_init
 *(.text._premain)
 *(.text._fatal)
 *(.mlx_text)
 .mlx_text      0x0000564c       0xda obj/fatal.o
                0x0000564c                _STACK_IT
                0x0000568e                __fatal
 .mlx_text      0x00005726      0x1fa /cygdrive/g/MyGitRepository/V1_20200822/files/code/mulan2_platform/lib/lib81315-sae-loader.a(prestart.o)
                0x00005726                __prestart
 .mlx_text      0x00005920       0x7a /cygdrive/g/MyGitRepository/V1_20200822/files/code/mulan2_platform/lib/lib81315-sae-loader.a(sys_mlx16.o)
                0x00005920                _MLX16_RESET
 .mlx_text      0x0000599a       0xfc /cygdrive/g/MyGitRepository/V1_20200822/files/code/mulan2_platform/lib/lib81315-sae-loader.a(nvram.o)
                0x0000599a                _NVRAM_LoadAll
                0x00005a00                _NVRAM_SavePage
                0x00005a5e                _NVRAM_BufferFill
                0x00005a88                _NVRAM_SaveAll
 .mlx_text      0x00005a96      0x128 /cygdrive/g/MyGitRepository/V1_20200822/files/code/mulan2_platform/lib/lib81315-sae-loader.a(api.o)
                0x00005a96                _ml_ReleaseBuffer
                0x00005a9a                _ml_ReleaseBufferProg
                0x00005aa4                _ml_DataReady
                0x00005aba                _ml_AssignFrameToMessageID
                0x00005ac0                _ml_DisableMessage
                0x00005ac4                _ml_EnableMessage
                0x00005ad0                _ml_AutoAddressingConfig
                0x00005ad8                _ml_SetSlewRate
                0x00005ae0                _ml_SetOptions
                0x00005af6                _ml_DiscardFrame
                0x00005afa                _ml_ContFrame
                0x00005b3a                _ml_LinModuleVersion
                0x00005b68                _ml_GetState
                0x00005b8e                _ml_SetBaudRate
                0x00005b9a                _ml_SetAutoBaudRateMode
                0x00005ba2                _ml_Connect
                0x00005ba6                _ml_Disconnect
                0x00005baa                _ml_SwitchToFast
                0x00005bae                _ml_WakeUp
                0x00005bb2                _ml_GotoSleep
 .mlx_text      0x00005bbe      0x202 /cygdrive/g/MyGitRepository/V1_20200822/files/code/mulan2_platform/lib/lib81315-sae-loader.a(lin.o)
                0x00005bbe                _ml_GetLinEventData
                0x00005bee                _ml_ProccessLinEvent
                0x00005da0                _ml_SetLoaderNAD
                0x00005dba                _ml_GetLoaderNAD
 .mlx_text      0x00005dc0       0x1a /cygdrive/g/MyGitRepository/V1_20200822/files/code/mulan2_platform/lib/lib81315-sae-loader.a(ml_LinInterruptHandler.o)
                0x00005dc0                _ml_LinInterruptHandler
                0x00005dc0                _linit
 .mlx_text      0x00005dda       0x32 /cygdrive/g/MyGitRepository/V1_20200822/files/code/mulan2_platform/lib/lib81315-sae-loader.a(ml_GetBaudRate.o)
                0x00005dda                _ml_GetBaudRate
 .mlx_text      0x00005e0c       0x62 /cygdrive/g/MyGitRepository/V1_20200822/files/code/mulan2_platform/lib/lib81315-sae-loader.a(ml_InitLinModule.o)
                0x00005e0c                _ml_InitLinModule
 .mlx_text      0x00005e6e      0x7d8 /cygdrive/g/MyGitRepository/V1_20200822/files/code/mulan2_platform/lib/lib81315-sae-loader.a(flashupload.o)
                0x00005e6e                _ldr_isReadByIdMessage
                0x00006026                _ml_ldr_ErrorDetected
                0x000060c4                _ml_ldr_SwitchToProgMode
                0x00006156                _ml_ldr_ReadByIdMessage
                0x0000618e                _ml_DiagRequest
                0x000061f2                _ml_DiagReceived
 .mlx_text      0x00006646       0x16 /cygdrive/g/MyGitRepository/V1_20200822/files/code/mulan2_platform/lib/lib81315-sae-loader.a(loader_get_state.o)
                0x00006646                _LDR_GetState
 .mlx_text      0x0000665c      0x232 /cygdrive/g/MyGitRepository/V1_20200822/files/code/mulan2_platform/lib/lib81315-sae-loader.a(flashfunctions_c_cmp.o)
                0x0000665c                _Flash_InitDriver
                0x0000668c                _Flash_GetWriteTime
                0x000066ac                _Flash_PageRead
                0x000066ca                _Flash_PageBufferFill
                0x000066d8                _Flash_PageVerifyBuffer
                0x000066fa                _Flash_PageWrite
                0x00006822                _Flash_IREF_Offset
                0x0000686a                _Flash_PageWriteFiltered
 .mlx_text      0x0000688e       0x52 /cygdrive/g/MyGitRepository/V1_20200822/files/code/mulan2_platform/lib/lib81315-sae-loader.a(ml_SetFastBaudRate.o)
                0x0000688e                _ml_SetFastBaudRate
 .mlx_text      0x000068e0       0x5a /cygdrive/g/MyGitRepository/V1_20200822/files/code/mulan2_platform/lib/lib81315-sae-loader.a(ram_test.o)
                0x000068ea                _RAM_Test
 .mlx_text      0x0000693a      0x152 /cygdrive/g/MyGitRepository/V1_20200822/files/code/mulan2_platform/lib/lib81315-sae-loader.a(low_level_init.o)
                0x0000693a                __low_level_init
 .mlx_text      0x00006a8c       0x98 /cygdrive/g/MyGitRepository/V1_20200822/files/code/mulan2_platform/lib/lib81315-sae-loader.a(premain.o)
                0x00006a8c                __premain
 .mlx_text      0x00006b24       0x9a /cygdrive/g/MyGitRepository/V1_20200822/files/code/mulan2_platform/lib/lib81315-sae-loader.a(mlx_ispowerok.o)
                0x00006b24                _mlx_isPowerOk
 .mlx_text      0x00006bbe       0x20 /cygdrive/g/MyGitRepository/V1_20200822/files/code/mulan2_platform/lib/lib81315-sae-loader.a(ml_LinInit.o)
                0x00006bbe                _ml_LinInit
 *(.rodata)
 *fill*         0x00006bde        0x2 
 .rodata        0x00006be0        0xc /cygdrive/g/MyGitRepository/V1_20200822/files/code/mulan2_platform/lib/lib81315-sae-loader.a(lin.o)
 *(.rodata._mlx_*)
 .rodata._mlx_loader_info
                0x00006bec        0x1 /cygdrive/g/MyGitRepository/V1_20200822/files/code/mulan2_platform/lib/lib81315-sae-loader.a(flashupload.o)
                0x00006bee                . = ALIGN (0x2)
 *fill*         0x00006bed        0x1 
 *(.text)
 .text          0x00006bee       0x1a obj/muldiv16_16by16by16.o
                0x00006bee                _muldivI16_I16byI16byI16
                0x00006bfc                _muldivU16_U16byU16byU16
 .text          0x00006c08        0x0 obj/lin2b_romtbl.o
 .text          0x00006c08        0x0 obj/vectors-lin.o
 .text          0x00006c08        0x0 obj/main.o
 .text          0x00006c08        0x0 obj/app_version.o
 .text          0x00006c08        0x0 obj/LIN_Communication.o
 .text          0x00006c08        0x0 obj/LIN_2x.o
 .text          0x00006c08        0x0 obj/LIN_SAE_J2602.o
 .text          0x00006c08        0x0 obj/LIN_Diagnostics.o
 .text          0x00006c08        0x0 obj/ADC.o
 .text          0x00006c08        0x0 obj/Diagnostic.o
 .text          0x00006c08        0x0 obj/ErrorCodes.o
 .text          0x00006c08        0x0 obj/MotorDriver.o
 .text          0x00006c08        0x0 obj/MotorDriverTables.o
 .text          0x00006c08        0x0 obj/MotorStall.o
 .text          0x00006c08        0x0 obj/NVRAM_UserPage.o
 .text          0x00006c08        0x0 obj/PID_Control.o
 .text          0x00006c08        0x0 obj/Timer.o
 .text          0x00006c08        0x0 obj/SPI_Debug.o
 .text          0x00006c08        0x0 obj/fatal.o
 .text          0x00006c08        0x0 /cygdrive/g/MyGitRepository/V1_20200822/files/code/mulan2_platform/lib/lib81315-sae-loader.a(sys_srv.o)
 .text          0x00006c08        0x0 /cygdrive/g/MyGitRepository/V1_20200822/files/code/mulan2_platform/lib/lib81315-sae-loader.a(prestart.o)
 .text          0x00006c08        0x0 /cygdrive/g/MyGitRepository/V1_20200822/files/code/mulan2_platform/lib/lib81315-sae-loader.a(sys_mlx16.o)
 .text          0x00006c08        0x0 /cygdrive/g/MyGitRepository/V1_20200822/files/code/mulan2_platform/lib/lib81315-sae-loader.a(lib_mlx813xx_bist.o)
 .text          0x00006c08        0x0 /cygdrive/g/MyGitRepository/V1_20200822/files/code/mulan2_platform/lib/lib81315-sae-loader.a(nvram.o)
 .text          0x00006c08       0x4a /cygdrive/g/MyGitRepository/V1_20200822/files/code/mulan2_platform/lib/lib81315-sae-loader.a(div32_32by16.o)
                0x00006c08                _divI32_I32byI16
                0x00006c18                _divI32_I32byU16
                0x00006c3a                _divU32_U32byU16
 .text          0x00006c52       0x14 /cygdrive/g/MyGitRepository/V1_20200822/files/code/mulan2_platform/lib/lib81315-sae-loader.a(mul32_16by16_copr.o)
                0x00006c52                _mulI32_I16byU16
                0x00006c60                _mulU32_U16byU16
 .text          0x00006c66        0x0 /cygdrive/g/MyGitRepository/V1_20200822/files/code/mulan2_platform/lib/lib81315-sae-loader.a(mlx4_prog.o)
 .text          0x00006c66        0x0 /cygdrive/g/MyGitRepository/V1_20200822/files/code/mulan2_platform/lib/lib81315-sae-loader.a(api.o)
 .text          0x00006c66        0x0 /cygdrive/g/MyGitRepository/V1_20200822/files/code/mulan2_platform/lib/lib81315-sae-loader.a(lin.o)
 .text          0x00006c66        0x0 /cygdrive/g/MyGitRepository/V1_20200822/files/code/mulan2_platform/lib/lib81315-sae-loader.a(ml_LinInterruptHandler.o)
 .text          0x00006c66        0x0 /cygdrive/g/MyGitRepository/V1_20200822/files/code/mulan2_platform/lib/lib81315-sae-loader.a(ml_GetBaudRate.o)
 .text          0x00006c66        0x0 /cygdrive/g/MyGitRepository/V1_20200822/files/code/mulan2_platform/lib/lib81315-sae-loader.a(ml_InitLinModule.o)
 .text          0x00006c66        0x0 /cygdrive/g/MyGitRepository/V1_20200822/files/code/mulan2_platform/lib/lib81315-sae-loader.a(flashupload.o)
 .text          0x00006c66        0x0 /cygdrive/g/MyGitRepository/V1_20200822/files/code/mulan2_platform/lib/lib81315-sae-loader.a(loader_state.o)
 .text          0x00006c66        0x0 /cygdrive/g/MyGitRepository/V1_20200822/files/code/mulan2_platform/lib/lib81315-sae-loader.a(loader_get_state.o)
 .text          0x00006c66        0x0 /cygdrive/g/MyGitRepository/V1_20200822/files/code/mulan2_platform/lib/lib81315-sae-loader.a(flashfunctions_c_cmp.o)
 .text          0x00006c66        0x0 /cygdrive/g/MyGitRepository/V1_20200822/files/code/mulan2_platform/lib/lib81315-sae-loader.a(ml_SetFastBaudRate.o)
 .text          0x00006c66        0x0 /cygdrive/g/MyGitRepository/V1_20200822/files/code/mulan2_platform/lib/lib81315-sae-loader.a(startup.o)
 .text          0x00006c66        0x0 /cygdrive/g/MyGitRepository/V1_20200822/files/code/mulan2_platform/lib/lib81315-sae-loader.a(ram_section_init.o)
 .text          0x00006c66        0x0 /cygdrive/g/MyGitRepository/V1_20200822/files/code/mulan2_platform/lib/lib81315-sae-loader.a(ram_test.o)
 .text          0x00006c66        0x0 /cygdrive/g/MyGitRepository/V1_20200822/files/code/mulan2_platform/lib/lib81315-sae-loader.a(low_level_init.o)
 .text          0x00006c66        0x0 /cygdrive/g/MyGitRepository/V1_20200822/files/code/mulan2_platform/lib/lib81315-sae-loader.a(premain.o)
 .text          0x00006c66        0x0 /cygdrive/g/MyGitRepository/V1_20200822/files/code/mulan2_platform/lib/lib81315-sae-loader.a(mlx_ispowerok.o)
 .text          0x00006c66        0x0 /cygdrive/g/MyGitRepository/V1_20200822/files/code/mulan2_platform/lib/lib81315-sae-loader.a(ml_LinInit.o)
 .text          0x00006c66       0x2e /cygdrive/c/Program Files (x86)/Melexis/mlx16-gcc_1_12_3/bin/../lib/gcc/mlx16/3.4.3/mlx16-x8/libgcc.a(___mulsi3.o)
                0x00006c66                ___mulsi3
                0x00006c72                ___mulsi3_1
                0x00006c88                ___mulsi3_D
 .text          0x00006c94        0x8 /cygdrive/c/Program Files (x86)/Melexis/mlx16-gcc_1_12_3/bin/../lib/gcc/mlx16/3.4.3/mlx16-x8/libgcc.a(udivmod.o)
                0x00006c94                ___udivsi3
                0x00006c98                ___umodsi3
 .text          0x00006c9c       0x74 /cygdrive/c/Program Files (x86)/Melexis/mlx16-gcc_1_12_3/bin/../lib/gcc/mlx16/3.4.3/mlx16-x8/libgcc.a(udivmodsi.o)
                0x00006c9c                ___udivmodsi4
                0x00006cf4                __divU32_U32byU16
 *(.text.*)
 .text.RamBackgroundTest
                0x00006d10       0x14 obj/main.o
                0x00006d10                _RamBackgroundTest
 .text.FlashBackgroundTest
                0x00006d24       0xce obj/main.o
                0x00006d24                _FlashBackgroundTest
 .text.noinit_section_init
                0x00006df2       0x38 obj/main.o
                0x00006df2                _noinit_section_init
 .text.RteExv2Lin
                0x00006e2a      0x12c obj/main.o
                0x00006e2a                _RteExv2Lin
 .text.UpdateMotorSpeed
                0x00006f56       0x7c obj/main.o
                0x00006f56                _UpdateMotorSpeed
 .text.main     0x00006fd2      0xad8 obj/main.o
                0x00006fd2                _main
 .text.LIN_Init
                0x00007aaa       0x42 obj/LIN_Communication.o
                0x00007aaa                _LIN_Init
 .text.mlu_ApplicationStop
                0x00007aec       0x34 obj/LIN_Communication.o
                0x00007aec                _mlu_ApplicationStop
 .text.ml_GetAutoaddressingStatus
                0x00007b20        0xa obj/LIN_Communication.o
                0x00007b20                _ml_GetAutoaddressingStatus
 .text.mlu_DataRequest
                0x00007b2a       0x44 obj/LIN_Communication.o
                0x00007b2a                _mlu_DataRequest
 .text.mlu_DataTransmitted
                0x00007b6e        0x2 obj/LIN_Communication.o
                0x00007b6e                _mlu_DataTransmitted
 .text.mlu_ErrorDetected
                0x00007b70       0x1e obj/LIN_Communication.o
                0x00007b70                _mlu_ErrorDetected
 .text.mlu_LinSleepMode
                0x00007b8e       0x18 obj/LIN_Communication.o
                0x00007b8e                _mlu_LinSleepMode
 .text.mlu_MessageReceived
                0x00007ba6       0x2e obj/LIN_Communication.o
                0x00007ba6                _mlu_MessageReceived
 .text.HandleLinInMsg
                0x00007bd4       0x36 obj/LIN_Communication.o
                0x00007bd4                _HandleLinInMsg
 .text.ml_AutoAddressingCfgADC
                0x00007c0a       0x1c obj/LIN_Communication.o
                0x00007c0a                _ml_AutoAddressingCfgADC
 .text.mlu_AutoAddressingStep
                0x00007c26      0x1f0 obj/LIN_Communication.o
                0x00007c26                _mlu_AutoAddressingStep
 .text.ml_SetSlaveNotAddressed
                0x00007e16        0x8 obj/LIN_Communication.o
                0x00007e16                _ml_SetSlaveNotAddressed
 .text.ml_SetSlaveAddressed
                0x00007e1e        0x8 obj/LIN_Communication.o
                0x00007e1e                _ml_SetSlaveAddressed
 .text.ml_InitAutoAddressing
                0x00007e26       0x58 obj/LIN_Communication.o
                0x00007e26                _ml_InitAutoAddressing
 .text.ml_StopAutoAddressing
                0x00007e7e       0x12 obj/LIN_Communication.o
                0x00007e7e                _ml_StopAutoAddressing
 .text.AutoAddressingReadADCResult
                0x00007e90       0x78 obj/LIN_Communication.o
                0x00007e90                _AutoAddressingReadADCResult
 .text.ClearAAData
                0x00007f08       0x20 obj/LIN_Communication.o
                0x00007f08                _ClearAAData
 .text.LIN_2x_Init
                0x00007f28       0x3c obj/LIN_2x.o
                0x00007f28                _LIN_2x_Init
 .text.HandleActCtrl
                0x00007f64       0xe0 obj/LIN_2x.o
                0x00007f64                _HandleActCtrl
 .text.HandleActStatus
                0x00008044      0x102 obj/LIN_2x.o
                0x00008044                _HandleActStatus
 .text.LinAATimeoutControl
                0x00008146       0x1e obj/LIN_2x.o
                0x00008146                _LinAATimeoutControl
 .text.HandleBusTimeout
                0x00008164       0x48 obj/LIN_2x.o
                0x00008164                _HandleBusTimeout
 .text.LIN2x_ErrorHandling
                0x000081ac       0x5c obj/LIN_2x.o
                0x000081ac                _LIN2x_ErrorHandling
 .text.SetupDiagResponse
                0x00008208       0x36 obj/LIN_Diagnostics.o
                0x00008208                _SetupDiagResponse
 .text.CheckSupplier
                0x0000823e       0x12 obj/LIN_Diagnostics.o
                0x0000823e                _CheckSupplier
 .text.ValidSupplierFunctionID
                0x00008250       0x1c obj/LIN_Diagnostics.o
                0x00008250                _ValidSupplierFunctionID
 .text.HandleDfrDiag
                0x0000826c      0xb82 obj/LIN_Diagnostics.o
                0x0000826c                _HandleDfrDiag
 .text.RfrDiagReset
                0x00008dee       0x24 obj/LIN_Diagnostics.o
                0x00008dee                _RfrDiagReset
 .text.ADC_StartSoftTrig
                0x00008e12       0x32 obj/ADC.o
                0x00008e12                _ADC_StartSoftTrig
 .text.ADC_Stop
                0x00008e44       0x3e obj/ADC.o
                0x00008e44                _ADC_Stop
 .text.ADC_Init
                0x00008e82       0x40 obj/ADC.o
                0x00008e82                _ADC_Init
 .text.ADC_Start
                0x00008ec2       0x30 obj/ADC.o
                0x00008ec2                _ADC_Start
 .text.ADC_PowerOff
                0x00008ef2       0x1c obj/ADC.o
                0x00008ef2                _ADC_PowerOff
 .text.ADC_IT   0x00008f0e       0x22 obj/ADC.o
                0x00008f0e                _ADC_IT
 .text.GetVsupply
                0x00008f30       0x36 obj/ADC.o
                0x00008f30                _GetVsupply
 .text.GetRawChipSupply
                0x00008f66        0x6 obj/ADC.o
                0x00008f66                _GetRawChipSupply
 .text.GetVsupplyMotor
                0x00008f6c       0x3a obj/ADC.o
                0x00008f6c                _GetVsupplyMotor
 .text.ResetChipTemperature
                0x00008fa6        0xa obj/ADC.o
                0x00008fa6                _ResetChipTemperature
 .text.GetChipTemperature
                0x00008fb0       0x84 obj/ADC.o
                0x00008fb0                _GetChipTemperature
 .text.GetRawTemperature
                0x00009034        0x8 obj/ADC.o
                0x00009034                _GetRawTemperature
 .text.GetRawMotorDriverCurrent
                0x0000903c       0x30 obj/ADC.o
                0x0000903c                _GetRawMotorDriverCurrent
 .text.GetMotorDriverCurrent
                0x0000906c       0x1c obj/ADC.o
                0x0000906c                _GetMotorDriverCurrent
 .text.MeasureVsupplyAndTemperature
                0x00009088       0x2e obj/ADC.o
                0x00009088                _MeasureVsupplyAndTemperature
 .text.MeasureMotorCurrent
                0x000090b6       0x12 obj/ADC.o
                0x000090b6                _MeasureMotorCurrent
 .text.MeasurePhaseVoltage
                0x000090c8       0x30 obj/ADC.o
                0x000090c8                _MeasurePhaseVoltage
 .text.HandleDiagnosticEvent
                0x000090f8      0x128 obj/Diagnostic.o
                0x000090f8                _HandleDiagnosticEvent
 .text.DiagnosticsInit
                0x00009220       0x6e obj/Diagnostic.o
                0x00009220                _DiagnosticsInit
 .text.EXT4_IT  0x0000928e       0x72 obj/Diagnostic.o
                0x0000928e                _EXT4_IT
 .text.ErrorLogInit
                0x00009300       0x28 obj/ErrorCodes.o
                0x00009300                _ErrorLogInit
 .text.SetLastError
                0x00009328       0x5e obj/ErrorCodes.o
                0x00009328                _SetLastError
 .text.GetLastError
                0x00009386       0x5e obj/ErrorCodes.o
                0x00009386                _GetLastError
 .text.MotorDriverInit
                0x000093e4      0x232 obj/MotorDriver.o
                0x000093e4                _MotorDriverInit
 .text.MotorDriverSelfTest
                0x00009616      0x1ea obj/MotorDriver.o
                0x00009616                _MotorDriverSelfTest
 .text.MotorDriverCurrentMeasureInit
                0x00009800       0x54 obj/MotorDriver.o
                0x00009800                _MotorDriverCurrentMeasureInit
 .text.MotorDriverCurrentMeasure
                0x00009854       0x7e obj/MotorDriver.o
                0x00009854                _MotorDriverCurrentMeasure
 .text.MotorDriver_InitialPwmDutyCycle
                0x000098d2       0xa0 obj/MotorDriver.o
                0x000098d2                _MotorDriver_InitialPwmDutyCycle
 .text.MotorDriver_4PhaseStepper
                0x00009972       0xc6 obj/MotorDriver.o
                0x00009972                _MotorDriver_4PhaseStepper
 .text.MotorDriverStart
                0x00009a38      0x13e obj/MotorDriver.o
                0x00009a38                _MotorDriverStart
 .text.MotorDriverStop
                0x00009b76      0x20c obj/MotorDriver.o
                0x00009b76                _MotorDriverStop
 .text.EXT0_IT  0x00009d82      0x246 obj/MotorDriver.o
                0x00009d82                _EXT0_IT
 .text.MotorStallInitA
                0x00009fc8        0x8 obj/MotorStall.o
                0x00009fc8                _MotorStallInitA
 .text.MotorStallCheckA
                0x00009fd0       0x6a obj/MotorStall.o
                0x00009fd0                _MotorStallCheckA
 .text.NVRAM_CRC8
                0x0000a03a       0x32 obj/NVRAM_UserPage.o
                0x0000a03a                _NVRAM_CRC8
 .text.NVRAM_CountCRC8
                0x0000a06c       0x44 obj/NVRAM_UserPage.o
                0x0000a06c                _NVRAM_CountCRC8
 .text.NVRAM_PageVerify
                0x0000a0b0       0x1a obj/NVRAM_UserPage.o
                0x0000a0b0                _NVRAM_PageVerify
 .text.NVRAM_Store
                0x0000a0ca      0x10a obj/NVRAM_UserPage.o
                0x0000a0ca                _NVRAM_Store
 .text.NVRAM_LoadUserPage
                0x0000a1d4      0x12e obj/NVRAM_UserPage.o
                0x0000a1d4                _NVRAM_LoadUserPage
 .text.PlaceError
                0x0000a302       0x28 obj/NVRAM_UserPage.o
                0x0000a302                _PlaceError
 .text.NVRAM_LogError
                0x0000a32a      0x14a obj/NVRAM_UserPage.o
                0x0000a32a                _NVRAM_LogError
 .text.NVRAM_GetLastError
                0x0000a474       0x7c obj/NVRAM_UserPage.o
                0x0000a474                _NVRAM_GetLastError
 .text.NVRAM_ClearErrorLog
                0x0000a4f0       0x56 obj/NVRAM_UserPage.o
                0x0000a4f0                _NVRAM_ClearErrorLog
 .text.NVRAM_StorePatch
                0x0000a546        0xa obj/NVRAM_UserPage.o
                0x0000a546                _NVRAM_StorePatch
 .text.NVRAM_MlxCalibrationAreaCheck
                0x0000a550       0x36 obj/NVRAM_UserPage.o
                0x0000a550                _NVRAM_MlxCalibrationAreaCheck
 .text.PID_Init
                0x0000a586       0xa8 obj/PID_Control.o
                0x0000a586                _PID_Init
 .text.VoltageCorrection
                0x0000a62e       0x50 obj/PID_Control.o
                0x0000a62e                _VoltageCorrection
 .text.PID_Control
                0x0000a67e      0x13a obj/PID_Control.o
                0x0000a67e                _PID_Control
 .text.ThresholdControl
                0x0000a7b8      0x140 obj/PID_Control.o
                0x0000a7b8                _ThresholdControl
 .text.Timer_Init
                0x0000a8f8       0x22 obj/Timer.o
                0x0000a8f8                _Timer_Init
 .text.Timer_SleepCompensation
                0x0000a91a       0xc2 obj/Timer.o
                0x0000a91a                _Timer_SleepCompensation
 .text.TIMER_IT
                0x0000a9dc       0xca obj/Timer.o
                0x0000a9dc                _TIMER_IT
 .text.SpiDebugInit
                0x0000aaa6       0x32 obj/SPI_Debug.o
                0x0000aaa6                _SpiDebugInit
 *(.rodata.*)
 *fill*         0x0000aad8        0x0 
 .rodata.au16HaltZero
                0x0000aad8        0x4 obj/main.o
                0x0000aad8                _au16HaltZero
 .rodata.SBASE_LIN
                0x0000aadc       0x26 obj/LIN_Communication.o
                0x0000aadc                _SBASE_LIN
 .rodata.tMlxDbgSupport
                0x0000ab02       0x20 obj/LIN_Diagnostics.o
                0x0000ab02                _tMlxDbgSupport
 .rodata.au16AnaOutRegs
                0x0000ab22       0x10 obj/LIN_Diagnostics.o
                0x0000ab22                _au16AnaOutRegs
 .rodata.tAdcSelfTest4B
                0x0000ab32       0x18 obj/ADC.o
                0x0000ab32                _tAdcSelfTest4B
 .rodata.tAdcSelfTest4A
                0x0000ab4a       0x18 obj/ADC.o
                0x0000ab4a                _tAdcSelfTest4A
 .rodata.SBASE_INIT_4PH
                0x0000ab62        0xc obj/ADC.o
                0x0000ab62                _SBASE_INIT_4PH
 .rodata.SBASE_CURRENT
                0x0000ab6e        0x4 obj/ADC.o
                0x0000ab6e                _SBASE_CURRENT
 .rodata.SBASE_MOTORVOLT
                0x0000ab72        0x4 obj/ADC.o
                0x0000ab72                _SBASE_MOTORVOLT
 .rodata.SBASE_SUPPLYVOLT
                0x0000ab76        0x4 obj/ADC.o
                0x0000ab76                _SBASE_SUPPLYVOLT
 .rodata.SBASE_TEMP
                0x0000ab7a        0x4 obj/ADC.o
                0x0000ab7a                _SBASE_TEMP
 .rodata.SBASE_CURROFF
                0x0000ab7e        0x4 obj/ADC.o
                0x0000ab7e                _SBASE_CURROFF
 .rodata.SBASE_VREF_OFF
                0x0000ab82        0x4 obj/ADC.o
                0x0000ab82                _SBASE_VREF_OFF
 .rodata.c_ai16MicroStepVector4PH
                0x0000ab86       0xa0 obj/MotorDriverTables.o
                0x0000ab86                _c_ai16MicroStepVector4PH
 .rodata.c_au8DrvCfgSelfTestB4
                0x0000ac26        0xa obj/MotorDriverTables.o
                0x0000ac26                _c_au8DrvCfgSelfTestB4
 .rodata.c_au16DrvAdcSelfTestA
                0x0000ac30       0x10 obj/MotorDriverTables.o
                0x0000ac30                _c_au16DrvAdcSelfTestA
 .rodata.c_au8DrvCfgSelfTestA
                0x0000ac40        0x8 obj/MotorDriverTables.o
                0x0000ac40                _c_au8DrvCfgSelfTestA
 .rodata.defNvramUser
                0x0000ac48       0x70 obj/NVRAM_UserPage.o
                0x0000ac48                _defNvramUser
 .rodata.READ_BY_ID_BC
                0x0000acb8        0x8 /cygdrive/g/MyGitRepository/V1_20200822/files/code/mulan2_platform/lib/lib81315-sae-loader.a(flashupload.o)
                0x0000acc0                . = ALIGN (0x2)
                0x0000acc0                _etext = .

.shared_ram     0x00000000       0x10
 *(.special)
 .special       0x00000000       0x10 /cygdrive/g/MyGitRepository/V1_20200822/files/code/mulan2_platform/lib/lib81315-sae-loader.a(api.o)
                0x00000000                _LinResp
                0x00000002                _LinCmnd
                0x00000004                _LinMess
                0x00000006                _LinMess2
                0x00000007                _LinProtectedID
                0x00000008                _LinFrame

.ram_lin_fixed  0x00000010        0x6
 *(.ram_lin_fixed)
 .ram_lin_fixed
                0x00000010        0x6 /cygdrive/g/MyGitRepository/V1_20200822/files/code/mulan2_platform/lib/lib81315-sae-loader.a(lin.o)
                0x00000010                _stFixedRamNAD

.dp.data        0x00000018       0x22 load address 0x0000acc0
                0x00000018                . = ALIGN (0x2)
                0x00000018                __data_dp_start = .
 *(.dp.data)
 .dp.data       0x00000018       0x18 obj/main.o
                0x00000018                _g_e8EXVErrorBlock
                0x00000019                _g_e8EXVFault
                0x0000001a                _g_e8WarningOverTemperature
                0x0000001b                _g_e8EXVInitDirection
                0x0000001c                _g_e8EXVMoveEnableRequestFlag
                0x0000001d                _g_e8CalibrationStep
                0x0000001e                _g_u8MotorStatusSpeed
                0x0000001f                _g_u8StallTypeComm
                0x00000020                _g_i16MotorVoltage
                0x00000022                _g_i16ChipTemperature
                0x00000024                _g_u8RewindFlags
                0x00000025                _g_e8DegradedMotorRequest
                0x00000026                _g_e8ErrorOverTemperature
                0x00000027                _g_u8EmergencyRunOcc
                0x00000028                _g_u8StallOcc
                0x00000029                _g_u8ChipResetOcc
                0x0000002a                _g_e8MotorDirectionCCW
                0x0000002b                _g_e8ErrorVoltage
                0x0000002c                _g_e8ErrorCoil
                0x0000002d                _g_e8ErrorElectric
                0x0000002e                _g_e8MotorRequest
 .dp.data       0x00000030        0x2 obj/LIN_Communication.o
                0x00000030                _g_u8BufferOutID
                0x00000031                _g_u8AutoAddressingFlags
 .dp.data       0x00000032        0x2 obj/LIN_2x.o
                0x00000032                _l_u8ActDirection
                0x00000033                _g_u8NAD
 .dp.data       0x00000034        0x4 obj/MotorDriver.o
                0x00000034                _l_u8VTIdx
                0x00000035                _g_u8MotorStopDelay
                0x00000036                _g_u16StartupDelay
 .dp.data       0x00000038        0x2 obj/MotorStall.o
                0x00000038                _l_u8StallCountO
                0x00000039                _l_u8StallCountA
                0x0000003a                . = ALIGN (0x2)
                0x0000003a                __data_dp_end = .
                0x00000022                __data_dp_size = (__data_dp_end - __data_dp_start)
                0x0000acc0                __data_load_start = LOADADDR (.dp.data)

.dp             0x0000003a       0xb0 load address 0x0000ace2
                0x0000003a                . = ALIGN (0x2)
                0x0000003a                __bss_dp_start = .
 *(.dp)
 .dp            0x0000003a       0x12 obj/LIN_Communication.o
                0x0000003a                _g_LinCmdFrameBuffer
                0x00000042                _g_DiagResponse
                0x0000004a                _l_u8LinInFrameMsgID
 .dp            0x0000004c        0xc obj/MotorDriver.o
                0x0000004c                _g_u16CorrectionRatio
                0x0000004e                _g_u16MicroStepIdx
                0x00000050                _g_u16CommutTimerPeriod
                0x00000052                _g_u16TargetCommutTimerPeriod
                0x00000054                _g_u16MotorCurrentMovAvgxN
                0x00000056                _g_u16MotorCurrentLPFx64
 .dp            0x00000058       0x70 obj/NVRAM_UserPage.o
                0x00000058                _g_NvramUser
 .dp            0x000000c8        0x2 obj/PID_Control.o
                0x000000c8                _g_u16PID_I
 .dp            0x000000ca        0xc /cygdrive/g/MyGitRepository/V1_20200822/files/code/mulan2_platform/lib/lib81315-sae-loader.a(lin.o)
                0x000000ca                _LinFrameDataBuffer
                0x000000d2                _LIN_nad
                0x000000d4                _LinMessage
 .dp            0x000000d6       0x14 /cygdrive/g/MyGitRepository/V1_20200822/files/code/mulan2_platform/lib/lib81315-sae-loader.a(flashupload.o)
                0x000000d6                _ml_driver_mode
                0x000000ea                . = ALIGN (0x2)
                0x000000ea                __bss_dp_end = .
                0x000000b0                __bss_dp_size = (__bss_dp_end - __bss_dp_start)

.dp.noinit      0x000000ea       0x10 load address 0x0000ace2
                0x000000ea                . = ALIGN (0x2)
                0x000000ea                __dp_noinit_start = .
 *(.dp.noinit)
 .dp.noinit     0x000000ea        0xc obj/main.o
                0x000000ea                _g_e8MotorCtrlMode
                0x000000eb                _g_e8MotorStatusMode
                0x000000ec                _g_e8StallDetectorEna
                0x000000ed                _g_u8MotorHoldingCurrEna
                0x000000ee                _g_u16ActualPosition
                0x000000f0                _g_u16TargetPosition
                0x000000f2                _g_u8MotorCtrlSpeed
                0x000000f4                _g_u16CalibTravel
 .dp.noinit     0x000000f6        0x4 obj/MotorDriver.o
                0x000000f6                _g_u16ActuatorActPos
                0x000000f8                _g_u16ActuatorTgtPos
                0x000000fa                . = ALIGN (0x2)
                0x000000fa                __dp_noinit_end = .
                0x00000010                __dp_noinit_size = (__dp_noinit_end - __dp_noinit_start)

.data           0x000000fa       0x62 load address 0x0000ace2
                0x000000fa                . = ALIGN (0x2)
                0x000000fa                __data_start = .
 *(.data)
 .data          0x000000fa        0x0 obj/muldiv16_16by16by16.o
 .data          0x000000fa        0x0 obj/lin2b_romtbl.o
 .data          0x000000fa        0x0 obj/vectors-lin.o
 .data          0x000000fa        0x0 obj/main.o
 .data          0x000000fa        0x0 obj/app_version.o
 .data          0x000000fa        0x0 obj/LIN_Communication.o
 .data          0x000000fa        0x0 obj/LIN_2x.o
 .data          0x000000fa        0x0 obj/LIN_SAE_J2602.o
 .data          0x000000fa        0x0 obj/LIN_Diagnostics.o
 .data          0x000000fa        0x0 obj/ADC.o
 .data          0x000000fa        0x0 obj/Diagnostic.o
 .data          0x000000fa        0x0 obj/ErrorCodes.o
 .data          0x000000fa        0x0 obj/MotorDriver.o
 .data          0x000000fa        0x0 obj/MotorDriverTables.o
 .data          0x000000fa        0x0 obj/MotorStall.o
 .data          0x000000fa        0x0 obj/NVRAM_UserPage.o
 .data          0x000000fa        0x0 obj/PID_Control.o
 .data          0x000000fa        0x0 obj/Timer.o
 .data          0x000000fa        0x0 obj/SPI_Debug.o
 .data          0x000000fa        0x0 obj/fatal.o
 .data          0x000000fa        0x0 /cygdrive/g/MyGitRepository/V1_20200822/files/code/mulan2_platform/lib/lib81315-sae-loader.a(sys_srv.o)
 .data          0x000000fa        0x0 /cygdrive/g/MyGitRepository/V1_20200822/files/code/mulan2_platform/lib/lib81315-sae-loader.a(prestart.o)
 .data          0x000000fa        0x0 /cygdrive/g/MyGitRepository/V1_20200822/files/code/mulan2_platform/lib/lib81315-sae-loader.a(sys_mlx16.o)
 .data          0x000000fa        0x0 /cygdrive/g/MyGitRepository/V1_20200822/files/code/mulan2_platform/lib/lib81315-sae-loader.a(lib_mlx813xx_bist.o)
 .data          0x000000fa        0x0 /cygdrive/g/MyGitRepository/V1_20200822/files/code/mulan2_platform/lib/lib81315-sae-loader.a(nvram.o)
 .data          0x000000fa        0x0 /cygdrive/g/MyGitRepository/V1_20200822/files/code/mulan2_platform/lib/lib81315-sae-loader.a(div32_32by16.o)
 .data          0x000000fa        0x0 /cygdrive/g/MyGitRepository/V1_20200822/files/code/mulan2_platform/lib/lib81315-sae-loader.a(mul32_16by16_copr.o)
 .data          0x000000fa        0x0 /cygdrive/g/MyGitRepository/V1_20200822/files/code/mulan2_platform/lib/lib81315-sae-loader.a(mlx4_prog.o)
 .data          0x000000fa        0x0 /cygdrive/g/MyGitRepository/V1_20200822/files/code/mulan2_platform/lib/lib81315-sae-loader.a(api.o)
 .data          0x000000fa        0x0 /cygdrive/g/MyGitRepository/V1_20200822/files/code/mulan2_platform/lib/lib81315-sae-loader.a(lin.o)
 .data          0x000000fa        0x0 /cygdrive/g/MyGitRepository/V1_20200822/files/code/mulan2_platform/lib/lib81315-sae-loader.a(ml_LinInterruptHandler.o)
 .data          0x000000fa        0x0 /cygdrive/g/MyGitRepository/V1_20200822/files/code/mulan2_platform/lib/lib81315-sae-loader.a(ml_GetBaudRate.o)
 .data          0x000000fa        0x0 /cygdrive/g/MyGitRepository/V1_20200822/files/code/mulan2_platform/lib/lib81315-sae-loader.a(ml_InitLinModule.o)
 .data          0x000000fa        0x0 /cygdrive/g/MyGitRepository/V1_20200822/files/code/mulan2_platform/lib/lib81315-sae-loader.a(flashupload.o)
 .data          0x000000fa        0x0 /cygdrive/g/MyGitRepository/V1_20200822/files/code/mulan2_platform/lib/lib81315-sae-loader.a(loader_state.o)
 .data          0x000000fa        0x0 /cygdrive/g/MyGitRepository/V1_20200822/files/code/mulan2_platform/lib/lib81315-sae-loader.a(loader_get_state.o)
 .data          0x000000fa        0x0 /cygdrive/g/MyGitRepository/V1_20200822/files/code/mulan2_platform/lib/lib81315-sae-loader.a(flashfunctions_c_cmp.o)
 .data          0x000000fa        0x0 /cygdrive/g/MyGitRepository/V1_20200822/files/code/mulan2_platform/lib/lib81315-sae-loader.a(ml_SetFastBaudRate.o)
 .data          0x000000fa        0x0 /cygdrive/g/MyGitRepository/V1_20200822/files/code/mulan2_platform/lib/lib81315-sae-loader.a(startup.o)
 .data          0x000000fa        0x0 /cygdrive/g/MyGitRepository/V1_20200822/files/code/mulan2_platform/lib/lib81315-sae-loader.a(ram_section_init.o)
 .data          0x000000fa        0x0 /cygdrive/g/MyGitRepository/V1_20200822/files/code/mulan2_platform/lib/lib81315-sae-loader.a(ram_test.o)
 .data          0x000000fa        0x0 /cygdrive/g/MyGitRepository/V1_20200822/files/code/mulan2_platform/lib/lib81315-sae-loader.a(low_level_init.o)
 .data          0x000000fa        0x0 /cygdrive/g/MyGitRepository/V1_20200822/files/code/mulan2_platform/lib/lib81315-sae-loader.a(premain.o)
 .data          0x000000fa        0x0 /cygdrive/g/MyGitRepository/V1_20200822/files/code/mulan2_platform/lib/lib81315-sae-loader.a(mlx_ispowerok.o)
 .data          0x000000fa        0x0 /cygdrive/g/MyGitRepository/V1_20200822/files/code/mulan2_platform/lib/lib81315-sae-loader.a(ml_LinInit.o)
 .data          0x000000fa        0x0 /cygdrive/c/Program Files (x86)/Melexis/mlx16-gcc_1_12_3/bin/../lib/gcc/mlx16/3.4.3/mlx16-x8/libgcc.a(___mulsi3.o)
 .data          0x000000fa        0x0 /cygdrive/c/Program Files (x86)/Melexis/mlx16-gcc_1_12_3/bin/../lib/gcc/mlx16/3.4.3/mlx16-x8/libgcc.a(udivmod.o)
 .data          0x000000fa        0x0 /cygdrive/c/Program Files (x86)/Melexis/mlx16-gcc_1_12_3/bin/../lib/gcc/mlx16/3.4.3/mlx16-x8/libgcc.a(udivmodsi.o)
 *(.data.*)
 .data.l_e8GmcvInitDirection
                0x000000fa        0x1 obj/main.o
                0x000000fa                _l_e8GmcvInitDirection
 .data.g_e8EXVStatusInitStat
                0x000000fb        0x1 obj/main.o
                0x000000fb                _g_e8EXVStatusInitStat
 .data.g_u16EXVStatusCurrentPositon
                0x000000fc        0x2 obj/main.o
                0x000000fc                _g_u16EXVStatusCurrentPositon
 .data.g_e8EXVStatusMovInProcs
                0x000000fe        0x1 obj/main.o
                0x000000fe                _g_e8EXVStatusMovInProcs
 .data.g_e8EXVStatusFaultState
                0x000000ff        0x1 obj/main.o
                0x000000ff                _g_e8EXVStatusFaultState
 .data.g_u16EXVTargetPositionTemp
                0x00000100        0x2 obj/main.o
                0x00000100                _g_u16EXVTargetPositionTemp
 .data.g_u16CalibPauseCounter
                0x00000102        0x2 obj/main.o
                0x00000102                _g_u16CalibPauseCounter
 .data.g_e8CalibPostMotorRequest
                0x00000104        0x1 obj/main.o
                0x00000104                _g_e8CalibPostMotorRequest
 .data.g_u8MechError
                0x00000105        0x1 obj/main.o
                0x00000105                _g_u8MechError
 .data.l_u8RamPreError
                0x00000106        0x1 obj/main.o
                0x00000106                _l_u8RamPreError
 .data.l_e8ErrorDebounceFilter
                0x00000107        0x1 obj/main.o
                0x00000107                _l_e8ErrorDebounceFilter
 .data.g_u8TorqueBoostRequest
                0x00000108        0x1 obj/main.o
                0x00000108                _g_u8TorqueBoostRequest
 .data.g_e8ErrorVoltageComm
                0x00000109        0x1 obj/main.o
                0x00000109                _g_e8ErrorVoltageComm
 .data.g_u8MotorStartDelay
                0x0000010a        0x1 obj/main.o
                0x0000010a                _g_u8MotorStartDelay
 .data.g_u8OverTemperatureCount
                0x0000010b        0x1 obj/main.o
                0x0000010b                _g_u8OverTemperatureCount
 .data.g_u8Mlx4ErrorState
                0x0000010c        0x1 obj/main.o
                0x0000010c                _g_u8Mlx4ErrorState
 *fill*         0x0000010d        0x1 
 .data.g_u16Mlx4StateCheckCounter
                0x0000010e        0x2 obj/main.o
                0x0000010e                _g_u16Mlx4StateCheckCounter
 .data.g_i16Current
                0x00000110        0x2 obj/main.o
                0x00000110                _g_i16Current
 .data.g_i16PhaseVoltage
                0x00000112        0x2 obj/main.o
                0x00000112                _g_i16PhaseVoltage
 .data.g_i16SupplyVoltage
                0x00000114        0x2 obj/main.o
                0x00000114                _g_i16SupplyVoltage
 .data.__pu16Segment_0
                0x00000116        0x2 obj/main.o
 .data.__u16FlashCRC_1
                0x00000118        0x2 obj/main.o
 .data.l_i16AutoAddressingDM
                0x0000011a        0x2 obj/LIN_Communication.o
                0x0000011a                _l_i16AutoAddressingDM
 .data.l_u16AutoAddressingCM
                0x0000011c        0x2 obj/LIN_Communication.o
                0x0000011c                _l_u16AutoAddressingCM
 .data.l_u16SlowBaudrateAdjustment
                0x0000011e        0x2 obj/LIN_Communication.o
                0x0000011e                _l_u16SlowBaudrateAdjustment
 .data.g_u8ErrorCommBusTimeout
                0x00000120        0x1 obj/LIN_Communication.o
                0x00000120                _g_u8ErrorCommBusTimeout
 .data.g_u8ErrorCommunication
                0x00000121        0x1 obj/LIN_Communication.o
                0x00000121                _g_u8ErrorCommunication
 .data.g_u8LinInFrameBufState
                0x00000122        0x1 obj/LIN_Communication.o
                0x00000122                _g_u8LinInFrameBufState
 .data.g_u8SAE_SendErrorState
                0x00000123        0x1 obj/LIN_2x.o
                0x00000123                _g_u8SAE_SendErrorState
 .data.g_u8SAE_ErrorFlags
                0x00000124        0x1 obj/LIN_2x.o
                0x00000124                _g_u8SAE_ErrorFlags
 .data.l_u8PctStatusFlagsSend
                0x00000125        0x1 obj/LIN_2x.o
                0x00000125                _l_u8PctStatusFlagsSend
 .data.l_u8StaCounter
                0x00000126        0x1 obj/LIN_2x.o
                0x00000126                _l_u8StaCounter
 .data.l_e8PositionType
                0x00000127        0x1 obj/LIN_2x.o
                0x00000127                _l_e8PositionType
 .data.g_u16LinAATicker
                0x00000128        0x2 obj/LIN_2x.o
                0x00000128                _g_u16LinAATicker
 .data.g_u8LinAATimeout
                0x0000012a        0x1 obj/LIN_2x.o
                0x0000012a                _g_u8LinAATimeout
 .data.g_u8LinAAMode
                0x0000012b        0x1 obj/LIN_2x.o
                0x0000012b                _g_u8LinAAMode
 .data.l_u8SNPD_CycleCountComm
                0x0000012c        0x1 obj/LIN_Diagnostics.o
                0x0000012c                _l_u8SNPD_CycleCountComm
 *fill*         0x0000012d        0x1 
 .data.g_u16DiagResponseTimeoutCount
                0x0000012e        0x2 obj/LIN_Diagnostics.o
                0x0000012e                _g_u16DiagResponseTimeoutCount
 .data.l_u16FlashCRC
                0x00000130        0x2 obj/LIN_Diagnostics.o
                0x00000130                _l_u16FlashCRC
 .data.g_u16CurrentMotorCoilB
                0x00000132        0x2 obj/ADC.o
                0x00000132                _g_u16CurrentMotorCoilB
 .data.g_u16CurrentMotorCoilA
                0x00000134        0x2 obj/ADC.o
                0x00000134                _g_u16CurrentMotorCoilA
 .data.l_u8AdcPowerOff
                0x00000136        0x1 obj/ADC.o
                0x00000136                _l_u8AdcPowerOff
 .data.g_u8AdcIsrMode
                0x00000137        0x1 obj/ADC.o
                0x00000137                _g_u8AdcIsrMode
 .data.l_u16CurrentZeroOffset
                0x00000138        0x2 obj/ADC.o
                0x00000138                _l_u16CurrentZeroOffset
 .data.g_u16HallMicroStepIdx
                0x0000013a        0x2 obj/Diagnostic.o
                0x0000013a                _g_u16HallMicroStepIdx
 .data.g_u8HallSwitchState
                0x0000013c        0x1 obj/Diagnostic.o
                0x0000013c                _g_u8HallSwitchState
 .data.l_u8ErrorLogIdx
                0x0000013d        0x1 obj/ErrorCodes.o
                0x0000013d                _l_u8ErrorLogIdx
 .data.l_u16CoilCurrentStartDelay
                0x0000013e        0x2 obj/MotorDriver.o
                0x0000013e                _l_u16CoilCurrentStartDelay
 .data.l_u16CoilZeroCurrCountB
                0x00000140        0x2 obj/MotorDriver.o
                0x00000140                _l_u16CoilZeroCurrCountB
 .data.l_u16CoilZeroCurrCountA
                0x00000142        0x2 obj/MotorDriver.o
                0x00000142                _l_u16CoilZeroCurrCountA
 .data.l_u16StartupDelayInit
                0x00000144        0x2 obj/MotorDriver.o
                0x00000144                _l_u16StartupDelayInit
 .data.g_i16VoltStepIdx
                0x00000146        0x2 obj/MotorDriver.o
                0x00000146                _g_i16VoltStepIdx
 .data.g_u8MotorHoldingCurrState
                0x00000148        0x1 obj/MotorDriver.o
                0x00000148                _g_u8MotorHoldingCurrState
 .data.g_u8MotorStartupMode
                0x00000149        0x1 obj/MotorDriver.o
                0x00000149                _g_u8MotorStartupMode
 .data.l_u16MotorRefVoltageADC
                0x0000014a        0x2 obj/PID_Control.o
                0x0000014a                _l_u16MotorRefVoltageADC
 .data.g_u16MotorRefVoltage
                0x0000014c        0x2 obj/PID_Control.o
                0x0000014c                _g_u16MotorRefVoltage
 .data.g_u16PID_ThrshldCtrlCounter
                0x0000014e        0x2 obj/PID_Control.o
                0x0000014e                _g_u16PID_ThrshldCtrlCounter
 .data.g_u16PID_CtrlCounter
                0x00000150        0x2 obj/PID_Control.o
                0x00000150                _g_u16PID_CtrlCounter
 .data.g_i16PID_E
                0x00000152        0x2 obj/PID_Control.o
                0x00000152                _g_i16PID_E
 .data.g_i16PID_D
                0x00000154        0x2 obj/PID_Control.o
                0x00000154                _g_i16PID_D
 .data.g_u16LinUVTimeCounter
                0x00000156        0x2 obj/Timer.o
                0x00000156                _g_u16LinUVTimeCounter
 .data.LINPresc
                0x00000158        0x2 /cygdrive/g/MyGitRepository/V1_20200822/files/code/mulan2_platform/lib/lib81315-sae-loader.a(lin.o)
                0x00000158                _LINPresc
 .data.LINBaud  0x0000015a        0x1 /cygdrive/g/MyGitRepository/V1_20200822/files/code/mulan2_platform/lib/lib81315-sae-loader.a(lin.o)
                0x0000015a                _LINBaud
                0x0000015c                . = ALIGN (0x2)
 *fill*         0x0000015b        0x1 
                0x0000015c                __data_end = .
                0x00000062                __data_size = (__data_end - __data_start)

.bss            0x0000015c      0x214 load address 0x0000ad44
                0x0000015c                . = ALIGN (0x2)
                0x0000015c                __bss_start = .
 *(.bss)
 .bss           0x0000015c        0x0 obj/muldiv16_16by16by16.o
 .bss           0x0000015c        0x0 obj/lin2b_romtbl.o
 .bss           0x0000015c        0x0 obj/vectors-lin.o
 .bss           0x0000015c        0x0 obj/main.o
 .bss           0x0000015c        0x0 obj/app_version.o
 .bss           0x0000015c        0x0 obj/LIN_Communication.o
 .bss           0x0000015c        0x0 obj/LIN_2x.o
 .bss           0x0000015c        0x0 obj/LIN_SAE_J2602.o
 .bss           0x0000015c        0x0 obj/LIN_Diagnostics.o
 .bss           0x0000015c        0x0 obj/ADC.o
 .bss           0x0000015c        0x0 obj/Diagnostic.o
 .bss           0x0000015c        0x0 obj/ErrorCodes.o
 .bss           0x0000015c        0x0 obj/MotorDriver.o
 .bss           0x0000015c        0x0 obj/MotorDriverTables.o
 .bss           0x0000015c        0x0 obj/MotorStall.o
 .bss           0x0000015c        0x0 obj/NVRAM_UserPage.o
 .bss           0x0000015c        0x0 obj/PID_Control.o
 .bss           0x0000015c        0x0 obj/Timer.o
 .bss           0x0000015c        0x0 obj/SPI_Debug.o
 .bss           0x0000015c        0x0 obj/fatal.o
 .bss           0x0000015c        0x0 /cygdrive/g/MyGitRepository/V1_20200822/files/code/mulan2_platform/lib/lib81315-sae-loader.a(sys_srv.o)
 .bss           0x0000015c        0x0 /cygdrive/g/MyGitRepository/V1_20200822/files/code/mulan2_platform/lib/lib81315-sae-loader.a(prestart.o)
 .bss           0x0000015c        0x0 /cygdrive/g/MyGitRepository/V1_20200822/files/code/mulan2_platform/lib/lib81315-sae-loader.a(sys_mlx16.o)
 .bss           0x0000015c        0x0 /cygdrive/g/MyGitRepository/V1_20200822/files/code/mulan2_platform/lib/lib81315-sae-loader.a(lib_mlx813xx_bist.o)
 .bss           0x0000015c        0x0 /cygdrive/g/MyGitRepository/V1_20200822/files/code/mulan2_platform/lib/lib81315-sae-loader.a(nvram.o)
 .bss           0x0000015c        0x0 /cygdrive/g/MyGitRepository/V1_20200822/files/code/mulan2_platform/lib/lib81315-sae-loader.a(div32_32by16.o)
 .bss           0x0000015c        0x0 /cygdrive/g/MyGitRepository/V1_20200822/files/code/mulan2_platform/lib/lib81315-sae-loader.a(mul32_16by16_copr.o)
 .bss           0x0000015c        0x0 /cygdrive/g/MyGitRepository/V1_20200822/files/code/mulan2_platform/lib/lib81315-sae-loader.a(mlx4_prog.o)
 .bss           0x0000015c        0x0 /cygdrive/g/MyGitRepository/V1_20200822/files/code/mulan2_platform/lib/lib81315-sae-loader.a(api.o)
 .bss           0x0000015c        0x0 /cygdrive/g/MyGitRepository/V1_20200822/files/code/mulan2_platform/lib/lib81315-sae-loader.a(lin.o)
 .bss           0x0000015c        0x0 /cygdrive/g/MyGitRepository/V1_20200822/files/code/mulan2_platform/lib/lib81315-sae-loader.a(ml_LinInterruptHandler.o)
 .bss           0x0000015c        0x0 /cygdrive/g/MyGitRepository/V1_20200822/files/code/mulan2_platform/lib/lib81315-sae-loader.a(ml_GetBaudRate.o)
 .bss           0x0000015c        0x0 /cygdrive/g/MyGitRepository/V1_20200822/files/code/mulan2_platform/lib/lib81315-sae-loader.a(ml_InitLinModule.o)
 .bss           0x0000015c        0x0 /cygdrive/g/MyGitRepository/V1_20200822/files/code/mulan2_platform/lib/lib81315-sae-loader.a(flashupload.o)
 .bss           0x0000015c        0x0 /cygdrive/g/MyGitRepository/V1_20200822/files/code/mulan2_platform/lib/lib81315-sae-loader.a(loader_state.o)
 .bss           0x0000015c        0x0 /cygdrive/g/MyGitRepository/V1_20200822/files/code/mulan2_platform/lib/lib81315-sae-loader.a(loader_get_state.o)
 .bss           0x0000015c        0x0 /cygdrive/g/MyGitRepository/V1_20200822/files/code/mulan2_platform/lib/lib81315-sae-loader.a(flashfunctions_c_cmp.o)
 .bss           0x0000015c        0x0 /cygdrive/g/MyGitRepository/V1_20200822/files/code/mulan2_platform/lib/lib81315-sae-loader.a(ml_SetFastBaudRate.o)
 .bss           0x0000015c        0x0 /cygdrive/g/MyGitRepository/V1_20200822/files/code/mulan2_platform/lib/lib81315-sae-loader.a(startup.o)
 .bss           0x0000015c        0x0 /cygdrive/g/MyGitRepository/V1_20200822/files/code/mulan2_platform/lib/lib81315-sae-loader.a(ram_section_init.o)
 .bss           0x0000015c        0x0 /cygdrive/g/MyGitRepository/V1_20200822/files/code/mulan2_platform/lib/lib81315-sae-loader.a(ram_test.o)
 .bss           0x0000015c        0x0 /cygdrive/g/MyGitRepository/V1_20200822/files/code/mulan2_platform/lib/lib81315-sae-loader.a(low_level_init.o)
 .bss           0x0000015c        0x0 /cygdrive/g/MyGitRepository/V1_20200822/files/code/mulan2_platform/lib/lib81315-sae-loader.a(premain.o)
 .bss           0x0000015c        0x0 /cygdrive/g/MyGitRepository/V1_20200822/files/code/mulan2_platform/lib/lib81315-sae-loader.a(mlx_ispowerok.o)
 .bss           0x0000015c        0x0 /cygdrive/g/MyGitRepository/V1_20200822/files/code/mulan2_platform/lib/lib81315-sae-loader.a(ml_LinInit.o)
 .bss           0x0000015c        0x0 /cygdrive/c/Program Files (x86)/Melexis/mlx16-gcc_1_12_3/bin/../lib/gcc/mlx16/3.4.3/mlx16-x8/libgcc.a(___mulsi3.o)
 .bss           0x0000015c        0x0 /cygdrive/c/Program Files (x86)/Melexis/mlx16-gcc_1_12_3/bin/../lib/gcc/mlx16/3.4.3/mlx16-x8/libgcc.a(udivmod.o)
 .bss           0x0000015c        0x0 /cygdrive/c/Program Files (x86)/Melexis/mlx16-gcc_1_12_3/bin/../lib/gcc/mlx16/3.4.3/mlx16-x8/libgcc.a(udivmodsi.o)
 *(.bss.*)
 .bss.g_u16TargetPositionRewind
                0x0000015c        0x2 obj/main.o
                0x0000015c                _g_u16TargetPositionRewind
 .bss.g_MPBuf   0x0000015e      0x102 obj/main.o
                0x0000015e                _g_MPBuf
 .bss.l_u8SNPD_CycleCount
                0x00000260        0x1 obj/LIN_Communication.o
                0x00000260                _l_u8SNPD_CycleCount
 .bss.l_u8LastMsgIndex
                0x00000261        0x1 obj/LIN_Communication.o
                0x00000261                _l_u8LastMsgIndex
 .bss.l_u16LinAATimerPeriod
                0x00000262        0x2 obj/LIN_Communication.o
                0x00000262                _l_u16LinAATimerPeriod
 .bss.pSNPD_Data
                0x00000264        0x2 obj/LIN_Communication.o
                0x00000264                _pSNPD_Data
 .bss.l_i16Ishunt
                0x00000266        0x2 obj/LIN_Communication.o
                0x00000266                _l_i16Ishunt
 .bss.l_i16Ishunt1
                0x00000268        0x2 obj/LIN_Communication.o
                0x00000268                _l_i16Ishunt1
 .bss.l_i16Ishunt2
                0x0000026a        0x2 obj/LIN_Communication.o
                0x0000026a                _l_i16Ishunt2
 .bss.l_i16Ishunt3
                0x0000026c        0x2 obj/LIN_Communication.o
                0x0000026c                _l_i16Ishunt3
 .bss.LinAutoAddressing
                0x0000026e       0x24 obj/LIN_Communication.o
                0x0000026e                _LinAutoAddressing
 .bss.g_AdcMotorRunStepper4
                0x00000292        0xa obj/ADC.o
                0x00000292                _g_AdcMotorRunStepper4
 .bss.l_au8FiFoErrorLog
                0x0000029c        0xa obj/ErrorCodes.o
                0x0000029c                _l_au8FiFoErrorLog
 .bss.g_u16MotorSpeedRPS
                0x000002a6        0x2 obj/MotorDriver.o
                0x000002a6                _g_u16MotorSpeedRPS
 .bss.g_u16MotorMicroStepsPerElecRotation
                0x000002a8        0x2 obj/MotorDriver.o
                0x000002a8                _g_u16MotorMicroStepsPerElecRotation
 .bss.g_u16MotorMicroStepsPerMechRotation
                0x000002aa        0x2 obj/MotorDriver.o
                0x000002aa                _g_u16MotorMicroStepsPerMechRotation
 .bss.g_u16MotorRewindSteps
                0x000002ac        0x2 obj/MotorDriver.o
                0x000002ac                _g_u16MotorRewindSteps
 .bss.g_au16MotorSpeedCommutTimerPeriod
                0x000002ae       0x10 obj/MotorDriver.o
                0x000002ae                _g_au16MotorSpeedCommutTimerPeriod
 .bss.g_au16MotorSpeedRPS
                0x000002be       0x10 obj/MotorDriver.o
                0x000002be                _g_au16MotorSpeedRPS
 .bss.l_u16MotorCurrentRawIdx
                0x000002ce        0x2 obj/MotorDriver.o
                0x000002ce                _l_u16MotorCurrentRawIdx
 .bss.l_au16MotorCurrentRaw
                0x000002d0       0x80 obj/MotorDriver.o
                0x000002d0                _l_au16MotorCurrentRaw
 .bss.l_u16SpeedRPM
                0x00000350        0x2 obj/MotorDriver.o
                0x00000350                _l_u16SpeedRPM
 .bss.l_u32Temp
                0x00000352        0x4 obj/MotorDriver.o
                0x00000352                _l_u32Temp
 .bss.l_u16LowSpeedPeriod
                0x00000356        0x2 obj/MotorDriver.o
                0x00000356                _l_u16LowSpeedPeriod
 .bss.l_u16MotorCurrentStallThrshldxN
                0x00000358        0x2 obj/MotorStall.o
                0x00000358                _l_u16MotorCurrentStallThrshldxN
 .bss.g_u16PidCtrlRatio
                0x0000035a        0x2 obj/PID_Control.o
                0x0000035a                _g_u16PidCtrlRatio
 .bss.g_u16PidRunningThreshold
                0x0000035c        0x2 obj/PID_Control.o
                0x0000035c                _g_u16PidRunningThreshold
 .bss.g_u16PidRunningThresholdADC
                0x0000035e        0x2 obj/PID_Control.o
                0x0000035e                _g_u16PidRunningThresholdADC
 .bss.g_u16PidHoldingThreshold
                0x00000360        0x2 obj/PID_Control.o
                0x00000360                _g_u16PidHoldingThreshold
 .bss.l_u16MaxPidCtrlRatio
                0x00000362        0x2 obj/PID_Control.o
                0x00000362                _l_u16MaxPidCtrlRatio
 .bss.g_u16PidHoldingThresholdADC
                0x00000364        0x2 obj/PID_Control.o
                0x00000364                _g_u16PidHoldingThresholdADC
 .bss.l_u16MinCorrectionRatio
                0x00000366        0x2 obj/PID_Control.o
                0x00000366                _l_u16MinCorrectionRatio
 .bss.l_u16MaxCorrectionRatio
                0x00000368        0x2 obj/PID_Control.o
                0x00000368                _l_u16MaxCorrectionRatio
 .bss.LinStatus
                0x0000036a        0x1 /cygdrive/g/MyGitRepository/V1_20200822/files/code/mulan2_platform/lib/lib81315-sae-loader.a(lin.o)
                0x0000036a                _LinStatus
 *fill*         0x0000036b        0x1 
 .bss.page_buffer
                0x0000036c        0x2 /cygdrive/g/MyGitRepository/V1_20200822/files/code/mulan2_platform/lib/lib81315-sae-loader.a(flashfunctions_c_cmp.o)
                0x0000036c                _page_buffer
 .bss.erase_sectors_bitmap
                0x0000036e        0x2 /cygdrive/g/MyGitRepository/V1_20200822/files/code/mulan2_platform/lib/lib81315-sae-loader.a(flashfunctions_c_cmp.o)
 *(COMMON)
                0x00000370                . = ALIGN (0x2)
                0x00000370                __bss_end = .
                0x00000214                __bss_size = (__bss_end - __bss_start)

.noinit         0x00000370        0x0 load address 0x0000ad44
                0x00000370                . = ALIGN (0x2)
                0x00000370                __noinit_start = .
 *(.noinit)
                0x00000370                . = ALIGN (0x2)
                0x00000370                __noinit_end = .
                0x00000000                __noinit_size = (__noinit_end - __noinit_start)

.bist_stat      0x00000370        0x8 load address 0x0000ad44
                0x00000370                . = ALIGN (0x2)
                0x00000370                __bist_stat_start = .
 *(.bist_stat)
 .bist_stat     0x00000370        0x8 /cygdrive/g/MyGitRepository/V1_20200822/files/code/mulan2_platform/lib/lib81315-sae-loader.a(lib_mlx813xx_bist.o)
                0x00000370                _bistHeader
                0x00000372                _bistResetInfo
                0x00000374                _bistError
                0x00000376                _bistErrorInfo
                0x00000378                . = ALIGN (0x2)
                0x00000378                __bist_stat_end = .
                0x00000008                __bist_stat_size = (__bist_stat_end - __bist_stat_start)
                0x00000378                PROVIDE (_stack, .)
                0x00000800                PROVIDE (__end, 0x800)

.ep             0x00001000        0x0
                0x00001000                . = ALIGN (0x2)
                0x00001000                __bss_ep_start = .
 *(.ep)
                0x00001000                . = ALIGN (0x2)
                0x00001000                __bss_ep_end = .

.ep.data        0x00001000        0x0
                0x00001000                . = ALIGN (0x2)
                0x00001000                __data_ep_start = .
 *(.ep.data)
                0x00001000                . = ALIGN (0x2)
                0x00001000                __data_ep_end = .
OUTPUT(MLX81315A_S03_VALVE.elf elf32-mlx16-x8)

.debug_abbrev   0x00000000     0x29fb
 .debug_abbrev  0x00000000      0x27a obj/main.o
 .debug_abbrev  0x0000027a       0x61 obj/app_version.o
 .debug_abbrev  0x000002db      0x288 obj/LIN_Communication.o
 .debug_abbrev  0x00000563      0x20e obj/LIN_2x.o
 .debug_abbrev  0x00000771       0x2a obj/LIN_SAE_J2602.o
 .debug_abbrev  0x0000079b      0x253 obj/LIN_Diagnostics.o
 .debug_abbrev  0x000009ee      0x1aa obj/ADC.o
 .debug_abbrev  0x00000b98      0x125 obj/Diagnostic.o
 .debug_abbrev  0x00000cbd      0x168 obj/ErrorCodes.o
 .debug_abbrev  0x00000e25      0x23f obj/MotorDriver.o
 .debug_abbrev  0x00001064       0x8a obj/MotorDriverTables.o
 .debug_abbrev  0x000010ee       0xfb obj/MotorStall.o
 .debug_abbrev  0x000011e9      0x1c6 obj/NVRAM_UserPage.o
 .debug_abbrev  0x000013af      0x1b8 obj/PID_Control.o
 .debug_abbrev  0x00001567      0x14c obj/Timer.o
 .debug_abbrev  0x000016b3       0x92 obj/SPI_Debug.o
 .debug_abbrev  0x00001745       0x71 obj/fatal.o
 .debug_abbrev  0x000017b6      0x16c /cygdrive/g/MyGitRepository/V1_20200822/files/code/mulan2_platform/lib/lib81315-sae-loader.a(prestart.o)
 .debug_abbrev  0x00001922      0x10a /cygdrive/g/MyGitRepository/V1_20200822/files/code/mulan2_platform/lib/lib81315-sae-loader.a(sys_mlx16.o)
 .debug_abbrev  0x00001a2c       0x60 /cygdrive/g/MyGitRepository/V1_20200822/files/code/mulan2_platform/lib/lib81315-sae-loader.a(lib_mlx813xx_bist.o)
 .debug_abbrev  0x00001a8c      0x115 /cygdrive/g/MyGitRepository/V1_20200822/files/code/mulan2_platform/lib/lib81315-sae-loader.a(nvram.o)
 .debug_abbrev  0x00001ba1      0x170 /cygdrive/g/MyGitRepository/V1_20200822/files/code/mulan2_platform/lib/lib81315-sae-loader.a(lin.o)
 .debug_abbrev  0x00001d11       0x3b /cygdrive/g/MyGitRepository/V1_20200822/files/code/mulan2_platform/lib/lib81315-sae-loader.a(ml_LinInterruptHandler.o)
 .debug_abbrev  0x00001d4c       0xd2 /cygdrive/g/MyGitRepository/V1_20200822/files/code/mulan2_platform/lib/lib81315-sae-loader.a(ml_GetBaudRate.o)
 .debug_abbrev  0x00001e1e       0xf3 /cygdrive/g/MyGitRepository/V1_20200822/files/code/mulan2_platform/lib/lib81315-sae-loader.a(ml_InitLinModule.o)
 .debug_abbrev  0x00001f11      0x258 /cygdrive/g/MyGitRepository/V1_20200822/files/code/mulan2_platform/lib/lib81315-sae-loader.a(flashupload.o)
 .debug_abbrev  0x00002169       0x84 /cygdrive/g/MyGitRepository/V1_20200822/files/code/mulan2_platform/lib/lib81315-sae-loader.a(loader_state.o)
 .debug_abbrev  0x000021ed       0xa8 /cygdrive/g/MyGitRepository/V1_20200822/files/code/mulan2_platform/lib/lib81315-sae-loader.a(loader_get_state.o)
 .debug_abbrev  0x00002295      0x237 /cygdrive/g/MyGitRepository/V1_20200822/files/code/mulan2_platform/lib/lib81315-sae-loader.a(flashfunctions_c_cmp.o)
 .debug_abbrev  0x000024cc       0xde /cygdrive/g/MyGitRepository/V1_20200822/files/code/mulan2_platform/lib/lib81315-sae-loader.a(ml_SetFastBaudRate.o)
 .debug_abbrev  0x000025aa       0x7c /cygdrive/g/MyGitRepository/V1_20200822/files/code/mulan2_platform/lib/lib81315-sae-loader.a(startup.o)
 .debug_abbrev  0x00002626       0x73 /cygdrive/g/MyGitRepository/V1_20200822/files/code/mulan2_platform/lib/lib81315-sae-loader.a(ram_section_init.o)
 .debug_abbrev  0x00002699       0xe1 /cygdrive/g/MyGitRepository/V1_20200822/files/code/mulan2_platform/lib/lib81315-sae-loader.a(low_level_init.o)
 .debug_abbrev  0x0000277a      0x126 /cygdrive/g/MyGitRepository/V1_20200822/files/code/mulan2_platform/lib/lib81315-sae-loader.a(premain.o)
 .debug_abbrev  0x000028a0      0x120 /cygdrive/g/MyGitRepository/V1_20200822/files/code/mulan2_platform/lib/lib81315-sae-loader.a(mlx_ispowerok.o)
 .debug_abbrev  0x000029c0       0x3b /cygdrive/g/MyGitRepository/V1_20200822/files/code/mulan2_platform/lib/lib81315-sae-loader.a(ml_LinInit.o)

.debug_info     0x00000000     0xe4cb
 .debug_info    0x00000000     0x11f5 obj/main.o
 .debug_info    0x000011f5       0xfb obj/app_version.o
 .debug_info    0x000012f0     0x153c obj/LIN_Communication.o
 .debug_info    0x0000282c      0xe7c obj/LIN_2x.o
 .debug_info    0x000036a8       0x5a obj/LIN_SAE_J2602.o
 .debug_info    0x00003702     0x1970 obj/LIN_Diagnostics.o
 .debug_info    0x00005072      0xb4c obj/ADC.o
 .debug_info    0x00005bbe      0xa23 obj/Diagnostic.o
 .debug_info    0x000065e1      0x268 obj/ErrorCodes.o
 .debug_info    0x00006849     0x1ce4 obj/MotorDriver.o
 .debug_info    0x0000852d      0x1c7 obj/MotorDriverTables.o
 .debug_info    0x000086f4      0x887 obj/MotorStall.o
 .debug_info    0x00008f7b      0xfc7 obj/NVRAM_UserPage.o
 .debug_info    0x00009f42     0x11b5 obj/PID_Control.o
 .debug_info    0x0000b0f7      0x3ee obj/Timer.o
 .debug_info    0x0000b4e5       0xf8 obj/SPI_Debug.o
 .debug_info    0x0000b5dd      0x1a4 obj/fatal.o
 .debug_info    0x0000b781      0x423 /cygdrive/g/MyGitRepository/V1_20200822/files/code/mulan2_platform/lib/lib81315-sae-loader.a(prestart.o)
 .debug_info    0x0000bba4      0x1f2 /cygdrive/g/MyGitRepository/V1_20200822/files/code/mulan2_platform/lib/lib81315-sae-loader.a(sys_mlx16.o)
 .debug_info    0x0000bd96       0xd4 /cygdrive/g/MyGitRepository/V1_20200822/files/code/mulan2_platform/lib/lib81315-sae-loader.a(lib_mlx813xx_bist.o)
 .debug_info    0x0000be6a      0x2bf /cygdrive/g/MyGitRepository/V1_20200822/files/code/mulan2_platform/lib/lib81315-sae-loader.a(nvram.o)
 .debug_info    0x0000c129      0x421 /cygdrive/g/MyGitRepository/V1_20200822/files/code/mulan2_platform/lib/lib81315-sae-loader.a(lin.o)
 .debug_info    0x0000c54a       0x65 /cygdrive/g/MyGitRepository/V1_20200822/files/code/mulan2_platform/lib/lib81315-sae-loader.a(ml_LinInterruptHandler.o)
 .debug_info    0x0000c5af      0x15a /cygdrive/g/MyGitRepository/V1_20200822/files/code/mulan2_platform/lib/lib81315-sae-loader.a(ml_GetBaudRate.o)
 .debug_info    0x0000c709      0x22e /cygdrive/g/MyGitRepository/V1_20200822/files/code/mulan2_platform/lib/lib81315-sae-loader.a(ml_InitLinModule.o)
 .debug_info    0x0000c937      0x878 /cygdrive/g/MyGitRepository/V1_20200822/files/code/mulan2_platform/lib/lib81315-sae-loader.a(flashupload.o)
 .debug_info    0x0000d1af      0x125 /cygdrive/g/MyGitRepository/V1_20200822/files/code/mulan2_platform/lib/lib81315-sae-loader.a(loader_state.o)
 .debug_info    0x0000d2d4      0x14b /cygdrive/g/MyGitRepository/V1_20200822/files/code/mulan2_platform/lib/lib81315-sae-loader.a(loader_get_state.o)
 .debug_info    0x0000d41f      0x5a1 /cygdrive/g/MyGitRepository/V1_20200822/files/code/mulan2_platform/lib/lib81315-sae-loader.a(flashfunctions_c_cmp.o)
 .debug_info    0x0000d9c0      0x191 /cygdrive/g/MyGitRepository/V1_20200822/files/code/mulan2_platform/lib/lib81315-sae-loader.a(ml_SetFastBaudRate.o)
 .debug_info    0x0000db51       0xa6 /cygdrive/g/MyGitRepository/V1_20200822/files/code/mulan2_platform/lib/lib81315-sae-loader.a(startup.o)
 .debug_info    0x0000dbf7      0x106 /cygdrive/g/MyGitRepository/V1_20200822/files/code/mulan2_platform/lib/lib81315-sae-loader.a(ram_section_init.o)
 .debug_info    0x0000dcfd      0x2ab /cygdrive/g/MyGitRepository/V1_20200822/files/code/mulan2_platform/lib/lib81315-sae-loader.a(low_level_init.o)
 .debug_info    0x0000dfa8      0x23f /cygdrive/g/MyGitRepository/V1_20200822/files/code/mulan2_platform/lib/lib81315-sae-loader.a(premain.o)
 .debug_info    0x0000e1e7      0x27f /cygdrive/g/MyGitRepository/V1_20200822/files/code/mulan2_platform/lib/lib81315-sae-loader.a(mlx_ispowerok.o)
 .debug_info    0x0000e466       0x65 /cygdrive/g/MyGitRepository/V1_20200822/files/code/mulan2_platform/lib/lib81315-sae-loader.a(ml_LinInit.o)

.debug_line     0x00000000     0x849b
 .debug_line    0x00000000      0xde0 obj/main.o
 .debug_line    0x00000de0       0x8b obj/app_version.o
 .debug_line    0x00000e6b      0x83c obj/LIN_Communication.o
 .debug_line    0x000016a7      0x486 obj/LIN_2x.o
 .debug_line    0x00001b2d       0x7a obj/LIN_SAE_J2602.o
 .debug_line    0x00001ba7      0xd06 obj/LIN_Diagnostics.o
 .debug_line    0x000028ad      0x633 obj/ADC.o
 .debug_line    0x00002ee0      0x3e0 obj/Diagnostic.o
 .debug_line    0x000032c0      0x211 obj/ErrorCodes.o
 .debug_line    0x000034d1      0xd3e obj/MotorDriver.o
 .debug_line    0x0000420f      0x179 obj/MotorDriverTables.o
 .debug_line    0x00004388      0x28e obj/MotorStall.o
 .debug_line    0x00004616      0x6ab obj/NVRAM_UserPage.o
 .debug_line    0x00004cc1      0x51f obj/PID_Control.o
 .debug_line    0x000051e0      0x381 obj/Timer.o
 .debug_line    0x00005561      0x135 obj/SPI_Debug.o
 .debug_line    0x00005696      0x30a obj/fatal.o
 .debug_line    0x000059a0      0x374 /cygdrive/g/MyGitRepository/V1_20200822/files/code/mulan2_platform/lib/lib81315-sae-loader.a(prestart.o)
 .debug_line    0x00005d14      0x183 /cygdrive/g/MyGitRepository/V1_20200822/files/code/mulan2_platform/lib/lib81315-sae-loader.a(sys_mlx16.o)
 .debug_line    0x00005e97      0x10d /cygdrive/g/MyGitRepository/V1_20200822/files/code/mulan2_platform/lib/lib81315-sae-loader.a(lib_mlx813xx_bist.o)
 .debug_line    0x00005fa4      0x305 /cygdrive/g/MyGitRepository/V1_20200822/files/code/mulan2_platform/lib/lib81315-sae-loader.a(nvram.o)
 .debug_line    0x000062a9      0x309 /cygdrive/g/MyGitRepository/V1_20200822/files/code/mulan2_platform/lib/lib81315-sae-loader.a(lin.o)
 .debug_line    0x000065b2       0xbb /cygdrive/g/MyGitRepository/V1_20200822/files/code/mulan2_platform/lib/lib81315-sae-loader.a(ml_LinInterruptHandler.o)
 .debug_line    0x0000666d       0xdd /cygdrive/g/MyGitRepository/V1_20200822/files/code/mulan2_platform/lib/lib81315-sae-loader.a(ml_GetBaudRate.o)
 .debug_line    0x0000674a      0x21e /cygdrive/g/MyGitRepository/V1_20200822/files/code/mulan2_platform/lib/lib81315-sae-loader.a(ml_InitLinModule.o)
 .debug_line    0x00006968      0xa12 /cygdrive/g/MyGitRepository/V1_20200822/files/code/mulan2_platform/lib/lib81315-sae-loader.a(flashupload.o)
 .debug_line    0x0000737a       0xa7 /cygdrive/g/MyGitRepository/V1_20200822/files/code/mulan2_platform/lib/lib81315-sae-loader.a(loader_state.o)
 .debug_line    0x00007421       0xc7 /cygdrive/g/MyGitRepository/V1_20200822/files/code/mulan2_platform/lib/lib81315-sae-loader.a(loader_get_state.o)
 .debug_line    0x000074e8      0x4e8 /cygdrive/g/MyGitRepository/V1_20200822/files/code/mulan2_platform/lib/lib81315-sae-loader.a(flashfunctions_c_cmp.o)
 .debug_line    0x000079d0      0x121 /cygdrive/g/MyGitRepository/V1_20200822/files/code/mulan2_platform/lib/lib81315-sae-loader.a(ml_SetFastBaudRate.o)
 .debug_line    0x00007af1       0xef /cygdrive/g/MyGitRepository/V1_20200822/files/code/mulan2_platform/lib/lib81315-sae-loader.a(startup.o)
 .debug_line    0x00007be0       0xd6 /cygdrive/g/MyGitRepository/V1_20200822/files/code/mulan2_platform/lib/lib81315-sae-loader.a(ram_section_init.o)
 .debug_line    0x00007cb6      0x24d /cygdrive/g/MyGitRepository/V1_20200822/files/code/mulan2_platform/lib/lib81315-sae-loader.a(low_level_init.o)
 .debug_line    0x00007f03      0x29b /cygdrive/g/MyGitRepository/V1_20200822/files/code/mulan2_platform/lib/lib81315-sae-loader.a(premain.o)
 .debug_line    0x0000819e      0x248 /cygdrive/g/MyGitRepository/V1_20200822/files/code/mulan2_platform/lib/lib81315-sae-loader.a(mlx_ispowerok.o)
 .debug_line    0x000083e6       0xb5 /cygdrive/g/MyGitRepository/V1_20200822/files/code/mulan2_platform/lib/lib81315-sae-loader.a(ml_LinInit.o)

.debug_frame    0x00000000     0x1530
 .debug_frame   0x00000000       0xe8 obj/main.o
 .debug_frame   0x000000e8      0x152 obj/LIN_Communication.o
 .debug_frame   0x0000023a       0xdc obj/LIN_2x.o
 .debug_frame   0x00000316      0x44c obj/LIN_Diagnostics.o
 .debug_frame   0x00000762      0x12c obj/ADC.o
 .debug_frame   0x0000088e       0x52 obj/Diagnostic.o
 .debug_frame   0x000008e0       0x5e obj/ErrorCodes.o
 .debug_frame   0x0000093e      0x16c obj/MotorDriver.o
 .debug_frame   0x00000aaa       0x3a obj/MotorStall.o
 .debug_frame   0x00000ae4      0x272 obj/NVRAM_UserPage.o
 .debug_frame   0x00000d56       0x76 obj/PID_Control.o
 .debug_frame   0x00000dcc       0x46 obj/Timer.o
 .debug_frame   0x00000e12       0x22 obj/SPI_Debug.o
 .debug_frame   0x00000e34       0x2e obj/fatal.o
 .debug_frame   0x00000e62       0x3a /cygdrive/g/MyGitRepository/V1_20200822/files/code/mulan2_platform/lib/lib81315-sae-loader.a(prestart.o)
 .debug_frame   0x00000e9c       0x22 /cygdrive/g/MyGitRepository/V1_20200822/files/code/mulan2_platform/lib/lib81315-sae-loader.a(sys_mlx16.o)
 .debug_frame   0x00000ebe       0x46 /cygdrive/g/MyGitRepository/V1_20200822/files/code/mulan2_platform/lib/lib81315-sae-loader.a(nvram.o)
 .debug_frame   0x00000f04       0x86 /cygdrive/g/MyGitRepository/V1_20200822/files/code/mulan2_platform/lib/lib81315-sae-loader.a(lin.o)
 .debug_frame   0x00000f8a       0x22 /cygdrive/g/MyGitRepository/V1_20200822/files/code/mulan2_platform/lib/lib81315-sae-loader.a(ml_LinInterruptHandler.o)
 .debug_frame   0x00000fac       0x2e /cygdrive/g/MyGitRepository/V1_20200822/files/code/mulan2_platform/lib/lib81315-sae-loader.a(ml_GetBaudRate.o)
 .debug_frame   0x00000fda       0x22 /cygdrive/g/MyGitRepository/V1_20200822/files/code/mulan2_platform/lib/lib81315-sae-loader.a(ml_InitLinModule.o)
 .debug_frame   0x00000ffc      0x2e2 /cygdrive/g/MyGitRepository/V1_20200822/files/code/mulan2_platform/lib/lib81315-sae-loader.a(flashupload.o)
 .debug_frame   0x000012de       0x22 /cygdrive/g/MyGitRepository/V1_20200822/files/code/mulan2_platform/lib/lib81315-sae-loader.a(loader_get_state.o)
 .debug_frame   0x00001300       0xbe /cygdrive/g/MyGitRepository/V1_20200822/files/code/mulan2_platform/lib/lib81315-sae-loader.a(flashfunctions_c_cmp.o)
 .debug_frame   0x000013be       0x48 /cygdrive/g/MyGitRepository/V1_20200822/files/code/mulan2_platform/lib/lib81315-sae-loader.a(ml_SetFastBaudRate.o)
 .debug_frame   0x00001406       0x22 /cygdrive/g/MyGitRepository/V1_20200822/files/code/mulan2_platform/lib/lib81315-sae-loader.a(startup.o)
 .debug_frame   0x00001428       0x22 /cygdrive/g/MyGitRepository/V1_20200822/files/code/mulan2_platform/lib/lib81315-sae-loader.a(ram_section_init.o)
 .debug_frame   0x0000144a       0x2e /cygdrive/g/MyGitRepository/V1_20200822/files/code/mulan2_platform/lib/lib81315-sae-loader.a(low_level_init.o)
 .debug_frame   0x00001478       0x2e /cygdrive/g/MyGitRepository/V1_20200822/files/code/mulan2_platform/lib/lib81315-sae-loader.a(premain.o)
 .debug_frame   0x000014a6       0x2e /cygdrive/g/MyGitRepository/V1_20200822/files/code/mulan2_platform/lib/lib81315-sae-loader.a(mlx_ispowerok.o)
 .debug_frame   0x000014d4       0x5c /cygdrive/g/MyGitRepository/V1_20200822/files/code/mulan2_platform/lib/lib81315-sae-loader.a(ml_LinInit.o)

.debug_pubnames
                0x00000000     0x1cef
 .debug_pubnames
                0x00000000      0x571 obj/main.o
 .debug_pubnames
                0x00000571       0x55 obj/app_version.o
 .debug_pubnames
                0x000005c6      0x37e obj/LIN_Communication.o
 .debug_pubnames
                0x00000944      0x15f obj/LIN_2x.o
 .debug_pubnames
                0x00000aa3       0xef obj/LIN_Diagnostics.o
 .debug_pubnames
                0x00000b92      0x2ac obj/ADC.o
 .debug_pubnames
                0x00000e3e       0x7e obj/Diagnostic.o
 .debug_pubnames
                0x00000ebc       0x6f obj/ErrorCodes.o
 .debug_pubnames
                0x00000f2b      0x3ef obj/MotorDriver.o
 .debug_pubnames
                0x0000131a       0x7c obj/MotorDriverTables.o
 .debug_pubnames
                0x00001396       0x87 obj/MotorStall.o
 .debug_pubnames
                0x0000141d      0x11a obj/NVRAM_UserPage.o
 .debug_pubnames
                0x00001537      0x1d6 obj/PID_Control.o
 .debug_pubnames
                0x0000170d       0x64 obj/Timer.o
 .debug_pubnames
                0x00001771       0x23 obj/SPI_Debug.o
 .debug_pubnames
                0x00001794       0x2a obj/fatal.o
 .debug_pubnames
                0x000017be       0x2e /cygdrive/g/MyGitRepository/V1_20200822/files/code/mulan2_platform/lib/lib81315-sae-loader.a(prestart.o)
 .debug_pubnames
                0x000017ec       0x22 /cygdrive/g/MyGitRepository/V1_20200822/files/code/mulan2_platform/lib/lib81315-sae-loader.a(sys_mlx16.o)
 .debug_pubnames
                0x0000180e       0x53 /cygdrive/g/MyGitRepository/V1_20200822/files/code/mulan2_platform/lib/lib81315-sae-loader.a(lib_mlx813xx_bist.o)
 .debug_pubnames
                0x00001861       0x5e /cygdrive/g/MyGitRepository/V1_20200822/files/code/mulan2_platform/lib/lib81315-sae-loader.a(nvram.o)
 .debug_pubnames
                0x000018bf       0xd4 /cygdrive/g/MyGitRepository/V1_20200822/files/code/mulan2_platform/lib/lib81315-sae-loader.a(lin.o)
 .debug_pubnames
                0x00001993       0x2d /cygdrive/g/MyGitRepository/V1_20200822/files/code/mulan2_platform/lib/lib81315-sae-loader.a(ml_LinInterruptHandler.o)
 .debug_pubnames
                0x000019c0       0x25 /cygdrive/g/MyGitRepository/V1_20200822/files/code/mulan2_platform/lib/lib81315-sae-loader.a(ml_GetBaudRate.o)
 .debug_pubnames
                0x000019e5       0x27 /cygdrive/g/MyGitRepository/V1_20200822/files/code/mulan2_platform/lib/lib81315-sae-loader.a(ml_InitLinModule.o)
 .debug_pubnames
                0x00001a0c       0xb6 /cygdrive/g/MyGitRepository/V1_20200822/files/code/mulan2_platform/lib/lib81315-sae-loader.a(flashupload.o)
 .debug_pubnames
                0x00001ac2       0x38 /cygdrive/g/MyGitRepository/V1_20200822/files/code/mulan2_platform/lib/lib81315-sae-loader.a(loader_state.o)
 .debug_pubnames
                0x00001afa       0x23 /cygdrive/g/MyGitRepository/V1_20200822/files/code/mulan2_platform/lib/lib81315-sae-loader.a(loader_get_state.o)
 .debug_pubnames
                0x00001b1d       0xdb /cygdrive/g/MyGitRepository/V1_20200822/files/code/mulan2_platform/lib/lib81315-sae-loader.a(flashfunctions_c_cmp.o)
 .debug_pubnames
                0x00001bf8       0x29 /cygdrive/g/MyGitRepository/V1_20200822/files/code/mulan2_platform/lib/lib81315-sae-loader.a(ml_SetFastBaudRate.o)
 .debug_pubnames
                0x00001c21       0x1c /cygdrive/g/MyGitRepository/V1_20200822/files/code/mulan2_platform/lib/lib81315-sae-loader.a(startup.o)
 .debug_pubnames
                0x00001c3d       0x28 /cygdrive/g/MyGitRepository/V1_20200822/files/code/mulan2_platform/lib/lib81315-sae-loader.a(ram_section_init.o)
 .debug_pubnames
                0x00001c65       0x26 /cygdrive/g/MyGitRepository/V1_20200822/files/code/mulan2_platform/lib/lib81315-sae-loader.a(low_level_init.o)
 .debug_pubnames
                0x00001c8b       0x1f /cygdrive/g/MyGitRepository/V1_20200822/files/code/mulan2_platform/lib/lib81315-sae-loader.a(premain.o)
 .debug_pubnames
                0x00001caa       0x24 /cygdrive/g/MyGitRepository/V1_20200822/files/code/mulan2_platform/lib/lib81315-sae-loader.a(mlx_ispowerok.o)
 .debug_pubnames
                0x00001cce       0x21 /cygdrive/g/MyGitRepository/V1_20200822/files/code/mulan2_platform/lib/lib81315-sae-loader.a(ml_LinInit.o)

.debug_aranges  0x00000000      0x480
 .debug_aranges
                0x00000000       0x2c obj/main.o
 .debug_aranges
                0x0000002c       0x58 obj/LIN_Communication.o
 .debug_aranges
                0x00000084       0x2c obj/LIN_2x.o
 .debug_aranges
                0x000000b0       0x28 obj/LIN_Diagnostics.o
 .debug_aranges
                0x000000d8       0x58 obj/ADC.o
 .debug_aranges
                0x00000130       0x20 obj/Diagnostic.o
 .debug_aranges
                0x00000150       0x20 obj/ErrorCodes.o
 .debug_aranges
                0x00000170       0x38 obj/MotorDriver.o
 .debug_aranges
                0x000001a8       0x1c obj/MotorStall.o
 .debug_aranges
                0x000001c4       0x40 obj/NVRAM_UserPage.o
 .debug_aranges
                0x00000204       0x24 obj/PID_Control.o
 .debug_aranges
                0x00000228       0x20 obj/Timer.o
 .debug_aranges
                0x00000248       0x18 obj/SPI_Debug.o
 .debug_aranges
                0x00000260       0x1c obj/fatal.o
 .debug_aranges
                0x0000027c       0x1c /cygdrive/g/MyGitRepository/V1_20200822/files/code/mulan2_platform/lib/lib81315-sae-loader.a(prestart.o)
 .debug_aranges
                0x00000298       0x18 /cygdrive/g/MyGitRepository/V1_20200822/files/code/mulan2_platform/lib/lib81315-sae-loader.a(sys_mlx16.o)
 .debug_aranges
                0x000002b0       0x24 /cygdrive/g/MyGitRepository/V1_20200822/files/code/mulan2_platform/lib/lib81315-sae-loader.a(nvram.o)
 .debug_aranges
                0x000002d4       0x24 /cygdrive/g/MyGitRepository/V1_20200822/files/code/mulan2_platform/lib/lib81315-sae-loader.a(lin.o)
 .debug_aranges
                0x000002f8       0x18 /cygdrive/g/MyGitRepository/V1_20200822/files/code/mulan2_platform/lib/lib81315-sae-loader.a(ml_LinInterruptHandler.o)
 .debug_aranges
                0x00000310       0x18 /cygdrive/g/MyGitRepository/V1_20200822/files/code/mulan2_platform/lib/lib81315-sae-loader.a(ml_GetBaudRate.o)
 .debug_aranges
                0x00000328       0x18 /cygdrive/g/MyGitRepository/V1_20200822/files/code/mulan2_platform/lib/lib81315-sae-loader.a(ml_InitLinModule.o)
 .debug_aranges
                0x00000340       0x44 /cygdrive/g/MyGitRepository/V1_20200822/files/code/mulan2_platform/lib/lib81315-sae-loader.a(flashupload.o)
 .debug_aranges
                0x00000384       0x18 /cygdrive/g/MyGitRepository/V1_20200822/files/code/mulan2_platform/lib/lib81315-sae-loader.a(loader_get_state.o)
 .debug_aranges
                0x0000039c       0x3c /cygdrive/g/MyGitRepository/V1_20200822/files/code/mulan2_platform/lib/lib81315-sae-loader.a(flashfunctions_c_cmp.o)
 .debug_aranges
                0x000003d8       0x18 /cygdrive/g/MyGitRepository/V1_20200822/files/code/mulan2_platform/lib/lib81315-sae-loader.a(ml_SetFastBaudRate.o)
 .debug_aranges
                0x000003f0       0x18 /cygdrive/g/MyGitRepository/V1_20200822/files/code/mulan2_platform/lib/lib81315-sae-loader.a(startup.o)
 .debug_aranges
                0x00000408       0x18 /cygdrive/g/MyGitRepository/V1_20200822/files/code/mulan2_platform/lib/lib81315-sae-loader.a(ram_section_init.o)
 .debug_aranges
                0x00000420       0x18 /cygdrive/g/MyGitRepository/V1_20200822/files/code/mulan2_platform/lib/lib81315-sae-loader.a(low_level_init.o)
 .debug_aranges
                0x00000438       0x18 /cygdrive/g/MyGitRepository/V1_20200822/files/code/mulan2_platform/lib/lib81315-sae-loader.a(premain.o)
 .debug_aranges
                0x00000450       0x18 /cygdrive/g/MyGitRepository/V1_20200822/files/code/mulan2_platform/lib/lib81315-sae-loader.a(mlx_ispowerok.o)
 .debug_aranges
                0x00000468       0x18 /cygdrive/g/MyGitRepository/V1_20200822/files/code/mulan2_platform/lib/lib81315-sae-loader.a(ml_LinInit.o)

.debug_str      0x00000000     0x39b0
 .debug_str     0x00000000      0xe91 obj/main.o
                                0xf90 (size before relaxing)
 .debug_str     0x00000e91       0x41 obj/app_version.o
                                 0xff (size before relaxing)
 .debug_str     0x00000ed2      0x9e8 obj/LIN_Communication.o
                               0x1283 (size before relaxing)
 .debug_str     0x000018ba      0x1d1 obj/LIN_2x.o
                                0xccf (size before relaxing)
 .debug_str     0x00001a8b       0x10 obj/LIN_SAE_J2602.o
                                 0xba (size before relaxing)
 .debug_str     0x00001a9b      0x291 obj/LIN_Diagnostics.o
                               0x10f1 (size before relaxing)
 .debug_str     0x00001d2c      0x329 obj/ADC.o
                                0x8f8 (size before relaxing)
 .debug_str     0x00002055       0xb8 obj/Diagnostic.o
                                0x8fa (size before relaxing)
 .debug_str     0x0000210d       0xa2 obj/ErrorCodes.o
                                0x1d5 (size before relaxing)
 .debug_str     0x000021af      0x611 obj/MotorDriver.o
                               0x156d (size before relaxing)
 .debug_str     0x000027c0       0x14 obj/MotorDriverTables.o
                                0x19a (size before relaxing)
 .debug_str     0x000027d4       0x4b obj/MotorStall.o
                                0x7cb (size before relaxing)
 .debug_str     0x0000281f      0x22a obj/NVRAM_UserPage.o
                                0xcb4 (size before relaxing)
 .debug_str     0x00002a49      0x216 obj/PID_Control.o
                                0xe91 (size before relaxing)
 .debug_str     0x00002c5f       0x43 obj/Timer.o
                                0x35c (size before relaxing)
 .debug_str     0x00002ca2       0x5a obj/SPI_Debug.o
                                0x119 (size before relaxing)
 .debug_str     0x00002cfc       0x2b obj/fatal.o
                                0x191 (size before relaxing)
 .debug_str     0x00002d27      0x198 /cygdrive/g/MyGitRepository/V1_20200822/files/code/mulan2_platform/lib/lib81315-sae-loader.a(prestart.o)
                                0x318 (size before relaxing)
 .debug_str     0x00002ebf       0x3c /cygdrive/g/MyGitRepository/V1_20200822/files/code/mulan2_platform/lib/lib81315-sae-loader.a(sys_mlx16.o)
                                0x1cf (size before relaxing)
 .debug_str     0x00002efb       0x22 /cygdrive/g/MyGitRepository/V1_20200822/files/code/mulan2_platform/lib/lib81315-sae-loader.a(lib_mlx813xx_bist.o)
                                0x12c (size before relaxing)
 .debug_str     0x00002f1d       0xa6 /cygdrive/g/MyGitRepository/V1_20200822/files/code/mulan2_platform/lib/lib81315-sae-loader.a(nvram.o)
                                0x1d1 (size before relaxing)
 .debug_str     0x00002fc3      0x188 /cygdrive/g/MyGitRepository/V1_20200822/files/code/mulan2_platform/lib/lib81315-sae-loader.a(lin.o)
                                0x40c (size before relaxing)
 .debug_str     0x0000314b       0x30 /cygdrive/g/MyGitRepository/V1_20200822/files/code/mulan2_platform/lib/lib81315-sae-loader.a(ml_LinInterruptHandler.o)
                                 0xf1 (size before relaxing)